Component: ARM Compiler 5.06 update 7 (build 960) Tool: armlink [4d3601]

==============================================================================

Section Cross References

    startup_stm32f407xx.o(STACK) refers (Special) to heapauxi.o(.text) for __use_two_region_memory
    startup_stm32f407xx.o(HEAP) refers (Special) to heapauxi.o(.text) for __use_two_region_memory
    startup_stm32f407xx.o(RESET) refers (Special) to heapauxi.o(.text) for __use_two_region_memory
    startup_stm32f407xx.o(RESET) refers to startup_stm32f407xx.o(STACK) for __initial_sp
    startup_stm32f407xx.o(RESET) refers to startup_stm32f407xx.o(.text) for Reset_Handler
    startup_stm32f407xx.o(RESET) refers to stm32f4xx_it.o(i.NMI_Handler) for NMI_Handler
    startup_stm32f407xx.o(RESET) refers to stm32f4xx_it.o(i.HardFault_Handler) for HardFault_Handler
    startup_stm32f407xx.o(RESET) refers to stm32f4xx_it.o(i.MemManage_Handler) for MemManage_Handler
    startup_stm32f407xx.o(RESET) refers to stm32f4xx_it.o(i.BusFault_Handler) for BusFault_Handler
    startup_stm32f407xx.o(RESET) refers to stm32f4xx_it.o(i.UsageFault_Handler) for UsageFault_Handler
    startup_stm32f407xx.o(RESET) refers to port.o(.emb_text) for SVC_Handler
    startup_stm32f407xx.o(RESET) refers to stm32f4xx_it.o(i.DebugMon_Handler) for DebugMon_Handler
    startup_stm32f407xx.o(RESET) refers to delay.o(i.SysTick_Handler) for SysTick_Handler
    startup_stm32f407xx.o(RESET) refers to btim.o(i.TIM3_IRQHandler) for TIM3_IRQHandler
    startup_stm32f407xx.o(RESET) refers to usart.o(i.USART1_IRQHandler) for USART1_IRQHandler
    startup_stm32f407xx.o(RESET) refers to usbd_conf.o(i.OTG_FS_IRQHandler) for OTG_FS_IRQHandler
    startup_stm32f407xx.o(.text) refers (Special) to heapauxi.o(.text) for __use_two_region_memory
    startup_stm32f407xx.o(.text) refers to system_stm32f4xx.o(i.SystemInit) for SystemInit
    startup_stm32f407xx.o(.text) refers to __main.o(!!!main) for __main
    startup_stm32f407xx.o(.text) refers to startup_stm32f407xx.o(HEAP) for Heap_Mem
    startup_stm32f407xx.o(.text) refers to startup_stm32f407xx.o(STACK) for Stack_Mem
    main.o(i.main) refers to _printf_percent.o(.ARM.Collect$$_printf_percent$$00000000) for _printf_percent
    main.o(i.main) refers to _printf_lld.o(.ARM.Collect$$_printf_percent$$0000000E) for _printf_lld
    main.o(i.main) refers to _printf_longlong_dec.o(.text) for _printf_longlong_dec
    main.o(i.main) refers to stm32f4xx_hal.o(i.HAL_Init) for HAL_Init
    main.o(i.main) refers to sys.o(i.sys_stm32_clock_init) for sys_stm32_clock_init
    main.o(i.main) refers to delay.o(i.delay_init) for delay_init
    main.o(i.main) refers to usart.o(i.usart_init) for usart_init
    main.o(i.main) refers to led.o(i.led_init) for led_init
    main.o(i.main) refers to sram.o(i.sram_init) for sram_init
    main.o(i.main) refers to norflash.o(i.norflash_init) for norflash_init
    main.o(i.main) refers to malloc.o(i.my_mem_init) for my_mem_init
    main.o(i.main) refers to sdio_sdcard.o(i.sd_init) for sd_init
    main.o(i.main) refers to __2printf.o(.text) for __2printf
    main.o(i.main) refers to norflash.o(i.norflash_read_id) for norflash_read_id
    main.o(i.main) refers to usbd_core.o(i.USBD_Init) for USBD_Init
    main.o(i.main) refers to usbd_core.o(i.USBD_RegisterClass) for USBD_RegisterClass
    main.o(i.main) refers to usbd_msc.o(i.USBD_MSC_RegisterStorage) for USBD_MSC_RegisterStorage
    main.o(i.main) refers to usbd_core.o(i.USBD_Start) for USBD_Start
    main.o(i.main) refers to delay.o(i.delay_ms) for delay_ms
    main.o(i.main) refers to stm32f4xx_hal_gpio.o(i.HAL_GPIO_WritePin) for HAL_GPIO_WritePin
    main.o(i.main) refers to stm32f4xx_hal_gpio.o(i.HAL_GPIO_TogglePin) for HAL_GPIO_TogglePin
    main.o(i.main) refers to sdio_sdcard.o(.bss) for g_sd_card_info_handle
    main.o(i.main) refers to usbd_desc.o(.data) for MSC_Desc
    main.o(i.main) refers to main.o(.bss) for .bss
    main.o(i.main) refers to usbd_msc.o(.data) for USBD_MSC
    main.o(i.main) refers to usbd_storage.o(.data) for USBD_DISK_fops
    main.o(i.main) refers to usbd_conf.o(.data) for g_device_state
    main.o(i.main) refers to usbd_storage.o(.data) for g_usb_state_reg
    system_stm32f4xx.o(i.SystemCoreClockUpdate) refers to system_stm32f4xx.o(.data) for .data
    system_stm32f4xx.o(i.SystemCoreClockUpdate) refers to system_stm32f4xx.o(.constdata) for .constdata
    delay.o(i.HAL_Delay) refers to delay.o(i.delay_ms) for delay_ms
    delay.o(i.SysTick_Handler) refers to stm32f4xx_hal.o(i.HAL_IncTick) for HAL_IncTick
    delay.o(i.SysTick_Handler) refers to tasks.o(i.xTaskGetSchedulerState) for xTaskGetSchedulerState
    delay.o(i.SysTick_Handler) refers to port.o(i.xPortSysTickHandler) for xPortSysTickHandler
    delay.o(i.delay_init) refers to stm32f4xx_hal_cortex.o(i.HAL_SYSTICK_CLKSourceConfig) for HAL_SYSTICK_CLKSourceConfig
    delay.o(i.delay_init) refers to delay.o(.data) for .data
[...]
    FSMC_NORSRAM_Extended_Timing_Init        0x0800098d   Thumb Code    60  stm32f4xx_ll_fsmc.o(i.FSMC_NORSRAM_Extended_Timing_Init)
    FSMC_NORSRAM_Init                        0x080009cd   Thumb Code    80  stm32f4xx_ll_fsmc.o(i.FSMC_NORSRAM_Init)
    FSMC_NORSRAM_Timing_Init                 0x08000a21   Thumb Code    62  stm32f4xx_ll_fsmc.o(i.FSMC_NORSRAM_Timing_Init)
    HAL_DMA_Abort                            0x08000a99   Thumb Code   142  stm32f4xx_hal_dma.o(i.HAL_DMA_Abort)
    HAL_DMA_Abort_IT                         0x08000b27   Thumb Code    36  stm32f4xx_hal_dma.o(i.HAL_DMA_Abort_IT)
    HAL_Delay                                0x08000b4b   Thumb Code     6  delay.o(i.HAL_Delay)
    HAL_GPIO_Init                            0x08000b51   Thumb Code   418  stm32f4xx_hal_gpio.o(i.HAL_GPIO_Init)
    HAL_GPIO_TogglePin                       0x08000d21   Thumb Code    16  stm32f4xx_hal_gpio.o(i.HAL_GPIO_TogglePin)
    HAL_GPIO_WritePin                        0x08000d31   Thumb Code    14  stm32f4xx_hal_gpio.o(i.HAL_GPIO_WritePin)
    HAL_GetREVID                             0x08000d41   Thumb Code     8  stm32f4xx_hal.o(i.HAL_GetREVID)
    HAL_GetTick                              0x08000d4d   Thumb Code     6  stm32f4xx_hal.o(i.HAL_GetTick)
    HAL_IncTick                              0x08000d59   Thumb Code    12  stm32f4xx_hal.o(i.HAL_IncTick)
    HAL_Init                                 0x08000d69   Thumb Code    40  stm32f4xx_hal.o(i.HAL_Init)
    HAL_InitTick                             0x08000d95   Thumb Code    58  stm32f4xx_hal.o(i.HAL_InitTick)
    HAL_MspInit                              0x08000dd9   Thumb Code     2  stm32f4xx_hal.o(i.HAL_MspInit)
    HAL_NVIC_EnableIRQ                       0x08000ddb   Thumb Code    26  stm32f4xx_hal_cortex.o(i.HAL_NVIC_EnableIRQ)
    HAL_NVIC_SetPriority                     0x08000df5   Thumb Code    60  stm32f4xx_hal_cortex.o(i.HAL_NVIC_SetPriority)
    HAL_NVIC_SetPriorityGrouping             0x08000e35   Thumb Code    26  stm32f4xx_hal_cortex.o(i.HAL_NVIC_SetPriorityGrouping)
    HAL_PCDEx_LPM_Callback                   0x08000e59   Thumb Code     2  stm32f4xx_hal_pcd_ex.o(i.HAL_PCDEx_LPM_Callback)
    HAL_PCDEx_SetRxFiFo                      0x08000e5b   Thumb Code     8  stm32f4xx_hal_pcd_ex.o(i.HAL_PCDEx_SetRxFiFo)
    HAL_PCDEx_SetTxFiFo                      0x08000e63   Thumb Code    66  stm32f4xx_hal_pcd_ex.o(i.HAL_PCDEx_SetTxFiFo)
    HAL_PCD_ConnectCallback                  0x08000ea5   Thumb Code    28  usbd_conf.o(i.HAL_PCD_ConnectCallback)
    HAL_PCD_DataInStageCallback              0x08000ee1   Thumb Code    18  usbd_conf.o(i.HAL_PCD_DataInStageCallback)
    HAL_PCD_DataOutStageCallback             0x08000ef3   Thumb Code    20  usbd_conf.o(i.HAL_PCD_DataOutStageCallback)
    HAL_PCD_DisconnectCallback               0x08000f09   Thumb Code    28  usbd_conf.o(i.HAL_PCD_DisconnectCallback)
    HAL_PCD_EP_Close                         0x08000f4d   Thumb Code    72  stm32f4xx_hal_pcd.o(i.HAL_PCD_EP_Close)
    HAL_PCD_EP_ClrStall                      0x08000f95   Thumb Code    88  stm32f4xx_hal_pcd.o(i.HAL_PCD_EP_ClrStall)
    HAL_PCD_EP_Flush                         0x08000fed   Thumb Code    52  stm32f4xx_hal_pcd.o(i.HAL_PCD_EP_Flush)
    HAL_PCD_EP_GetRxCount                    0x08001021   Thumb Code    18  stm32f4xx_hal_pcd.o(i.HAL_PCD_EP_GetRxCount)
    HAL_PCD_EP_Open                          0x08001033   Thumb Code    92  stm32f4xx_hal_pcd.o(i.HAL_PCD_EP_Open)
    HAL_PCD_EP_Receive                       0x0800108f   Thumb Code    66  stm32f4xx_hal_pcd.o(i.HAL_PCD_EP_Receive)
    HAL_PCD_EP_SetStall                      0x080010d1   Thumb Code   112  stm32f4xx_hal_pcd.o(i.HAL_PCD_EP_SetStall)
    HAL_PCD_EP_Transmit                      0x08001141   Thumb Code    66  stm32f4xx_hal_pcd.o(i.HAL_PCD_EP_Transmit)
    HAL_PCD_IRQHandler                       0x08001185   Thumb Code  1022  stm32f4xx_hal_pcd.o(i.HAL_PCD_IRQHandler)
    HAL_PCD_ISOINIncompleteCallback          0x080015b9   Thumb Code     8  usbd_conf.o(i.HAL_PCD_ISOINIncompleteCallback)
    HAL_PCD_ISOOUTIncompleteCallback         0x080015c1   Thumb Code     8  usbd_conf.o(i.HAL_PCD_ISOOUTIncompleteCallback)
    HAL_PCD_Init                             0x080015c9   Thumb Code   228  stm32f4xx_hal_pcd.o(i.HAL_PCD_Init)
    HAL_PCD_MspInit                          0x080016ad   Thumb Code   122  usbd_conf.o(i.HAL_PCD_MspInit)
    HAL_PCD_ResetCallback                    0x08001731   Thumb Code    62  usbd_conf.o(i.HAL_PCD_ResetCallback)
    HAL_PCD_ResumeCallback                   0x080017c5   Thumb Code    22  usbd_conf.o(i.HAL_PCD_ResumeCallback)
    HAL_PCD_SOFCallback                      0x080017f1   Thumb Code     8  usbd_conf.o(i.HAL_PCD_SOFCallback)
    HAL_PCD_SetAddress                       0x080017f9   Thumb Code    40  stm32f4xx_hal_pcd.o(i.HAL_PCD_SetAddress)
    HAL_PCD_SetupStageCallback               0x08001821   Thumb Code    14  usbd_conf.o(i.HAL_PCD_SetupStageCallback)
    HAL_PCD_Start                            0x0800182f   Thumb Code    66  stm32f4xx_hal_pcd.o(i.HAL_PCD_Start)
    HAL_PCD_SuspendCallback                  0x08001871   Thumb Code    28  usbd_conf.o(i.HAL_PCD_SuspendCallback)
    HAL_RCC_ClockConfig                      0x080018ad   Thumb Code   310  stm32f4xx_hal_rcc.o(i.HAL_RCC_ClockConfig)
    HAL_RCC_GetHCLKFreq                      0x080019f9   Thumb Code     6  stm32f4xx_hal_rcc.o(i.HAL_RCC_GetHCLKFreq)
    HAL_RCC_GetPCLK1Freq                     0x08001a05   Thumb Code    22  stm32f4xx_hal_rcc.o(i.HAL_RCC_GetPCLK1Freq)
    HAL_RCC_GetPCLK2Freq                     0x08001a25   Thumb Code    22  stm32f4xx_hal_rcc.o(i.HAL_RCC_GetPCLK2Freq)
    HAL_RCC_GetSysClockFreq                  0x08001a45   Thumb Code    94  stm32f4xx_hal_rcc.o(i.HAL_RCC_GetSysClockFreq)
    HAL_RCC_OscConfig                        0x08001aad   Thumb Code   942  stm32f4xx_hal_rcc.o(i.HAL_RCC_OscConfig)
    HAL_SD_ConfigWideBusOperation            0x08001e6d   Thumb Code   192  stm32f4xx_hal_sd.o(i.HAL_SD_ConfigWideBusOperation)
    HAL_SD_GetCardCSD                        0x08001f31   Thumb Code   398  stm32f4xx_hal_sd.o(i.HAL_SD_GetCardCSD)
    HAL_SD_GetCardInfo                       0x080020c5   Thumb Code    36  stm32f4xx_hal_sd.o(i.HAL_SD_GetCardInfo)
    HAL_SD_GetCardState                      0x080020e9   Thumb Code    32  stm32f4xx_hal_sd.o(i.HAL_SD_GetCardState)
    HAL_SD_Init                              0x08002109   Thumb Code    62  stm32f4xx_hal_sd.o(i.HAL_SD_Init)
    HAL_SD_InitCard                          0x08002149   Thumb Code   142  stm32f4xx_hal_sd.o(i.HAL_SD_InitCard)
    HAL_SD_MspInit                           0x080021e1   Thumb Code   216  sdio_sdcard.o(i.HAL_SD_MspInit)
    HAL_SD_ReadBlocks                        0x080022c5   Thumb Code   542  stm32f4xx_hal_sd.o(i.HAL_SD_ReadBlocks)
    HAL_SD_WriteBlocks                       0x080024e9   Thumb Code   488  stm32f4xx_hal_sd.o(i.HAL_SD_WriteBlocks)
    HAL_SPI_Init                             0x080026d5   Thumb Code   206  stm32f4xx_hal_spi.o(i.HAL_SPI_Init)
    HAL_SPI_MspInit                          0x080027a5   Thumb Code   118  spi.o(i.HAL_SPI_MspInit)
    HAL_SPI_TransmitReceive                  0x08002829   Thumb Code   636  stm32f4xx_hal_spi.o(i.HAL_SPI_TransmitReceive)
    HAL_SRAM_Init                            0x08002aa5   Thumb Code    88  stm32f4xx_hal_sram.o(i.HAL_SRAM_Init)
    HAL_SRAM_MspInit                         0x08002afd   Thumb Code     2  stm32f4xx_hal_sram.o(i.HAL_SRAM_MspInit)
    HAL_SYSTICK_CLKSourceConfig              0x08002aff   Thumb Code    28  stm32f4xx_hal_cortex.o(i.HAL_SYSTICK_CLKSourceConfig)
    HAL_SYSTICK_Config                       0x08002b1b   Thumb Code    40  stm32f4xx_hal_cortex.o(i.HAL_SYSTICK_Config)
    HAL_TIMEx_BreakCallback                  0x08002b43   Thumb Code     2  stm32f4xx_hal_tim_ex.o(i.HAL_TIMEx_BreakCallback)
    HAL_TIMEx_CommutCallback                 0x08002b45   Thumb Code     2  stm32f4xx_hal_tim_ex.o(i.HAL_TIMEx_CommutCallback)
    HAL_TIM_IC_CaptureCallback               0x08002b47   Thumb Code     2  stm32f4xx_hal_tim.o(i.HAL_TIM_IC_CaptureCallback)
    HAL_TIM_IRQHandler                       0x08002b49   Thumb Code   366  stm32f4xx_hal_tim.o(i.HAL_TIM_IRQHandler)
    HAL_TIM_OC_DelayElapsedCallback          0x08002cb7   Thumb Code     2  stm32f4xx_hal_tim.o(i.HAL_TIM_OC_DelayElapsedCallback)
    HAL_TIM_PWM_PulseFinishedCallback        0x08002cb9   Thumb Code     2  stm32f4xx_hal_tim.o(i.HAL_TIM_PWM_PulseFinishedCallback)
    HAL_TIM_PeriodElapsedCallback            0x08002cbd   Thumb Code    18  btim.o(i.HAL_TIM_PeriodElapsedCallback)
    HAL_TIM_TriggerCallback                  0x08002cd9   Thumb Code     2  stm32f4xx_hal_tim.o(i.HAL_TIM_TriggerCallback)
    HAL_UARTEx_RxEventCallback               0x08002cdb   Thumb Code     2  stm32f4xx_hal_uart.o(i.HAL_UARTEx_RxEventCallback)
    HAL_UART_ErrorCallback                   0x08002cdd   Thumb Code     2  stm32f4xx_hal_uart.o(i.HAL_UART_ErrorCallback)
    HAL_UART_GetState                        0x08002cdf   Thumb Code    12  stm32f4xx_hal_uart.o(i.HAL_UART_GetState)
    HAL_UART_IRQHandler                      0x08002ced   Thumb Code   458  stm32f4xx_hal_uart.o(i.HAL_UART_IRQHandler)
    HAL_UART_Init                            0x08002ebd   Thumb Code   100  stm32f4xx_hal_uart.o(i.HAL_UART_Init)
    HAL_UART_MspInit                         0x08002f21   Thumb Code   130  usart.o(i.HAL_UART_MspInit)
    HAL_UART_Receive_IT                      0x08002fb1   Thumb Code    46  stm32f4xx_hal_uart.o(i.HAL_UART_Receive_IT)
    HAL_UART_RxCpltCallback                  0x08002fe1   Thumb Code    96  usart.o(i.HAL_UART_RxCpltCallback)
    HAL_UART_TxCpltCallback                  0x0800304d   Thumb Code     2  stm32f4xx_hal_uart.o(i.HAL_UART_TxCpltCallback)
    HardFault_Handler                        0x0800304f   Thumb Code     2  stm32f4xx_it.o(i.HardFault_Handler)
    MSC_BOT_CplClrFeature                    0x08003189   Thumb Code    60  usbd_msc_bot.o(i.MSC_BOT_CplClrFeature)
    MSC_BOT_DataIn                           0x080031c5   Thumb Code    72  usbd_msc_bot.o(i.MSC_BOT_DataIn)
    MSC_BOT_DataOut                          0x0800320d   Thumb Code    64  usbd_msc_bot.o(i.MSC_BOT_DataOut)
    MSC_BOT_DeInit                           0x0800324d   Thumb Code    14  usbd_msc_bot.o(i.MSC_BOT_DeInit)
    MSC_BOT_Init                             0x0800325b   Thumb Code    78  usbd_msc_bot.o(i.MSC_BOT_Init)
    MSC_BOT_Reset                            0x080032a9   Thumb Code    58  usbd_msc_bot.o(i.MSC_BOT_Reset)
    MSC_BOT_SendCSW                          0x080032e5   Thumb Code    66  usbd_msc_bot.o(i.MSC_BOT_SendCSW)
    MemManage_Handler                        0x08003363   Thumb Code     2  stm32f4xx_it.o(i.MemManage_Handler)
    NMI_Handler                              0x08003365   Thumb Code     2  stm32f4xx_it.o(i.NMI_Handler)
    OTG_FS_IRQHandler                        0x08003369   Thumb Code     6  usbd_conf.o(i.OTG_FS_IRQHandler)
    SCSI_ProcessCmd                          0x0800367d   Thumb Code   226  usbd_msc_scsi.o(i.SCSI_ProcessCmd)
    SCSI_SenseCode                           0x08003cef   Thumb Code    80  usbd_msc_scsi.o(i.SCSI_SenseCode)
    SDIO_ConfigData                          0x080040a9   Thumb Code    36  stm32f4xx_ll_sdmmc.o(i.SDIO_ConfigData)
    SDIO_GetCommandResponse                  0x080040cd   Thumb Code     6  stm32f4xx_ll_sdmmc.o(i.SDIO_GetCommandResponse)
    SDIO_GetPowerState                       0x080040d3   Thumb Code     8  stm32f4xx_ll_sdmmc.o(i.SDIO_GetPowerState)
    SDIO_GetResponse                         0x080040db   Thumb Code     6  stm32f4xx_ll_sdmmc.o(i.SDIO_GetResponse)
    SDIO_Init                                0x080040e1   Thumb Code    42  stm32f4xx_ll_sdmmc.o(i.SDIO_Init)
    SDIO_PowerState_ON                       0x0800410b   Thumb Code    16  stm32f4xx_ll_sdmmc.o(i.SDIO_PowerState_ON)
    SDIO_ReadFIFO                            0x0800411b   Thumb Code     6  stm32f4xx_ll_sdmmc.o(i.SDIO_ReadFIFO)
    SDIO_SendCommand                         0x08004121   Thumb Code    32  stm32f4xx_ll_sdmmc.o(i.SDIO_SendCommand)
    SDIO_WriteFIFO                           0x08004141   Thumb Code    10  stm32f4xx_ll_sdmmc.o(i.SDIO_WriteFIFO)
    SDMMC_CmdAppCommand                      0x0800414b   Thumb Code    50  stm32f4xx_ll_sdmmc.o(i.SDMMC_CmdAppCommand)
    SDMMC_CmdAppOperCommand                  0x0800417d   Thumb Code    46  stm32f4xx_ll_sdmmc.o(i.SDMMC_CmdAppOperCommand)
    SDMMC_CmdBlockLength                     0x080041b1   Thumb Code    50  stm32f4xx_ll_sdmmc.o(i.SDMMC_CmdBlockLength)
    SDMMC_CmdBusWidth                        0x080041e3   Thumb Code    50  stm32f4xx_ll_sdmmc.o(i.SDMMC_CmdBusWidth)
    SDMMC_CmdGoIdleState                     0x08004215   Thumb Code    40  stm32f4xx_ll_sdmmc.o(i.SDMMC_CmdGoIdleState)
    SDMMC_CmdOperCond                        0x0800423d   Thumb Code    48  stm32f4xx_ll_sdmmc.o(i.SDMMC_CmdOperCond)
    SDMMC_CmdReadMultiBlock                  0x0800426d   Thumb Code    50  stm32f4xx_ll_sdmmc.o(i.SDMMC_CmdReadMultiBlock)
    SDMMC_CmdReadSingleBlock                 0x0800429f   Thumb Code    50  stm32f4xx_ll_sdmmc.o(i.SDMMC_CmdReadSingleBlock)
    SDMMC_CmdSelDesel                        0x080042d1   Thumb Code    50  stm32f4xx_ll_sdmmc.o(i.SDMMC_CmdSelDesel)
    SDMMC_CmdSendCID                         0x08004303   Thumb Code    44  stm32f4xx_ll_sdmmc.o(i.SDMMC_CmdSendCID)
    SDMMC_CmdSendCSD                         0x0800432f   Thumb Code    44  stm32f4xx_ll_sdmmc.o(i.SDMMC_CmdSendCSD)
    SDMMC_CmdSendSCR                         0x0800435b   Thumb Code    48  stm32f4xx_ll_sdmmc.o(i.SDMMC_CmdSendSCR)
    SDMMC_CmdSendStatus                      0x0800438b   Thumb Code    50  stm32f4xx_ll_sdmmc.o(i.SDMMC_CmdSendStatus)
    SDMMC_CmdSetRelAdd                       0x080043bd   Thumb Code    48  stm32f4xx_ll_sdmmc.o(i.SDMMC_CmdSetRelAdd)
    SDMMC_CmdStopTransfer                    0x080043ed   Thumb Code    46  stm32f4xx_ll_sdmmc.o(i.SDMMC_CmdStopTransfer)
    SDMMC_CmdWriteMultiBlock                 0x08004421   Thumb Code    50  stm32f4xx_ll_sdmmc.o(i.SDMMC_CmdWriteMultiBlock)
    SDMMC_CmdWriteSingleBlock                0x08004453   Thumb Code    50  stm32f4xx_ll_sdmmc.o(i.SDMMC_CmdWriteSingleBlock)
    STORAGE_GetCapacity                      0x08004bf1   Thumb Code    60  usbd_storage.o(i.STORAGE_GetCapacity)
    STORAGE_GetMaxLun                        0x08004c51   Thumb Code    26  usbd_storage.o(i.STORAGE_GetMaxLun)
    STORAGE_Init                             0x08004c71   Thumb Code    38  usbd_storage.o(i.STORAGE_Init)
    STORAGE_IsReady                          0x08004cad   Thumb Code    22  usbd_storage.o(i.STORAGE_IsReady)
    STORAGE_IsWriteProtected                 0x08004cd9   Thumb Code     4  usbd_storage.o(i.STORAGE_IsWriteProtected)
    STORAGE_Read                             0x08004cdd   Thumb Code    86  usbd_storage.o(i.STORAGE_Read)
    STORAGE_Write                            0x08004d59   Thumb Code    86  usbd_storage.o(i.STORAGE_Write)
    SysTick_Handler                          0x08004de3   Thumb Code    24  delay.o(i.SysTick_Handler)
    SystemInit                               0x08004dfd   Thumb Code    12  system_stm32f4xx.o(i.SystemInit)
    TIM3_IRQHandler                          0x08004e0d   Thumb Code     6  btim.o(i.TIM3_IRQHandler)
    UART_Start_Receive_IT                    0x08005039   Thumb Code    54  stm32f4xx_hal_uart.o(i.UART_Start_Receive_IT)
    USART1_IRQHandler                        0x080050cd   Thumb Code    56  usart.o(i.USART1_IRQHandler)
    USBD_ClrClassConfig                      0x08005111   Thumb Code    18  usbd_core.o(i.USBD_ClrClassConfig)
    USBD_CtlContinueRx                       0x08005149   Thumb Code    16  usbd_ioreq.o(i.USBD_CtlContinueRx)
    USBD_CtlContinueSendData                 0x08005159   Thumb Code    16  usbd_ioreq.o(i.USBD_CtlContinueSendData)
    USBD_CtlError                            0x08005169   Thumb Code    24  usbd_ctlreq.o(i.USBD_CtlError)
    USBD_CtlReceiveStatus                    0x08005181   Thumb Code    22  usbd_ioreq.o(i.USBD_CtlReceiveStatus)
    USBD_CtlSendData                         0x08005197   Thumb Code    26  usbd_ioreq.o(i.USBD_CtlSendData)
    USBD_CtlSendStatus                       0x080051b1   Thumb Code    22  usbd_ioreq.o(i.USBD_CtlSendStatus)
    USBD_GetString                           0x08005401   Thumb Code    62  usbd_ctlreq.o(i.USBD_GetString)
    USBD_Init                                0x08005441   Thumb Code    64  usbd_core.o(i.USBD_Init)
    USBD_LL_ClearStallEP                     0x080054a5   Thumb Code    14  usbd_conf.o(i.USBD_LL_ClearStallEP)
    USBD_LL_CloseEP                          0x080054b3   Thumb Code    14  usbd_conf.o(i.USBD_LL_CloseEP)
    USBD_LL_DataInStage                      0x080054c1   Thumb Code   188  usbd_core.o(i.USBD_LL_DataInStage)
    USBD_LL_DataOutStage                     0x0800557d   Thumb Code   110  usbd_core.o(i.USBD_LL_DataOutStage)
    USBD_LL_DevConnected                     0x080055eb   Thumb Code     4  usbd_core.o(i.USBD_LL_DevConnected)
    USBD_LL_DevDisconnected                  0x080055ef   Thumb Code    26  usbd_core.o(i.USBD_LL_DevDisconnected)
    USBD_LL_FlushEP                          0x08005609   Thumb Code    14  usbd_conf.o(i.USBD_LL_FlushEP)
    USBD_LL_GetRxDataSize                    0x08005617   Thumb Code     8  usbd_conf.o(i.USBD_LL_GetRxDataSize)
    USBD_LL_Init                             0x08005621   Thumb Code    78  usbd_conf.o(i.USBD_LL_Init)
    USBD_LL_IsStallEP                        0x08005675   Thumb Code    32  usbd_conf.o(i.USBD_LL_IsStallEP)
    USBD_LL_IsoINIncomplete                  0x08005695   Thumb Code    34  usbd_core.o(i.USBD_LL_IsoINIncomplete)
    USBD_LL_IsoOUTIncomplete                 0x080056b7   Thumb Code    34  usbd_core.o(i.USBD_LL_IsoOUTIncomplete)
    USBD_LL_OpenEP                           0x080056d9   Thumb Code    20  usbd_conf.o(i.USBD_LL_OpenEP)
    USBD_LL_PrepareReceive                   0x080056ed   Thumb Code    14  usbd_conf.o(i.USBD_LL_PrepareReceive)
    USBD_LL_Reset                            0x080056fb   Thumb Code    92  usbd_core.o(i.USBD_LL_Reset)
    USBD_LL_Resume                           0x08005757   Thumb Code    20  usbd_core.o(i.USBD_LL_Resume)
    USBD_LL_SOF                              0x0800576b   Thumb Code    34  usbd_core.o(i.USBD_LL_SOF)
    USBD_LL_SetSpeed                         0x0800578d   Thumb Code     6  usbd_core.o(i.USBD_LL_SetSpeed)
    USBD_LL_SetUSBAddress                    0x08005795   Thumb Code    32  usbd_conf.o(i.USBD_LL_SetUSBAddress)
    USBD_LL_SetupStage                       0x080057d1   Thumb Code   114  usbd_core.o(i.USBD_LL_SetupStage)
    USBD_LL_StallEP                          0x080058c5   Thumb Code    14  usbd_conf.o(i.USBD_LL_StallEP)
    USBD_LL_Start                            0x080058d3   Thumb Code    14  usbd_conf.o(i.USBD_LL_Start)
    USBD_LL_Suspend                          0x080058e1   Thumb Code    16  usbd_core.o(i.USBD_LL_Suspend)
    USBD_LL_Transmit                         0x080058f1   Thumb Code    14  usbd_conf.o(i.USBD_LL_Transmit)
    USBD_MSC_ConfigStrDescriptor             0x08005901   Thumb Code    32  usbd_desc.o(i.USBD_MSC_ConfigStrDescriptor)
    USBD_MSC_DataIn                          0x08005931   Thumb Code    10  usbd_msc.o(i.USBD_MSC_DataIn)
    USBD_MSC_DataOut                         0x0800593b   Thumb Code    10  usbd_msc.o(i.USBD_MSC_DataOut)
    USBD_MSC_DeInit                          0x08005945   Thumb Code    58  usbd_msc.o(i.USBD_MSC_DeInit)
    USBD_MSC_DeviceDescriptor                0x08005981   Thumb Code     8  usbd_desc.o(i.USBD_MSC_DeviceDescriptor)
    USBD_MSC_GetDeviceQualifierDescriptor    0x0800598d   Thumb Code     8  usbd_msc.o(i.USBD_MSC_GetDeviceQualifierDescriptor)
    USBD_MSC_GetFSCfgDesc                    0x08005999   Thumb Code     8  usbd_msc.o(i.USBD_MSC_GetFSCfgDesc)
    USBD_MSC_GetHSCfgDesc                    0x080059a5   Thumb Code     8  usbd_msc.o(i.USBD_MSC_GetHSCfgDesc)
    USBD_MSC_GetOtherSpeedCfgDesc            0x080059b1   Thumb Code     8  usbd_msc.o(i.USBD_MSC_GetOtherSpeedCfgDesc)
    USBD_MSC_Init                            0x080059bd   Thumb Code   112  usbd_msc.o(i.USBD_MSC_Init)
    USBD_MSC_InterfaceStrDescriptor          0x08005a2d   Thumb Code    32  usbd_desc.o(i.USBD_MSC_InterfaceStrDescriptor)
    USBD_MSC_LangIDStrDescriptor             0x08005a61   Thumb Code     8  usbd_desc.o(i.USBD_MSC_LangIDStrDescriptor)
    USBD_MSC_ManufacturerStrDescriptor       0x08005a6d   Thumb Code    16  usbd_desc.o(i.USBD_MSC_ManufacturerStrDescriptor)
    USBD_MSC_ProductStrDescriptor            0x08005a95   Thumb Code    32  usbd_desc.o(i.USBD_MSC_ProductStrDescriptor)
    USBD_MSC_RegisterStorage                 0x08005ae9   Thumb Code    16  usbd_msc.o(i.USBD_MSC_RegisterStorage)
    USBD_MSC_SerialStrDescriptor             0x08005af9   Thumb Code    14  usbd_desc.o(i.USBD_MSC_SerialStrDescriptor)
    USBD_MSC_Setup                           0x08005b0d   Thumb Code   302  usbd_msc.o(i.USBD_MSC_Setup)
    USBD_ParseSetupRequest                   0x08005c3b   Thumb Code    50  usbd_ctlreq.o(i.USBD_ParseSetupRequest)
    USBD_RegisterClass                       0x08005c6d   Thumb Code    54  usbd_core.o(i.USBD_RegisterClass)
    USBD_RunTestMode                         0x08005cc9   Thumb Code     4  usbd_core.o(i.USBD_RunTestMode)
    USBD_SetClassConfig                      0x08005d61   Thumb Code    20  usbd_core.o(i.USBD_SetClassConfig)
    USBD_Start                               0x08005e95   Thumb Code     4  usbd_core.o(i.USBD_Start)
    USBD_StdDevReq                           0x08005e99   Thumb Code   178  usbd_ctlreq.o(i.USBD_StdDevReq)
    USBD_StdEPReq                            0x08005fb9   Thumb Code   476  usbd_ctlreq.o(i.USBD_StdEPReq)
    USBD_StdItfReq                           0x08006195   Thumb Code   110  usbd_ctlreq.o(i.USBD_StdItfReq)
    USB_ActivateEndpoint                     0x08006205   Thumb Code   126  stm32f4xx_ll_usb.o(i.USB_ActivateEndpoint)
    USB_ActivateSetup                        0x08006289   Thumb Code    28  stm32f4xx_ll_usb.o(i.USB_ActivateSetup)
    USB_CoreInit                             0x080062a5   Thumb Code   122  stm32f4xx_ll_usb.o(i.USB_CoreInit)
    USB_DeactivateEndpoint                   0x0800635d   Thumb Code   190  stm32f4xx_ll_usb.o(i.USB_DeactivateEndpoint)
    USB_DevConnect                           0x08006425   Thumb Code    28  stm32f4xx_ll_usb.o(i.USB_DevConnect)
    USB_DevDisconnect                        0x08006441   Thumb Code    28  stm32f4xx_ll_usb.o(i.USB_DevDisconnect)
    USB_DevInit                              0x0800645d   Thumb Code   358  stm32f4xx_ll_usb.o(i.USB_DevInit)
    USB_DisableGlobalInt                     0x080065cd   Thumb Code    12  stm32f4xx_ll_usb.o(i.USB_DisableGlobalInt)
    USB_EP0StartXfer                         0x080065d9   Thumb Code   272  stm32f4xx_ll_usb.o(i.USB_EP0StartXfer)
    USB_EP0_OutStart                         0x080066ed   Thumb Code    80  stm32f4xx_ll_usb.o(i.USB_EP0_OutStart)
    USB_EPClearStall                         0x08006741   Thumb Code    88  stm32f4xx_ll_usb.o(i.USB_EPClearStall)
    USB_EPSetStall                           0x08006799   Thumb Code    88  stm32f4xx_ll_usb.o(i.USB_EPSetStall)
    USB_EPStartXfer                          0x080067f1   Thumb Code   496  stm32f4xx_ll_usb.o(i.USB_EPStartXfer)
    USB_EnableGlobalInt                      0x080069e5   Thumb Code    12  stm32f4xx_ll_usb.o(i.USB_EnableGlobalInt)
    USB_FlushRxFifo                          0x080069f1   Thumb Code    28  stm32f4xx_ll_usb.o(i.USB_FlushRxFifo)
    USB_FlushTxFifo                          0x08006a11   Thumb Code    32  stm32f4xx_ll_usb.o(i.USB_FlushTxFifo)
    USB_GetDevSpeed                          0x08006a35   Thumb Code    32  stm32f4xx_ll_usb.o(i.USB_GetDevSpeed)
    USB_GetMode                              0x08006a55   Thumb Code     8  stm32f4xx_ll_usb.o(i.USB_GetMode)
    USB_ReadDevAllInEpInterrupt              0x08006a5d   Thumb Code    14  stm32f4xx_ll_usb.o(i.USB_ReadDevAllInEpInterrupt)
    USB_ReadDevAllOutEpInterrupt             0x08006a6b   Thumb Code    14  stm32f4xx_ll_usb.o(i.USB_ReadDevAllOutEpInterrupt)
    USB_ReadDevInEPInterrupt                 0x08006a79   Thumb Code    36  stm32f4xx_ll_usb.o(i.USB_ReadDevInEPInterrupt)
    USB_ReadDevOutEPInterrupt                0x08006a9d   Thumb Code    16  stm32f4xx_ll_usb.o(i.USB_ReadDevOutEPInterrupt)
    USB_ReadInterrupts                       0x08006aad   Thumb Code     8  stm32f4xx_ll_usb.o(i.USB_ReadInterrupts)
    USB_ReadPacket                           0x08006ab5   Thumb Code    30  stm32f4xx_ll_usb.o(i.USB_ReadPacket)
    USB_SetCurrentMode                       0x08006ad3   Thumb Code    48  stm32f4xx_ll_usb.o(i.USB_SetCurrentMode)
    USB_SetDevAddress                        0x08006b03   Thumb Code    30  stm32f4xx_ll_usb.o(i.USB_SetDevAddress)
    USB_SetDevSpeed                          0x08006b21   Thumb Code    14  stm32f4xx_ll_usb.o(i.USB_SetDevSpeed)
    USB_SetTurnaroundTime                    0x08006b31   Thumb Code   170  stm32f4xx_ll_usb.o(i.USB_SetTurnaroundTime)
    USB_WritePacket                          0x08006c25   Thumb Code    38  stm32f4xx_ll_usb.o(i.USB_WritePacket)
    UsageFault_Handler                       0x08006c4b   Thumb Code     2  stm32f4xx_it.o(i.UsageFault_Handler)
    _sys_exit                                0x08006c6d   Thumb Code     2  usart.o(i._sys_exit)
    delay_init                               0x08006c71   Thumb Code    44  delay.o(i.delay_init)
    delay_ms                                 0x08006ca1   Thumb Code    10  delay.o(i.delay_ms)
    delay_us                                 0x08006cad   Thumb Code    50  delay.o(i.delay_us)
    fputc                                    0x08006ce5   Thumb Code    14  usart.o(i.fputc)
    get_sd_card_state                        0x08006cf9   Thumb Code    20  sdio_sdcard.o(i.get_sd_card_state)
    led_init                                 0x08006d11   Thumb Code   102  led.o(i.led_init)
    main                                     0x08006d85   Thumb Code   278  main.o(i.main)
    my_mem_init                              0x08006f39   Thumb Code    36  malloc.o(i.my_mem_init)
    my_mem_perused                           0x08007001   Thumb Code    50  malloc.o(i.my_mem_perused)
    my_mem_set                               0x0800703d   Thumb Code    14  malloc.o(i.my_mem_set)
    myfree                                   0x0800704d   Thumb Code    20  malloc.o(i.myfree)
    mymalloc                                 0x08007065   Thumb Code    30  malloc.o(i.mymalloc)
    norflash_erase_sector                    0x08007089   Thumb Code    58  norflash.o(i.norflash_erase_sector)
    norflash_init                            0x080070c9   Thumb Code   142  norflash.o(i.norflash_init)
    norflash_read                            0x08007165   Thumb Code    74  norflash.o(i.norflash_read)
    norflash_read_id                         0x080071b5   Thumb Code    78  norflash.o(i.norflash_read_id)
    norflash_read_sr                         0x08007209   Thumb Code    72  norflash.o(i.norflash_read_sr)
    norflash_write                           0x08007299   Thumb Code   158  norflash.o(i.norflash_write)
    norflash_write_enable                    0x0800733d   Thumb Code    38  norflash.o(i.norflash_write_enable)
    norflash_write_sr                        0x080073fd   Thumb Code    74  norflash.o(i.norflash_write_sr)
    sd_init                                  0x0800746d   Thumb Code    64  sdio_sdcard.o(i.sd_init)
    sd_read_disk                             0x080074b5   Thumb Code    46  sdio_sdcard.o(i.sd_read_disk)
    sd_write_disk                            0x080074ed   Thumb Code    46  sdio_sdcard.o(i.sd_write_disk)
    spi1_init                                0x08007525   Thumb Code    90  spi.o(i.spi1_init)
    spi1_read_write_byte                     0x0800758d   Thumb Code    28  spi.o(i.spi1_read_write_byte)
    spi1_set_speed                           0x080075ad   Thumb Code    48  spi.o(i.spi1_set_speed)
    sram_init                                0x080075e1   Thumb Code   330  sram.o(i.sram_init)
    sys_stm32_clock_init                     0x08007749   Thumb Code   140  sys.o(i.sys_stm32_clock_init)
    usart_init                               0x080077e1   Thumb Code    44  usart.o(i.usart_init)
    vTaskSwitchContext                       0x08007819   Thumb Code    90  tasks.o(i.vTaskSwitchContext)
    xPortSysTickHandler                      0x080078b1   Thumb Code    38  port.o(i.xPortSysTickHandler)
    xTaskGetSchedulerState                   0x080078dd   Thumb Code    24  tasks.o(i.xTaskGetSchedulerState)
    xTaskIncrementTick                       0x080078f9   Thumb Code   296  tasks.o(i.xTaskIncrementTick)
    _fp_init                                 0x08007a5d   Thumb Code    10  fpinit.o(x$fpl$fpinit)
    __fplib_config_fpu_vfp                   0x08007a65   Thumb Code     0  fpinit.o(x$fpl$fpinit)
    __fplib_config_pureend_doubles           0x08007a65   Thumb Code     0  fpinit.o(x$fpl$fpinit)
    AHBPrescTable                            0x08007a66   Data          16  system_stm32f4xx.o(.constdata)
    APBPrescTable                            0x08007a76   Data           8  system_stm32f4xx.o(.constdata)
    memtblsize                               0x08007a80   Data          12  malloc.o(.constdata)
    memblksize                               0x08007a8c   Data          12  malloc.o(.constdata)
    memsize                                  0x08007a98   Data          12  malloc.o(.constdata)
    STORAGE_Inquirydata                      0x08007aa4   Data          72  usbd_storage.o(.constdata)
    Region$$Table$$Base                      0x08007aec   Number         0  anon$$obj.o(Region$$Table)
    Region$$Table$$Limit                     0x08007b0c   Number         0  anon$$obj.o(Region$$Table)
    SystemCoreClock                          0x20000000   Data           4  system_stm32f4xx.o(.data)
    g_rx_buffer                              0x20000008   Data           1  usart.o(.data)
    g_usart_rx_sta                           0x2000000a   Data           2  usart.o(.data)
    __stdout                                 0x2000000c   Data           4  usart.o(.data)
    uwTickFreq                               0x20000010   Data           1  stm32f4xx_hal.o(.data)
    uwTickPrio                               0x20000014   Data           4  stm32f4xx_hal.o(.data)
    uwTick                                   0x20000018   Data           4  stm32f4xx_hal.o(.data)
    g_norflash_type                          0x2000001c   Data           2  norflash.o(.data)
    pxCurrentTCB                             0x20000020   Data           4  tasks.o(.data)
    mallco_dev                               0x20000060   Data          36  malloc.o(.data)
    USBD_MSC                                 0x20000088   Data          56  usbd_msc.o(.data)
    MSC_Page00_Inquiry_Data                  0x2000012a   Data           6  usbd_msc_data.o(.data)
    MSC_Page80_Inquiry_Data                  0x20000130   Data           8  usbd_msc_data.o(.data)
    MSC_Mode_Sense6_data                     0x20000138   Data          23  usbd_msc_data.o(.data)
    MSC_Mode_Sense10_data                    0x2000014f   Data          27  usbd_msc_data.o(.data)
    g_device_state                           0x2000016a   Data           1  usbd_conf.o(.data)
    MSC_Desc                                 0x2000016c   Data          28  usbd_desc.o(.data)
    USBD_LangIDDesc                          0x20000188   Data           4  usbd_desc.o(.data)
    USBD_DeviceDesc                          0x2000018c   Data          18  usbd_desc.o(.data)
    USBD_StringSerial                        0x200001a0   Data          26  usbd_desc.o(.data)
    g_usb_state_reg                          0x200001ba   Data           1  usbd_storage.o(.data)
    USBD_DISK_fops                           0x200001bc   Data          32  usbd_storage.o(.data)
    USBD_Device                              0x200001dc   Data         720  main.o(.bss)
    g_usart_rx_buf                           0x200004ac   Data         200  usart.o(.bss)
    g_uart1_handle                           0x20000574   Data          68  usart.o(.bss)
    g_sram_handler                           0x200005b8   Data          80  sram.o(.bss)
    timx_handler                             0x20000608   Data          72  btim.o(.bss)
    g_sdcard_handler                         0x20000650   Data         132  sdio_sdcard.o(.bss)
    g_sd_card_info_handle                    0x200006d4   Data          32  sdio_sdcard.o(.bss)
    g_norflash_buf                           0x200006f4   Data        4096  norflash.o(.bss)
    g_spi1_handler                           0x200016f4   Data          88  spi.o(.bss)
    g_hpcd                                   0x2001c340   Data        1032  usbd_conf.o(.bss)
    USBD_StrDesc                             0x2001c748   Data         256  usbd_desc.o(.bss)
    __libspace_start                         0x2001c848   Data          96  libspace.o(.bss)
    __temporary_stack_top$libspace           0x2001c8a8   Data           0  libspace.o(.bss)



==============================================================================

Memory Map of the image

  Image Entry point : 0x08000189

  Load Region LR_IROM1 (Base: 0x08000000, Size: 0x00007ce8, Max: 0x00100000, ABSOLUTE, COMPRESSED[0x00007bec])

    Execution Region ER_IROM1 (Exec base: 0x08000000, Load base: 0x08000000, Size: 0x00007b0c, Max: 0x00100000, ABSOLUTE)

    Exec Addr    Load Addr    Size         Type   Attr      Idx    E Section Name        Object

    0x08000000   0x08000000   0x00000188   Data   RO            3    RESET               startup_stm32f407xx.o
    0x08000188   0x08000188   0x00000008   Code   RO         8056  * !!!main             c_w.l(__main.o)
    0x08000190   0x08000190   0x00000034   Code   RO         8242    !!!scatter          c_w.l(__scatter.o)
    0x080001c4   0x080001c4   0x0000005a   Code   RO         8240    !!dczerorl2         c_w.l(__dczerorl2.o)
    0x0800021e   0x0800021e   0x00000002   PAD
    0x08000220   0x08000220   0x0000001c   Code   RO         8244    !!handler_zi        c_w.l(__scatter_zi.o)
    0x0800023c   0x0800023c   0x00000000   Code   RO         8038    .ARM.Collect$$_printf_percent$$00000000  c_w.l(_printf_percent.o)
    0x0800023c   0x0800023c   0x0000000a   Code   RO         8080    .ARM.Collect$$_printf_percent$$00000007  c_w.l(_printf_ll.o)
    0x08000246   0x08000246   0x00000006   Code   RO         8036    .ARM.Collect$$_printf_percent$$00000009  c_w.l(_printf_d.o)
    0x0800024c   0x0800024c   0x00000006   Code   RO         8039    .ARM.Collect$$_printf_percent$$0000000E  c_w.l(_printf_lld.o)
    0x08000252   0x08000252   0x00000006   Code   RO         8033    .ARM.Collect$$_printf_percent$$00000013  c_w.l(_printf_c.o)
    0x08000258   0x08000258   0x00000006   Code   RO         8034    .ARM.Collect$$_printf_percent$$00000014  c_w.l(_printf_s.o)
    0x0800025e   0x0800025e   0x00000004   Code   RO         8079    .ARM.Collect$$_printf_percent$$00000017  c_w.l(_printf_percent_end.o)
    0x08000262   0x08000262   0x00000002   Code   RO         8117    .ARM.Collect$$libinit$$00000000  c_w.l(libinit.o)
    0x08000264   0x08000264   0x00000004   Code   RO         8129    .ARM.Collect$$libinit$$00000001  c_w.l(libinit2.o)
    0x08000268   0x08000268   0x00000000   Code   RO         8132    .ARM.Collect$$libinit$$00000004  c_w.l(libinit2.o)
    0x08000268   0x08000268   0x00000000   Code   RO         8135    .ARM.Collect$$libinit$$0000000A  c_w.l(libinit2.o)
    0x08000268   0x08000268   0x00000000   Code   RO         8137    .ARM.Collect$$libinit$$0000000C  c_w.l(libinit2.o)
    0x08000268   0x08000268   0x00000000   Code   RO         8139    .ARM.Collect$$libinit$$0000000E  c_w.l(libinit2.o)
    0x08000268   0x08000268   0x00000000   Code   RO         8142    .ARM.Collect$$libinit$$00000011  c_w.l(libinit2.o)
    0x08000268   0x08000268   0x00000000   Code   RO         8144    .ARM.Collect$$libinit$$00000013  c_w.l(libinit2.o)
    0x08000268   0x08000268   0x00000000   Code   RO         8146    .ARM.Collect$$libinit$$00000015  c_w.l(libinit2.o)
    0x08000268   0x08000268   0x00000000   Code   RO         8148    .ARM.Collect$$libinit$$00000017  c_w.l(libinit2.o)
    0x08000268   0x08000268   0x00000000   Code   RO         8150    .ARM.Collect$$libinit$$00000019  c_w.l(libinit2.o)
    0x08000268   0x08000268   0x00000000   Code   RO         8152    .ARM.Collect$$libinit$$0000001B  c_w.l(libinit2.o)
    0x08000268   0x08000268   0x00000000   Code   RO         8154    .ARM.Collect$$libinit$$0000001D  c_w.l(libinit2.o)
    0x08000268   0x08000268   0x00000000   Code   RO         8156    .ARM.Collect$$libinit$$0000001F  c_w.l(libinit2.o)
    0x08000268   0x08000268   0x00000000   Code   RO         8158    .ARM.Collect$$libinit$$00000021  c_w.l(libinit2.o)
    0x08000268   0x08000268   0x00000000   Code   RO         8160    .ARM.Collect$$libinit$$00000023  c_w.l(libinit2.o)
    0x08000268   0x08000268   0x00000000   Code   RO         8162    .ARM.Collect$$libinit$$00000025  c_w.l(libinit2.o)
    0x08000268   0x08000268   0x00000000   Code   RO         8166    .ARM.Collect$$libinit$$0000002C  c_w.l(libinit2.o)
    0x08000268   0x08000268   0x00000000   Code   RO         8168    .ARM.Collect$$libinit$$0000002E  c_w.l(libinit2.o)
    0x08000268   0x08000268   0x00000000   Code   RO         8170    .ARM.Collect$$libinit$$00000030  c_w.l(libinit2.o)
    0x08000268   0x08000268   0x00000000   Code   RO         8172    .ARM.Collect$$libinit$$00000032  c_w.l(libinit2.o)
    0x08000268   0x08000268   0x00000002   Code   RO         8173    .ARM.Collect$$libinit$$00000033  c_w.l(libinit2.o)
    0x0800026a   0x0800026a   0x00000002   Code   RO         8197    .ARM.Collect$$libshutdown$$00000000  c_w.l(libshutdown.o)
    0x0800026c   0x0800026c   0x00000000   Code   RO         8221    .ARM.Collect$$libshutdown$$00000002  c_w.l(libshutdown2.o)
    0x0800026c   0x0800026c   0x00000000   Code   RO         8223    .ARM.Collect$$libshutdown$$00000004  c_w.l(libshutdown2.o)
    0x0800026c   0x0800026c   0x00000000   Code   RO         8225    .ARM.Collect$$libshutdown$$00000006  c_w.l(libshutdown2.o)
    0x0800026c   0x0800026c   0x00000000   Code   RO         8228    .ARM.Collect$$libshutdown$$00000009  c_w.l(libshutdown2.o)
    0x0800026c   0x0800026c   0x00000000   Code   RO         8231    .ARM.Collect$$libshutdown$$0000000C  c_w.l(libshutdown2.o)
    0x0800026c   0x0800026c   0x00000000   Code   RO         8233    .ARM.Collect$$libshutdown$$0000000E  c_w.l(libshutdown2.o)
    0x0800026c   0x0800026c   0x00000000   Code   RO         8236    .ARM.Collect$$libshutdown$$00000011  c_w.l(libshutdown2.o)
    0x0800026c   0x0800026c   0x00000002   Code   RO         8237    .ARM.Collect$$libshutdown$$00000012  c_w.l(libshutdown2.o)
    0x0800026e   0x0800026e   0x00000000   Code   RO         8060    .ARM.Collect$$rtentry$$00000000  c_w.l(__rtentry.o)
    0x0800026e   0x0800026e   0x00000000   Code   RO         8082    .ARM.Collect$$rtentry$$00000002  c_w.l(__rtentry2.o)
    0x0800026e   0x0800026e   0x00000006   Code   RO         8094    .ARM.Collect$$rtentry$$00000004  c_w.l(__rtentry4.o)
    0x08000274   0x08000274   0x00000000   Code   RO         8084    .ARM.Collect$$rtentry$$00000009  c_w.l(__rtentry2.o)
    0x08000274   0x08000274   0x00000004   Code   RO         8085    .ARM.Collect$$rtentry$$0000000A  c_w.l(__rtentry2.o)
    0x08000278   0x08000278   0x00000000   Code   RO         8087    .ARM.Collect$$rtentry$$0000000C  c_w.l(__rtentry2.o)
    0x08000278   0x08000278   0x00000008   Code   RO         8088    .ARM.Collect$$rtentry$$0000000D  c_w.l(__rtentry2.o)
    0x08000280   0x08000280   0x00000002   Code   RO         8121    .ARM.Collect$$rtexit$$00000000  c_w.l(rtexit.o)
    0x08000282   0x08000282   0x00000000   Code   RO         8175    .ARM.Collect$$rtexit$$00000002  c_w.l(rtexit2.o)
    0x08000282   0x08000282   0x00000004   Code   RO         8176    .ARM.Collect$$rtexit$$00000003  c_w.l(rtexit2.o)
    0x08000286   0x08000286   0x00000006   Code   RO         8177    .ARM.Collect$$rtexit$$00000004  c_w.l(rtexit2.o)
    0x0800028c   0x0800028c   0x000000be   Code   RO         6806    .emb_text           port.o
    0x0800034a   0x0800034a   0x00000002   PAD
    0x0800034c   0x0800034c   0x00000050   Code   RO            4    .text               startup_stm32f407xx.o
    0x0800039c   0x0800039c   0x00000002   Code   RO         7972    .text               c_w.l(use_no_semi_2.o)
    0x0800039e   0x0800039e   0x000000ee   Code   RO         7974    .text               c_w.l(lludivv7m.o)
    0x0800048c   0x0800048c   0x00000018   Code   RO         7976    .text               c_w.l(__2printf.o)
    0x080004a4   0x080004a4   0x00000052   Code   RO         7986    .text               c_w.l(_printf_str.o)
    0x080004f6   0x080004f6   0x00000002   PAD
    0x080004f8   0x080004f8   0x00000078   Code   RO         7988    .text               c_w.l(_printf_dec.o)
    0x08000570   0x08000570   0x0000007c   Code   RO         7990    .text               c_w.l(_printf_longlong_dec.o)
    0x080005ec   0x080005ec   0x000000b8   Code   RO         8016    .text               c_w.l(__printf_ss.o)
    0x080006a4   0x080006a4   0x00000064   Code   RO         8046    .text               c_w.l(rt_memcpy_w.o)
    0x08000708   0x08000708   0x0000004e   Code   RO         8052    .text               c_w.l(rt_memclr_w.o)
    0x08000756   0x08000756   0x00000006   Code   RO         8054    .text               c_w.l(heapauxi.o)
    0x0800075c   0x0800075c   0x00000002   Code   RO         8058    .text               c_w.l(use_no_semi.o)
    0x0800075e   0x0800075e   0x0000008a   Code   RO         8065    .text               c_w.l(lludiv10.o)
    0x080007e8   0x080007e8   0x000000b2   Code   RO         8067    .text               c_w.l(_printf_intcommon.o)
    0x0800089a   0x0800089a   0x00000002   PAD
    0x0800089c   0x0800089c   0x00000030   Code   RO         8069    .text               c_w.l(_printf_char_common.o)
    0x080008cc   0x080008cc   0x0000002c   Code   RO         8075    .text               c_w.l(_printf_char.o)
    0x080008f8   0x080008f8   0x00000024   Code   RO         8077    .text               c_w.l(_printf_char_file.o)
    0x0800091c   0x0800091c   0x00000008   Code   RO         8100    .text               c_w.l(ferror.o)
    0x08000924   0x08000924   0x0000004a   Code   RO         8104    .text               c_w.l(sys_stackheap_outer.o)
    0x0800096e   0x0800096e   0x00000012   Code   RO         8106    .text               c_w.l(exit.o)
    0x08000980   0x08000980   0x00000008   Code   RO         8118    .text               c_w.l(libspace.o)
    0x08000988   0x08000988   0x00000002   Code   RO          318    i.BusFault_Handler  stm32f4xx_it.o
    0x0800098a   0x0800098a   0x00000002   Code   RO          319    i.DebugMon_Handler  stm32f4xx_it.o
    0x0800098c   0x0800098c   0x00000040   Code   RO         3616    i.FSMC_NORSRAM_Extended_Timing_Init  stm32f4xx_ll_fsmc.o
    0x080009cc   0x080009cc   0x00000054   Code   RO         3617    i.FSMC_NORSRAM_Init  stm32f4xx_ll_fsmc.o
    0x08000a20   0x08000a20   0x0000003e   Code   RO         3618    i.FSMC_NORSRAM_Timing_Init  stm32f4xx_ll_fsmc.o
    0x08000a5e   0x08000a5e   0x00000002   PAD
    0x08000a60   0x08000a60   0x00000038   Code   RO         7823    i.Get_SerialNum     usbd_desc.o
    0x08000a98   0x08000a98   0x0000008e   Code   RO          980    i.HAL_DMA_Abort     stm32f4xx_hal_dma.o
    0x08000b26   0x08000b26   0x00000024   Code   RO          981    i.HAL_DMA_Abort_IT  stm32f4xx_hal_dma.o
    0x08000b4a   0x08000b4a   0x00000006   Code   RO          416    i.HAL_Delay         delay.o
    0x08000b50   0x08000b50   0x000001d0   Code   RO         1086    i.HAL_GPIO_Init     stm32f4xx_hal_gpio.o
    0x08000d20   0x08000d20   0x00000010   Code   RO         1089    i.HAL_GPIO_TogglePin  stm32f4xx_hal_gpio.o
    0x08000d30   0x08000d30   0x0000000e   Code   RO         1090    i.HAL_GPIO_WritePin  stm32f4xx_hal_gpio.o
    0x08000d3e   0x08000d3e   0x00000002   PAD
    0x08000d40   0x08000d40   0x0000000c   Code   RO          668    i.HAL_GetREVID      stm32f4xx_hal.o
    0x08000d4c   0x08000d4c   0x0000000c   Code   RO          669    i.HAL_GetTick       stm32f4xx_hal.o
    0x08000d58   0x08000d58   0x00000010   Code   RO          675    i.HAL_IncTick       stm32f4xx_hal.o
    0x08000d68   0x08000d68   0x0000002c   Code   RO          676    i.HAL_Init          stm32f4xx_hal.o
    0x08000d94   0x08000d94   0x00000044   Code   RO          677    i.HAL_InitTick      stm32f4xx_hal.o
    0x08000dd8   0x08000dd8   0x00000002   Code   RO          679    i.HAL_MspInit       stm32f4xx_hal.o
    0x08000dda   0x08000dda   0x0000001a   Code   RO          847    i.HAL_NVIC_EnableIRQ  stm32f4xx_hal_cortex.o
    0x08000df4   0x08000df4   0x00000040   Code   RO          853    i.HAL_NVIC_SetPriority  stm32f4xx_hal_cortex.o
    0x08000e34   0x08000e34   0x00000024   Code   RO          854    i.HAL_NVIC_SetPriorityGrouping  stm32f4xx_hal_cortex.o
    0x08000e58   0x08000e58   0x00000002   Code   RO         4503    i.HAL_PCDEx_LPM_Callback  stm32f4xx_hal_pcd_ex.o
    0x08000e5a   0x08000e5a   0x00000008   Code   RO         4504    i.HAL_PCDEx_SetRxFiFo  stm32f4xx_hal_pcd_ex.o
    0x08000e62   0x08000e62   0x00000042   Code   RO         4505    i.HAL_PCDEx_SetTxFiFo  stm32f4xx_hal_pcd_ex.o
    0x08000ea4   0x08000ea4   0x0000003c   Code   RO         7633    i.HAL_PCD_ConnectCallback  usbd_conf.o
    0x08000ee0   0x08000ee0   0x00000012   Code   RO         7634    i.HAL_PCD_DataInStageCallback  usbd_conf.o
    0x08000ef2   0x08000ef2   0x00000014   Code   RO         7635    i.HAL_PCD_DataOutStageCallback  usbd_conf.o
    0x08000f06   0x08000f06   0x00000002   PAD
    0x08000f08   0x08000f08   0x00000044   Code   RO         7636    i.HAL_PCD_DisconnectCallback  usbd_conf.o
    0x08000f4c   0x08000f4c   0x00000048   Code   RO         4280    i.HAL_PCD_EP_Close  stm32f4xx_hal_pcd.o
    0x08000f94   0x08000f94   0x00000058   Code   RO         4281    i.HAL_PCD_EP_ClrStall  stm32f4xx_hal_pcd.o
    0x08000fec   0x08000fec   0x00000034   Code   RO         4282    i.HAL_PCD_EP_Flush  stm32f4xx_hal_pcd.o
    0x08001020   0x08001020   0x00000012   Code   RO         4283    i.HAL_PCD_EP_GetRxCount  stm32f4xx_hal_pcd.o
    0x08001032   0x08001032   0x0000005c   Code   RO         4284    i.HAL_PCD_EP_Open   stm32f4xx_hal_pcd.o
    0x0800108e   0x0800108e   0x00000042   Code   RO         4285    i.HAL_PCD_EP_Receive  stm32f4xx_hal_pcd.o
    0x080010d0   0x080010d0   0x00000070   Code   RO         4286    i.HAL_PCD_EP_SetStall  stm32f4xx_hal_pcd.o
    0x08001140   0x08001140   0x00000042   Code   RO         4287    i.HAL_PCD_EP_Transmit  stm32f4xx_hal_pcd.o
    0x08001182   0x08001182   0x00000002   PAD
    0x08001184   0x08001184   0x00000434   Code   RO         4289    i.HAL_PCD_IRQHandler  stm32f4xx_hal_pcd.o
    0x080015b8   0x080015b8   0x00000008   Code   RO         7637    i.HAL_PCD_ISOINIncompleteCallback  usbd_conf.o
    0x080015c0   0x080015c0   0x00000008   Code   RO         7638    i.HAL_PCD_ISOOUTIncompleteCallback  usbd_conf.o
    0x080015c8   0x080015c8   0x000000e4   Code   RO         4292    i.HAL_PCD_Init      stm32f4xx_hal_pcd.o
    0x080016ac   0x080016ac   0x00000084   Code   RO         7639    i.HAL_PCD_MspInit   usbd_conf.o
    0x08001730   0x08001730   0x00000094   Code   RO         7640    i.HAL_PCD_ResetCallback  usbd_conf.o
    0x080017c4   0x080017c4   0x0000002c   Code   RO         7641    i.HAL_PCD_ResumeCallback  usbd_conf.o
    0x080017f0   0x080017f0   0x00000008   Code   RO         7642    i.HAL_PCD_SOFCallback  usbd_conf.o
    0x080017f8   0x080017f8   0x00000028   Code   RO         4298    i.HAL_PCD_SetAddress  stm32f4xx_hal_pcd.o
    0x08001820   0x08001820   0x0000000e   Code   RO         7643    i.HAL_PCD_SetupStageCallback  usbd_conf.o
    0x0800182e   0x0800182e   0x00000042   Code   RO         4300    i.HAL_PCD_Start     stm32f4xx_hal_pcd.o
    0x08001870   0x08001870   0x0000003c   Code   RO         7644    i.HAL_PCD_SuspendCallback  usbd_conf.o
    0x080018ac   0x080018ac   0x0000014c   Code   RO         1150    i.HAL_RCC_ClockConfig  stm32f4xx_hal_rcc.o
    0x080019f8   0x080019f8   0x0000000c   Code   RO         1155    i.HAL_RCC_GetHCLKFreq  stm32f4xx_hal_rcc.o
    0x08001a04   0x08001a04   0x00000020   Code   RO         1157    i.HAL_RCC_GetPCLK1Freq  stm32f4xx_hal_rcc.o
    0x08001a24   0x08001a24   0x00000020   Code   RO         1158    i.HAL_RCC_GetPCLK2Freq  stm32f4xx_hal_rcc.o
    0x08001a44   0x08001a44   0x00000068   Code   RO         1159    i.HAL_RCC_GetSysClockFreq  stm32f4xx_hal_rcc.o
    0x08001aac   0x08001aac   0x000003c0   Code   RO         1162    i.HAL_RCC_OscConfig  stm32f4xx_hal_rcc.o
    0x08001e6c   0x08001e6c   0x000000c4   Code   RO         3737    i.HAL_SD_ConfigWideBusOperation  stm32f4xx_hal_sd.o
    0x08001f30   0x08001f30   0x00000194   Code   RO         3742    i.HAL_SD_GetCardCSD  stm32f4xx_hal_sd.o
    0x080020c4   0x080020c4   0x00000024   Code   RO         3743    i.HAL_SD_GetCardInfo  stm32f4xx_hal_sd.o
    0x080020e8   0x080020e8   0x00000020   Code   RO         3744    i.HAL_SD_GetCardState  stm32f4xx_hal_sd.o
    0x08002108   0x08002108   0x0000003e   Code   RO         3749    i.HAL_SD_Init       stm32f4xx_hal_sd.o
    0x08002146   0x08002146   0x00000002   PAD
    0x08002148   0x08002148   0x00000098   Code   RO         3750    i.HAL_SD_InitCard   stm32f4xx_hal_sd.o
    0x080021e0   0x080021e0   0x000000e4   Code   RO         5348    i.HAL_SD_MspInit    sdio_sdcard.o
    0x080022c4   0x080022c4   0x00000224   Code   RO         3753    i.HAL_SD_ReadBlocks  stm32f4xx_hal_sd.o
    0x080024e8   0x080024e8   0x000001ec   Code   RO         3758    i.HAL_SD_WriteBlocks  stm32f4xx_hal_sd.o
    0x080026d4   0x080026d4   0x000000ce   Code   RO         4555    i.HAL_SPI_Init      stm32f4xx_hal_spi.o
    0x080027a2   0x080027a2   0x00000002   PAD
    0x080027a4   0x080027a4   0x00000084   Code   RO         5535    i.HAL_SPI_MspInit   spi.o
    0x08002828   0x08002828   0x0000027c   Code   RO         4564    i.HAL_SPI_TransmitReceive  stm32f4xx_hal_spi.o
    0x08002aa4   0x08002aa4   0x00000058   Code   RO         3141    i.HAL_SRAM_Init     stm32f4xx_hal_sram.o
    0x08002afc   0x08002afc   0x00000002   Code   RO         3143    i.HAL_SRAM_MspInit  stm32f4xx_hal_sram.o
    0x08002afe   0x08002afe   0x0000001c   Code   RO          856    i.HAL_SYSTICK_CLKSourceConfig  stm32f4xx_hal_cortex.o
    0x08002b1a   0x08002b1a   0x00000028   Code   RO          858    i.HAL_SYSTICK_Config  stm32f4xx_hal_cortex.o
    0x08002b42   0x08002b42   0x00000002   Code   RO         2870    i.HAL_TIMEx_BreakCallback  stm32f4xx_hal_tim_ex.o
    0x08002b44   0x08002b44   0x00000002   Code   RO         2871    i.HAL_TIMEx_CommutCallback  stm32f4xx_hal_tim_ex.o
    0x08002b46   0x08002b46   0x00000002   Code   RO         2189    i.HAL_TIM_IC_CaptureCallback  stm32f4xx_hal_tim.o
    0x08002b48   0x08002b48   0x0000016e   Code   RO         2203    i.HAL_TIM_IRQHandler  stm32f4xx_hal_tim.o
    0x08002cb6   0x08002cb6   0x00000002   Code   RO         2206    i.HAL_TIM_OC_DelayElapsedCallback  stm32f4xx_hal_tim.o
    0x08002cb8   0x08002cb8   0x00000002   Code   RO         2233    i.HAL_TIM_PWM_PulseFinishedCallback  stm32f4xx_hal_tim.o
    0x08002cba   0x08002cba   0x00000002   PAD
    0x08002cbc   0x08002cbc   0x0000001c   Code   RO         5301    i.HAL_TIM_PeriodElapsedCallback  btim.o
    0x08002cd8   0x08002cd8   0x00000002   Code   RO         2246    i.HAL_TIM_TriggerCallback  stm32f4xx_hal_tim.o
    0x08002cda   0x08002cda   0x00000002   Code   RO         1756    i.HAL_UARTEx_RxEventCallback  stm32f4xx_hal_uart.o
    0x08002cdc   0x08002cdc   0x00000002   Code   RO         1770    i.HAL_UART_ErrorCallback  stm32f4xx_hal_uart.o
    0x08002cde   0x08002cde   0x0000000c   Code   RO         1772    i.HAL_UART_GetState  stm32f4xx_hal_uart.o
    0x08002cea   0x08002cea   0x00000002   PAD
    0x08002cec   0x08002cec   0x000001d0   Code   RO         1773    i.HAL_UART_IRQHandler  stm32f4xx_hal_uart.o
    0x08002ebc   0x08002ebc   0x00000064   Code   RO         1774    i.HAL_UART_Init     stm32f4xx_hal_uart.o
    0x08002f20   0x08002f20   0x00000090   Code   RO          578    i.HAL_UART_MspInit  usart.o
    0x08002fb0   0x08002fb0   0x0000002e   Code   RO         1779    i.HAL_UART_Receive_IT  stm32f4xx_hal_uart.o
    0x08002fde   0x08002fde   0x00000002   PAD
    0x08002fe0   0x08002fe0   0x0000006c   Code   RO          579    i.HAL_UART_RxCpltCallback  usart.o
    0x0800304c   0x0800304c   0x00000002   Code   RO         1785    i.HAL_UART_TxCpltCallback  stm32f4xx_hal_uart.o
    0x0800304e   0x0800304e   0x00000002   Code   RO          320    i.HardFault_Handler  stm32f4xx_it.o
    0x08003050   0x08003050   0x0000003a   Code   RO         7824    i.IntToUnicode      usbd_desc.o
    0x0800308a   0x0800308a   0x00000048   Code   RO         7398    i.MSC_BOT_Abort     usbd_msc_bot.o
    0x080030d2   0x080030d2   0x00000002   PAD
    0x080030d4   0x080030d4   0x000000b4   Code   RO         7399    i.MSC_BOT_CBW_Decode  usbd_msc_bot.o
    0x08003188   0x08003188   0x0000003c   Code   RO         7400    i.MSC_BOT_CplClrFeature  usbd_msc_bot.o
    0x080031c4   0x080031c4   0x00000048   Code   RO         7401    i.MSC_BOT_DataIn    usbd_msc_bot.o
    0x0800320c   0x0800320c   0x00000040   Code   RO         7402    i.MSC_BOT_DataOut   usbd_msc_bot.o
    0x0800324c   0x0800324c   0x0000000e   Code   RO         7403    i.MSC_BOT_DeInit    usbd_msc_bot.o
    0x0800325a   0x0800325a   0x0000004e   Code   RO         7404    i.MSC_BOT_Init      usbd_msc_bot.o
    0x080032a8   0x080032a8   0x0000003a   Code   RO         7405    i.MSC_BOT_Reset     usbd_msc_bot.o
    0x080032e2   0x080032e2   0x00000002   PAD
    0x080032e4   0x080032e4   0x00000048   Code   RO         7406    i.MSC_BOT_SendCSW   usbd_msc_bot.o
    0x0800332c   0x0800332c   0x00000036   Code   RO         7407    i.MSC_BOT_SendData  usbd_msc_bot.o
    0x08003362   0x08003362   0x00000002   Code   RO          321    i.MemManage_Handler  stm32f4xx_it.o
    0x08003364   0x08003364   0x00000002   Code   RO          322    i.NMI_Handler       stm32f4xx_it.o
    0x08003366   0x08003366   0x00000002   PAD
    0x08003368   0x08003368   0x0000000c   Code   RO         7645    i.OTG_FS_IRQHandler  usbd_conf.o
    0x08003374   0x08003374   0x00000048   Code   RO         4304    i.PCD_EP_OutSetupPacket_int  stm32f4xx_hal_pcd.o
    0x080033bc   0x080033bc   0x000000e4   Code   RO         4305    i.PCD_EP_OutXfrComplete_int  stm32f4xx_hal_pcd.o
    0x080034a0   0x080034a0   0x0000009c   Code   RO         4306    i.PCD_WriteEmptyTxFifo  stm32f4xx_hal_pcd.o
    0x0800353c   0x0800353c   0x0000002a   Code   RO         7504    i.SCSI_AllowPreventRemovable  usbd_msc_scsi.o
    0x08003566   0x08003566   0x00000032   Code   RO         7505    i.SCSI_CheckAddressRange  usbd_msc_scsi.o
    0x08003598   0x08003598   0x0000008c   Code   RO         7506    i.SCSI_Inquiry      usbd_msc_scsi.o
    0x08003624   0x08003624   0x0000002c   Code   RO         7507    i.SCSI_ModeSense10  usbd_msc_scsi.o
    0x08003650   0x08003650   0x0000002c   Code   RO         7508    i.SCSI_ModeSense6   usbd_msc_scsi.o
    0x0800367c   0x0800367c   0x000000e2   Code   RO         7509    i.SCSI_ProcessCmd   usbd_msc_scsi.o
    0x0800375e   0x0800375e   0x000000a8   Code   RO         7510    i.SCSI_ProcessRead  usbd_msc_scsi.o
    0x08003806   0x08003806   0x000000b8   Code   RO         7511    i.SCSI_ProcessWrite  usbd_msc_scsi.o
    0x080038be   0x080038be   0x000000e0   Code   RO         7512    i.SCSI_Read10       usbd_msc_scsi.o
    0x0800399e   0x0800399e   0x000000ec   Code   RO         7513    i.SCSI_Read12       usbd_msc_scsi.o
    0x08003a8a   0x08003a8a   0x00000090   Code   RO         7514    i.SCSI_ReadCapacity10  usbd_msc_scsi.o
    0x08003b1a   0x08003b1a   0x000000cc   Code   RO         7515    i.SCSI_ReadCapacity16  usbd_msc_scsi.o
    0x08003be6   0x08003be6   0x00000084   Code   RO         7516    i.SCSI_ReadFormatCapacity  usbd_msc_scsi.o
    0x08003c6a   0x08003c6a   0x00000084   Code   RO         7517    i.SCSI_RequestSense  usbd_msc_scsi.o
    0x08003cee   0x08003cee   0x00000050   Code   RO         7518    i.SCSI_SenseCode    usbd_msc_scsi.o
    0x08003d3e   0x08003d3e   0x00000066   Code   RO         7519    i.SCSI_StartStopUnit  usbd_msc_scsi.o
    0x08003da4   0x08003da4   0x00000078   Code   RO         7520    i.SCSI_TestUnitReady  usbd_msc_scsi.o
    0x08003e1c   0x08003e1c   0x00000022   Code   RO         7521    i.SCSI_UpdateBotData  usbd_msc_scsi.o
    0x08003e3e   0x08003e3e   0x0000003e   Code   RO         7522    i.SCSI_Verify10     usbd_msc_scsi.o
    0x08003e7c   0x08003e7c   0x0000010a   Code   RO         7523    i.SCSI_Write10      usbd_msc_scsi.o
    0x08003f86   0x08003f86   0x00000122   Code   RO         7524    i.SCSI_Write12      usbd_msc_scsi.o
    0x080040a8   0x080040a8   0x00000024   Code   RO         3989    i.SDIO_ConfigData   stm32f4xx_ll_sdmmc.o
    0x080040cc   0x080040cc   0x00000006   Code   RO         3990    i.SDIO_GetCommandResponse  stm32f4xx_ll_sdmmc.o
    0x080040d2   0x080040d2   0x00000008   Code   RO         3993    i.SDIO_GetPowerState  stm32f4xx_ll_sdmmc.o
    0x080040da   0x080040da   0x00000006   Code   RO         3994    i.SDIO_GetResponse  stm32f4xx_ll_sdmmc.o
    0x080040e0   0x080040e0   0x0000002a   Code   RO         3995    i.SDIO_Init         stm32f4xx_ll_sdmmc.o
    0x0800410a   0x0800410a   0x00000010   Code   RO         3997    i.SDIO_PowerState_ON  stm32f4xx_ll_sdmmc.o
    0x0800411a   0x0800411a   0x00000006   Code   RO         3998    i.SDIO_ReadFIFO     stm32f4xx_ll_sdmmc.o
    0x08004120   0x08004120   0x00000020   Code   RO         3999    i.SDIO_SendCommand  stm32f4xx_ll_sdmmc.o
    0x08004140   0x08004140   0x0000000a   Code   RO         4001    i.SDIO_WriteFIFO    stm32f4xx_ll_sdmmc.o
    0x0800414a   0x0800414a   0x00000032   Code   RO         4002    i.SDMMC_CmdAppCommand  stm32f4xx_ll_sdmmc.o
    0x0800417c   0x0800417c   0x00000034   Code   RO         4003    i.SDMMC_CmdAppOperCommand  stm32f4xx_ll_sdmmc.o
    0x080041b0   0x080041b0   0x00000032   Code   RO         4004    i.SDMMC_CmdBlockLength  stm32f4xx_ll_sdmmc.o
    0x080041e2   0x080041e2   0x00000032   Code   RO         4005    i.SDMMC_CmdBusWidth  stm32f4xx_ll_sdmmc.o
    0x08004214   0x08004214   0x00000028   Code   RO         4009    i.SDMMC_CmdGoIdleState  stm32f4xx_ll_sdmmc.o
    0x0800423c   0x0800423c   0x00000030   Code   RO         4011    i.SDMMC_CmdOperCond  stm32f4xx_ll_sdmmc.o
    0x0800426c   0x0800426c   0x00000032   Code   RO         4012    i.SDMMC_CmdReadMultiBlock  stm32f4xx_ll_sdmmc.o
    0x0800429e   0x0800429e   0x00000032   Code   RO         4013    i.SDMMC_CmdReadSingleBlock  stm32f4xx_ll_sdmmc.o
    0x080042d0   0x080042d0   0x00000032   Code   RO         4016    i.SDMMC_CmdSelDesel  stm32f4xx_ll_sdmmc.o
    0x08004302   0x08004302   0x0000002c   Code   RO         4017    i.SDMMC_CmdSendCID  stm32f4xx_ll_sdmmc.o
    0x0800432e   0x0800432e   0x0000002c   Code   RO         4018    i.SDMMC_CmdSendCSD  stm32f4xx_ll_sdmmc.o
    0x0800435a   0x0800435a   0x00000030   Code   RO         4020    i.SDMMC_CmdSendSCR  stm32f4xx_ll_sdmmc.o
    0x0800438a   0x0800438a   0x00000032   Code   RO         4021    i.SDMMC_CmdSendStatus  stm32f4xx_ll_sdmmc.o
    0x080043bc   0x080043bc   0x00000030   Code   RO         4022    i.SDMMC_CmdSetRelAdd  stm32f4xx_ll_sdmmc.o
    0x080043ec   0x080043ec   0x00000034   Code   RO         4024    i.SDMMC_CmdStopTransfer  stm32f4xx_ll_sdmmc.o
    0x08004420   0x08004420   0x00000032   Code   RO         4026    i.SDMMC_CmdWriteMultiBlock  stm32f4xx_ll_sdmmc.o
    0x08004452   0x08004452   0x00000032   Code   RO         4027    i.SDMMC_CmdWriteSingleBlock  stm32f4xx_ll_sdmmc.o
    0x08004484   0x08004484   0x00000030   Code   RO         4028    i.SDMMC_GetCmdError  stm32f4xx_ll_sdmmc.o
    0x080044b4   0x080044b4   0x00000124   Code   RO         4029    i.SDMMC_GetCmdResp1  stm32f4xx_ll_sdmmc.o
    0x080045d8   0x080045d8   0x00000054   Code   RO         4030    i.SDMMC_GetCmdResp2  stm32f4xx_ll_sdmmc.o
    0x0800462c   0x0800462c   0x00000044   Code   RO         4031    i.SDMMC_GetCmdResp3  stm32f4xx_ll_sdmmc.o
    0x08004670   0x08004670   0x0000008c   Code   RO         4032    i.SDMMC_GetCmdResp6  stm32f4xx_ll_sdmmc.o
    0x080046fc   0x080046fc   0x00000058   Code   RO         4033    i.SDMMC_GetCmdResp7  stm32f4xx_ll_sdmmc.o
    0x08004754   0x08004754   0x0000011a   Code   RO         3766    i.SD_FindSCR        stm32f4xx_hal_sd.o
    0x0800486e   0x0800486e   0x000000ea   Code   RO         3767    i.SD_InitCard       stm32f4xx_hal_sd.o
    0x08004958   0x08004958   0x000000ac   Code   RO         3769    i.SD_PowerON        stm32f4xx_hal_sd.o
    0x08004a04   0x08004a04   0x0000002e   Code   RO         3772    i.SD_SendStatus     stm32f4xx_hal_sd.o
    0x08004a32   0x08004a32   0x00000052   Code   RO         3773    i.SD_WideBus_Disable  stm32f4xx_hal_sd.o
    0x08004a84   0x08004a84   0x00000052   Code   RO         3774    i.SD_WideBus_Enable  stm32f4xx_hal_sd.o
    0x08004ad6   0x08004ad6   0x00000002   PAD
    0x08004ad8   0x08004ad8   0x0000005c   Code   RO         4595    i.SPI_EndRxTxTransaction  stm32f4xx_hal_spi.o
    0x08004b34   0x08004b34   0x000000bc   Code   RO         4602    i.SPI_WaitFlagStateUntilTimeout  stm32f4xx_hal_spi.o
    0x08004bf0   0x08004bf0   0x00000060   Code   RO         7901    i.STORAGE_GetCapacity  usbd_storage.o
    0x08004c50   0x08004c50   0x00000020   Code   RO         7902    i.STORAGE_GetMaxLun  usbd_storage.o
    0x08004c70   0x08004c70   0x0000003c   Code   RO         7903    i.STORAGE_Init      usbd_storage.o
    0x08004cac   0x08004cac   0x0000002c   Code   RO         7904    i.STORAGE_IsReady   usbd_storage.o
    0x08004cd8   0x08004cd8   0x00000004   Code   RO         7905    i.STORAGE_IsWriteProtected  usbd_storage.o
    0x08004cdc   0x08004cdc   0x0000007c   Code   RO         7906    i.STORAGE_Read      usbd_storage.o
    0x08004d58   0x08004d58   0x00000080   Code   RO         7907    i.STORAGE_Write     usbd_storage.o
    0x08004dd8   0x08004dd8   0x0000000a   Code   RO         7138    i.SWAPBYTE          usbd_ctlreq.o
    0x08004de2   0x08004de2   0x00000018   Code   RO          417    i.SysTick_Handler   delay.o
    0x08004dfa   0x08004dfa   0x00000002   PAD
    0x08004dfc   0x08004dfc   0x00000010   Code   RO          376    i.SystemInit        system_stm32f4xx.o
    0x08004e0c   0x08004e0c   0x0000000c   Code   RO         5302    i.TIM3_IRQHandler   btim.o
    0x08004e18   0x08004e18   0x00000010   Code   RO         1787    i.UART_DMAAbortOnError  stm32f4xx_hal_uart.o
    0x08004e28   0x08004e28   0x00000030   Code   RO         1797    i.UART_EndRxTransfer  stm32f4xx_hal_uart.o
    0x08004e58   0x08004e58   0x0000001a   Code   RO         1798    i.UART_EndTransmit_IT  stm32f4xx_hal_uart.o
    0x08004e72   0x08004e72   0x000000b2   Code   RO         1800    i.UART_Receive_IT   stm32f4xx_hal_uart.o
    0x08004f24   0x08004f24   0x00000114   Code   RO         1801    i.UART_SetConfig    stm32f4xx_hal_uart.o
    0x08005038   0x08005038   0x00000036   Code   RO         1803    i.UART_Start_Receive_IT  stm32f4xx_hal_uart.o
    0x0800506e   0x0800506e   0x0000005e   Code   RO         1804    i.UART_Transmit_IT  stm32f4xx_hal_uart.o
    0x080050cc   0x080050cc   0x00000044   Code   RO          580    i.USART1_IRQHandler  usart.o
    0x08005110   0x08005110   0x00000012   Code   RO         6978    i.USBD_ClrClassConfig  usbd_core.o
    0x08005122   0x08005122   0x00000026   Code   RO         7139    i.USBD_ClrFeature   usbd_ctlreq.o
    0x08005148   0x08005148   0x00000010   Code   RO         7244    i.USBD_CtlContinueRx  usbd_ioreq.o
    0x08005158   0x08005158   0x00000010   Code   RO         7245    i.USBD_CtlContinueSendData  usbd_ioreq.o
    0x08005168   0x08005168   0x00000018   Code   RO         7140    i.USBD_CtlError     usbd_ctlreq.o
    0x08005180   0x08005180   0x00000016   Code   RO         7247    i.USBD_CtlReceiveStatus  usbd_ioreq.o
    0x08005196   0x08005196   0x0000001a   Code   RO         7248    i.USBD_CtlSendData  usbd_ioreq.o
    0x080051b0   0x080051b0   0x00000016   Code   RO         7249    i.USBD_CtlSendStatus  usbd_ioreq.o
    0x080051c6   0x080051c6   0x0000003a   Code   RO         7141    i.USBD_GetConfig    usbd_ctlreq.o
    0x08005200   0x08005200   0x000001b0   Code   RO         7142    i.USBD_GetDescriptor  usbd_ctlreq.o
    0x080053b0   0x080053b0   0x00000014   Code   RO         7143    i.USBD_GetLen       usbd_ctlreq.o
    0x080053c4   0x080053c4   0x0000003c   Code   RO         7144    i.USBD_GetStatus    usbd_ctlreq.o
    0x08005400   0x08005400   0x0000003e   Code   RO         7145    i.USBD_GetString    usbd_ctlreq.o
    0x0800543e   0x0800543e   0x00000002   PAD
    0x08005440   0x08005440   0x00000064   Code   RO         6980    i.USBD_Init         usbd_core.o
    0x080054a4   0x080054a4   0x0000000e   Code   RO         7646    i.USBD_LL_ClearStallEP  usbd_conf.o
    0x080054b2   0x080054b2   0x0000000e   Code   RO         7647    i.USBD_LL_CloseEP   usbd_conf.o
    0x080054c0   0x080054c0   0x000000bc   Code   RO         6981    i.USBD_LL_DataInStage  usbd_core.o
    0x0800557c   0x0800557c   0x0000006e   Code   RO         6982    i.USBD_LL_DataOutStage  usbd_core.o
    0x080055ea   0x080055ea   0x00000004   Code   RO         6983    i.USBD_LL_DevConnected  usbd_core.o
    0x080055ee   0x080055ee   0x0000001a   Code   RO         6984    i.USBD_LL_DevDisconnected  usbd_core.o
    0x08005608   0x08005608   0x0000000e   Code   RO         7650    i.USBD_LL_FlushEP   usbd_conf.o
    0x08005616   0x08005616   0x00000008   Code   RO         7651    i.USBD_LL_GetRxDataSize  usbd_conf.o
    0x0800561e   0x0800561e   0x00000002   PAD
    0x08005620   0x08005620   0x00000054   Code   RO         7652    i.USBD_LL_Init      usbd_conf.o
    0x08005674   0x08005674   0x00000020   Code   RO         7653    i.USBD_LL_IsStallEP  usbd_conf.o
    0x08005694   0x08005694   0x00000022   Code   RO         6985    i.USBD_LL_IsoINIncomplete  usbd_core.o
    0x080056b6   0x080056b6   0x00000022   Code   RO         6986    i.USBD_LL_IsoOUTIncomplete  usbd_core.o
    0x080056d8   0x080056d8   0x00000014   Code   RO         7654    i.USBD_LL_OpenEP    usbd_conf.o
    0x080056ec   0x080056ec   0x0000000e   Code   RO         7655    i.USBD_LL_PrepareReceive  usbd_conf.o
    0x080056fa   0x080056fa   0x0000005c   Code   RO         6987    i.USBD_LL_Reset     usbd_core.o
    0x08005756   0x08005756   0x00000014   Code   RO         6988    i.USBD_LL_Resume    usbd_core.o
    0x0800576a   0x0800576a   0x00000022   Code   RO         6989    i.USBD_LL_SOF       usbd_core.o
    0x0800578c   0x0800578c   0x00000006   Code   RO         6990    i.USBD_LL_SetSpeed  usbd_core.o
    0x08005792   0x08005792   0x00000002   PAD
    0x08005794   0x08005794   0x0000003c   Code   RO         7656    i.USBD_LL_SetUSBAddress  usbd_conf.o
    0x080057d0   0x080057d0   0x000000f4   Code   RO         6991    i.USBD_LL_SetupStage  usbd_core.o
    0x080058c4   0x080058c4   0x0000000e   Code   RO         7657    i.USBD_LL_StallEP   usbd_conf.o
    0x080058d2   0x080058d2   0x0000000e   Code   RO         7658    i.USBD_LL_Start     usbd_conf.o
    0x080058e0   0x080058e0   0x00000010   Code   RO         6992    i.USBD_LL_Suspend   usbd_core.o
    0x080058f0   0x080058f0   0x0000000e   Code   RO         7660    i.USBD_LL_Transmit  usbd_conf.o
    0x080058fe   0x080058fe   0x00000002   PAD
    0x08005900   0x08005900   0x00000030   Code   RO         7825    i.USBD_MSC_ConfigStrDescriptor  usbd_desc.o
    0x08005930   0x08005930   0x0000000a   Code   RO         7307    i.USBD_MSC_DataIn   usbd_msc.o
    0x0800593a   0x0800593a   0x0000000a   Code   RO         7308    i.USBD_MSC_DataOut  usbd_msc.o
    0x08005944   0x08005944   0x0000003a   Code   RO         7309    i.USBD_MSC_DeInit   usbd_msc.o
    0x0800597e   0x0800597e   0x00000002   PAD
    0x08005980   0x08005980   0x0000000c   Code   RO         7826    i.USBD_MSC_DeviceDescriptor  usbd_desc.o
    0x0800598c   0x0800598c   0x0000000c   Code   RO         7310    i.USBD_MSC_GetDeviceQualifierDescriptor  usbd_msc.o
    0x08005998   0x08005998   0x0000000c   Code   RO         7311    i.USBD_MSC_GetFSCfgDesc  usbd_msc.o
    0x080059a4   0x080059a4   0x0000000c   Code   RO         7312    i.USBD_MSC_GetHSCfgDesc  usbd_msc.o
    0x080059b0   0x080059b0   0x0000000c   Code   RO         7313    i.USBD_MSC_GetOtherSpeedCfgDesc  usbd_msc.o
    0x080059bc   0x080059bc   0x00000070   Code   RO         7314    i.USBD_MSC_Init     usbd_msc.o
    0x08005a2c   0x08005a2c   0x00000034   Code   RO         7827    i.USBD_MSC_InterfaceStrDescriptor  usbd_desc.o
    0x08005a60   0x08005a60   0x0000000c   Code   RO         7828    i.USBD_MSC_LangIDStrDescriptor  usbd_desc.o
    0x08005a6c   0x08005a6c   0x00000028   Code   RO         7829    i.USBD_MSC_ManufacturerStrDescriptor  usbd_desc.o
    0x08005a94   0x08005a94   0x00000054   Code   RO         7830    i.USBD_MSC_ProductStrDescriptor  usbd_desc.o
    0x08005ae8   0x08005ae8   0x00000010   Code   RO         7315    i.USBD_MSC_RegisterStorage  usbd_msc.o
    0x08005af8   0x08005af8   0x00000014   Code   RO         7831    i.USBD_MSC_SerialStrDescriptor  usbd_desc.o
    0x08005b0c   0x08005b0c   0x0000012e   Code   RO         7316    i.USBD_MSC_Setup    usbd_msc.o
    0x08005c3a   0x08005c3a   0x00000032   Code   RO         7146    i.USBD_ParseSetupRequest  usbd_ctlreq.o
    0x08005c6c   0x08005c6c   0x0000005c   Code   RO         6993    i.USBD_RegisterClass  usbd_core.o
    0x08005cc8   0x08005cc8   0x00000004   Code   RO         6994    i.USBD_RunTestMode  usbd_core.o
    0x08005ccc   0x08005ccc   0x00000094   Code   RO         7147    i.USBD_SetAddress   usbd_ctlreq.o
    0x08005d60   0x08005d60   0x00000014   Code   RO         6995    i.USBD_SetClassConfig  usbd_core.o
    0x08005d74   0x08005d74   0x00000110   Code   RO         7148    i.USBD_SetConfig    usbd_ctlreq.o
    0x08005e84   0x08005e84   0x00000010   Code   RO         7149    i.USBD_SetFeature   usbd_ctlreq.o
    0x08005e94   0x08005e94   0x00000004   Code   RO         6996    i.USBD_Start        usbd_core.o
    0x08005e98   0x08005e98   0x00000120   Code   RO         7150    i.USBD_StdDevReq    usbd_ctlreq.o
    0x08005fb8   0x08005fb8   0x000001dc   Code   RO         7151    i.USBD_StdEPReq     usbd_ctlreq.o
    0x08006194   0x08006194   0x0000006e   Code   RO         7152    i.USBD_StdItfReq    usbd_ctlreq.o
    0x08006202   0x08006202   0x00000002   PAD
    0x08006204   0x08006204   0x00000084   Code   RO         4887    i.USB_ActivateEndpoint  stm32f4xx_ll_usb.o
    0x08006288   0x08006288   0x0000001c   Code   RO         4889    i.USB_ActivateSetup  stm32f4xx_ll_usb.o
    0x080062a4   0x080062a4   0x00000080   Code   RO         4891    i.USB_CoreInit      stm32f4xx_ll_usb.o
    0x08006324   0x08006324   0x00000038   Code   RO         4892    i.USB_CoreReset     stm32f4xx_ll_usb.o
    0x0800635c   0x0800635c   0x000000c8   Code   RO         4895    i.USB_DeactivateEndpoint  stm32f4xx_ll_usb.o
    0x08006424   0x08006424   0x0000001c   Code   RO         4896    i.USB_DevConnect    stm32f4xx_ll_usb.o
    0x08006440   0x08006440   0x0000001c   Code   RO         4897    i.USB_DevDisconnect  stm32f4xx_ll_usb.o
    0x0800645c   0x0800645c   0x00000170   Code   RO         4898    i.USB_DevInit       stm32f4xx_ll_usb.o
    0x080065cc   0x080065cc   0x0000000c   Code   RO         4899    i.USB_DisableGlobalInt  stm32f4xx_ll_usb.o
    0x080065d8   0x080065d8   0x00000114   Code   RO         4902    i.USB_EP0StartXfer  stm32f4xx_ll_usb.o
    0x080066ec   0x080066ec   0x00000054   Code   RO         4903    i.USB_EP0_OutStart  stm32f4xx_ll_usb.o
    0x08006740   0x08006740   0x00000058   Code   RO         4904    i.USB_EPClearStall  stm32f4xx_ll_usb.o
    0x08006798   0x08006798   0x00000058   Code   RO         4905    i.USB_EPSetStall    stm32f4xx_ll_usb.o
    0x080067f0   0x080067f0   0x000001f4   Code   RO         4906    i.USB_EPStartXfer   stm32f4xx_ll_usb.o
    0x080069e4   0x080069e4   0x0000000c   Code   RO         4907    i.USB_EnableGlobalInt  stm32f4xx_ll_usb.o
    0x080069f0   0x080069f0   0x00000020   Code   RO         4908    i.USB_FlushRxFifo   stm32f4xx_ll_usb.o
    0x08006a10   0x08006a10   0x00000024   Code   RO         4909    i.USB_FlushTxFifo   stm32f4xx_ll_usb.o
    0x08006a34   0x08006a34   0x00000020   Code   RO         4911    i.USB_GetDevSpeed   stm32f4xx_ll_usb.o
    0x08006a54   0x08006a54   0x00000008   Code   RO         4913    i.USB_GetMode       stm32f4xx_ll_usb.o
    0x08006a5c   0x08006a5c   0x0000000e   Code   RO         4920    i.USB_ReadDevAllInEpInterrupt  stm32f4xx_ll_usb.o
    0x08006a6a   0x08006a6a   0x0000000e   Code   RO         4921    i.USB_ReadDevAllOutEpInterrupt  stm32f4xx_ll_usb.o
    0x08006a78   0x08006a78   0x00000024   Code   RO         4922    i.USB_ReadDevInEPInterrupt  stm32f4xx_ll_usb.o
    0x08006a9c   0x08006a9c   0x00000010   Code   RO         4923    i.USB_ReadDevOutEPInterrupt  stm32f4xx_ll_usb.o
    0x08006aac   0x08006aac   0x00000008   Code   RO         4924    i.USB_ReadInterrupts  stm32f4xx_ll_usb.o
    0x08006ab4   0x08006ab4   0x0000001e   Code   RO         4925    i.USB_ReadPacket    stm32f4xx_ll_usb.o
    0x08006ad2   0x08006ad2   0x00000030   Code   RO         4927    i.USB_SetCurrentMode  stm32f4xx_ll_usb.o
    0x08006b02   0x08006b02   0x0000001e   Code   RO         4928    i.USB_SetDevAddress  stm32f4xx_ll_usb.o
    0x08006b20   0x08006b20   0x0000000e   Code   RO         4929    i.USB_SetDevSpeed   stm32f4xx_ll_usb.o
    0x08006b2e   0x08006b2e   0x00000002   PAD
    0x08006b30   0x08006b30   0x000000f4   Code   RO         4930    i.USB_SetTurnaroundTime  stm32f4xx_ll_usb.o
    0x08006c24   0x08006c24   0x00000026   Code   RO         4933    i.USB_WritePacket   stm32f4xx_ll_usb.o
    0x08006c4a   0x08006c4a   0x00000002   Code   RO          323    i.UsageFault_Handler  stm32f4xx_it.o
    0x08006c4c   0x08006c4c   0x00000020   Code   RO          860    i.__NVIC_SetPriority  stm32f4xx_hal_cortex.o
    0x08006c6c   0x08006c6c   0x00000002   Code   RO          582    i._sys_exit         usart.o
    0x08006c6e   0x08006c6e   0x00000002   PAD
    0x08006c70   0x08006c70   0x00000030   Code   RO          418    i.delay_init        delay.o
    0x08006ca0   0x08006ca0   0x0000000a   Code   RO          419    i.delay_ms          delay.o
    0x08006caa   0x08006caa   0x00000002   PAD
    0x08006cac   0x08006cac   0x00000038   Code   RO          420    i.delay_us          delay.o
    0x08006ce4   0x08006ce4   0x00000014   Code   RO          584    i.fputc             usart.o
    0x08006cf8   0x08006cf8   0x00000018   Code   RO         5350    i.get_sd_card_state  sdio_sdcard.o
    0x08006d10   0x08006d10   0x00000074   Code   RO         5191    i.led_init          led.o
    0x08006d84   0x08006d84   0x00000158   Code   RO           13    i.main              main.o
    0x08006edc   0x08006edc   0x0000005c   Code   RO         6896    i.my_mem_free       malloc.o
    0x08006f38   0x08006f38   0x0000002c   Code   RO         6897    i.my_mem_init       malloc.o
    0x08006f64   0x08006f64   0x0000009c   Code   RO         6898    i.my_mem_malloc     malloc.o
    0x08007000   0x08007000   0x0000003c   Code   RO         6899    i.my_mem_perused    malloc.o
    0x0800703c   0x0800703c   0x0000000e   Code   RO         6900    i.my_mem_set        malloc.o
    0x0800704a   0x0800704a   0x00000002   PAD
    0x0800704c   0x0800704c   0x00000018   Code   RO         6901    i.myfree            malloc.o
    0x08007064   0x08007064   0x00000024   Code   RO         6902    i.mymalloc          malloc.o
    0x08007088   0x08007088   0x00000040   Code   RO         5437    i.norflash_erase_sector  norflash.o
    0x080070c8   0x080070c8   0x0000009c   Code   RO         5438    i.norflash_init     norflash.o
    0x08007164   0x08007164   0x00000050   Code   RO         5439    i.norflash_read     norflash.o
    0x080071b4   0x080071b4   0x00000054   Code   RO         5440    i.norflash_read_id  norflash.o
    0x08007208   0x08007208   0x0000004c   Code   RO         5441    i.norflash_read_sr  norflash.o
    0x08007254   0x08007254   0x00000034   Code   RO         5442    i.norflash_send_address  norflash.o
    0x08007288   0x08007288   0x0000000e   Code   RO         5443    i.norflash_wait_busy  norflash.o
    0x08007296   0x08007296   0x00000002   PAD
    0x08007298   0x08007298   0x000000a4   Code   RO         5444    i.norflash_write    norflash.o
    0x0800733c   0x0800733c   0x0000002c   Code   RO         5445    i.norflash_write_enable  norflash.o
    0x08007368   0x08007368   0x0000003e   Code   RO         5446    i.norflash_write_nocheck  norflash.o
    0x080073a6   0x080073a6   0x00000002   PAD
    0x080073a8   0x080073a8   0x00000054   Code   RO         5447    i.norflash_write_page  norflash.o
    0x080073fc   0x080073fc   0x00000050   Code   RO         5448    i.norflash_write_sr  norflash.o
    0x0800744c   0x0800744c   0x00000020   Code   RO         6072    i.prvResetNextTaskUnblockTime  tasks.o
    0x0800746c   0x0800746c   0x00000048   Code   RO         5351    i.sd_init           sdio_sdcard.o
    0x080074b4   0x080074b4   0x00000038   Code   RO         5352    i.sd_read_disk      sdio_sdcard.o
    0x080074ec   0x080074ec   0x00000038   Code   RO         5355    i.sd_write_disk     sdio_sdcard.o
    0x08007524   0x08007524   0x00000068   Code   RO         5536    i.spi1_init         spi.o
    0x0800758c   0x0800758c   0x00000020   Code   RO         5537    i.spi1_read_write_byte  spi.o
    0x080075ac   0x080075ac   0x00000034   Code   RO         5538    i.spi1_set_speed    spi.o
    0x080075e0   0x080075e0   0x00000168   Code   RO         5215    i.sram_init         sram.o
    0x08007748   0x08007748   0x00000098   Code   RO          501    i.sys_stm32_clock_init  sys.o
    0x080077e0   0x080077e0   0x00000038   Code   RO          585    i.usart_init        usart.o
    0x08007818   0x08007818   0x00000098   Code   RO         6111    i.vTaskSwitchContext  tasks.o
    0x080078b0   0x080078b0   0x0000002c   Code   RO         6815    i.xPortSysTickHandler  port.o
    0x080078dc   0x080078dc   0x0000001c   Code   RO         6126    i.xTaskGetSchedulerState  tasks.o
    0x080078f8   0x080078f8   0x00000164   Code   RO         6129    i.xTaskIncrementTick  tasks.o
    0x08007a5c   0x08007a5c   0x0000000a   Code   RO         8187    x$fpl$fpinit        fz_wm.l(fpinit.o)
    0x08007a66   0x08007a66   0x00000010   Data   RO          377    .constdata          system_stm32f4xx.o
    0x08007a76   0x08007a76   0x00000008   Data   RO          378    .constdata          system_stm32f4xx.o
    0x08007a7e   0x08007a7e   0x00000002   PAD
    0x08007a80   0x08007a80   0x00000024   Data   RO         6910    .constdata          malloc.o
    0x08007aa4   0x08007aa4   0x00000048   Data   RO         7908    .constdata          usbd_storage.o
    0x08007aec   0x08007aec   0x00000020   Data   RO         8238    Region$$Table       anon$$obj.o


    Execution Region RW_IRAM1 (Exec base: 0x20000000, Load base: 0x08007b0c, Size: 0x0001dca8, Max: 0x00020000, ABSOLUTE, COMPRESSED[0x000000e0])

    Exec Addr    Load Addr    Size         Type   Attr      Idx    E Section Name        Object

    0x20000000   COMPRESSED   0x00000004   Data   RW          379    .data               system_stm32f4xx.o
    0x20000004   COMPRESSED   0x00000004   Data   RW          421    .data               delay.o
    0x20000008   COMPRESSED   0x00000004   Data   RW          587    .data               usart.o
    0x2000000c   COMPRESSED   0x00000004   Data   RW          588    .data               usart.o
    0x20000010   COMPRESSED   0x0000000c   Data   RW          683    .data               stm32f4xx_hal.o
    0x2000001c   COMPRESSED   0x00000002   Data   RW         5450    .data               norflash.o
    0x2000001e   COMPRESSED   0x00000002   PAD
    0x20000020   COMPRESSED   0x00000040   Data   RW         6136    .data               tasks.o
    0x20000060   COMPRESSED   0x00000024   Data   RW         6911    .data               malloc.o
    0x20000084   COMPRESSED   0x00000001   Data   RW         7153    .data               usbd_ctlreq.o
    0x20000085   COMPRESSED   0x00000003   PAD
    0x20000088   COMPRESSED   0x00000038   Data   RW         7317    .data               usbd_msc.o
    0x200000c0   COMPRESSED   0x0000006a   Data   RW         7318    .data               usbd_msc.o
    0x2000012a   COMPRESSED   0x00000006   Data   RW         7477    .data               usbd_msc_data.o
    0x20000130   COMPRESSED   0x00000008   Data   RW         7478    .data               usbd_msc_data.o
    0x20000138   COMPRESSED   0x00000017   Data   RW         7479    .data               usbd_msc_data.o
    0x2000014f   COMPRESSED   0x0000001b   Data   RW         7480    .data               usbd_msc_data.o
    0x2000016a   COMPRESSED   0x00000001   Data   RW         7662    .data               usbd_conf.o
    0x2000016b   COMPRESSED   0x00000001   PAD
    0x2000016c   COMPRESSED   0x0000001c   Data   RW         7833    .data               usbd_desc.o
    0x20000188   COMPRESSED   0x00000032   Data   RW         7834    .data               usbd_desc.o
    0x200001ba   COMPRESSED   0x00000001   Data   RW         7909    .data               usbd_storage.o
    0x200001bb   COMPRESSED   0x00000001   PAD
    0x200001bc   COMPRESSED   0x00000020   Data   RW         7910    .data               usbd_storage.o
    0x200001dc        -       0x000002d0   Zero   RW           14    .bss                main.o
    0x200004ac        -       0x0000010c   Zero   RW          586    .bss                usart.o
    0x200005b8        -       0x00000050   Zero   RW         5220    .bss                sram.o
    0x20000608        -       0x00000048   Zero   RW         5304    .bss                btim.o
    0x20000650        -       0x000000a4   Zero   RW         5357    .bss                sdio_sdcard.o
    0x200006f4        -       0x00001000   Zero   RW         5449    .bss                norflash.o
    0x200016f4        -       0x00000058   Zero   RW         5539    .bss                spi.o
    0x2000174c        -       0x000002e4   Zero   RW         6135    .bss                tasks.o
    0x20001a30   COMPRESSED   0x00000010   PAD
    0x20001a40        -       0x00019000   Zero   RW         6908    .bss                malloc.o
    0x2001aa40        -       0x00001900   Zero   RW         6909    .bss                malloc.o
    0x2001c340        -       0x00000408   Zero   RW         7661    .bss                usbd_conf.o
    0x2001c748        -       0x00000100   Zero   RW         7832    .bss                usbd_desc.o
    0x2001c848        -       0x00000060   Zero   RW         8119    .bss                c_w.l(libspace.o)
    0x2001c8a8        -       0x00001000   Zero   RW            2    HEAP                startup_stm32f407xx.o
    0x2001d8a8        -       0x00000400   Zero   RW            1    STACK               startup_stm32f407xx.o



  Load Region LR$$.ARM.__AT_0x10000000 (Base: 0x10000000, Size: 0x00000000, Max: 0x0000f000, ABSOLUTE)

    Execution Region ER$$.ARM.__AT_0x10000000 (Exec base: 0x10000000, Load base: 0x10000000, Size: 0x0000f000, Max: 0x0000f000, ABSOLUTE, UNINIT)

    Exec Addr    Load Addr    Size         Type   Attr      Idx    E Section Name        Object

    0x10000000        -       0x0000f000   Zero   RW         6904    .ARM.__AT_0x10000000  malloc.o



  Load Region LR$$.ARM.__AT_0x1000F000 (Base: 0x1000f000, Size: 0x00000000, Max: 0x00000f00, ABSOLUTE)

    Execution Region ER$$.ARM.__AT_0x1000F000 (Exec base: 0x1000f000, Load base: 0x1000f000, Size: 0x00000f00, Max: 0x00000f00, ABSOLUTE, UNINIT)

    Exec Addr    Load Addr    Size         Type   Attr      Idx    E Section Name        Object

    0x1000f000        -       0x00000f00   Zero   RW         6905    .ARM.__AT_0x1000F000  malloc.o



  Load Region LR$$.ARM.__AT_0x68000000 (Base: 0x68000000, Size: 0x00000000, Max: 0x0007d000, ABSOLUTE)

    Execution Region ER$$.ARM.__AT_0x68000000 (Exec base: 0x68000000, Load base: 0x68000000, Size: 0x0007d000, Max: 0x0007d000, ABSOLUTE, UNINIT)

    Exec Addr    Load Addr    Size         Type   Attr      Idx    E Section Name        Object

    0x68000000        -       0x0007d000   Zero   RW         6906    .ARM.__AT_0x68000000  malloc.o



  Load Region LR$$.ARM.__AT_0x6807D000 (Base: 0x6807d000, Size: 0x00000000, Max: 0x00007d00, ABSOLUTE)

    Execution Region ER$$.ARM.__AT_0x6807D000 (Exec base: 0x6807d000, Load base: 0x6807d000, Size: 0x00007d00, Max: 0x00007d00, ABSOLUTE, UNINIT)

    Exec Addr    Load Addr    Size         Type   Attr      Idx    E Section Name        Object

    0x6807d000        -       0x00007d00   Zero   RW         6907    .ARM.__AT_0x6807D000  malloc.o


==============================================================================

Image component sizes


      Code (inc. data)   RO Data    RW Data    ZI Data      Debug   Object Name

        40         16          0          0         72       1601   btim.o
       144         10          0          4          0       5557   delay.o
       116         14          0          0          0        951   led.o
       344         66          0          0        720     746333   main.o
       426         46         36         36     718080       6783   malloc.o
       960         62          0          2       4096       9084   norflash.o
       234         22          0          0          0       4074   port.o
       436         44          0          0        164       4515   sdio_sdcard.o
       320         36          0          0         88       3007   spi.o
       360         30          0          0         80       1573   sram.o
        80         32        392          0       5120        992   startup_stm32f407xx.o
       154         28          0         12          0       9934   stm32f4xx_hal.o
       226         14          0          0          0      34781   stm32f4xx_hal_cortex.o
       178          0          0          0          0       2027   stm32f4xx_hal_dma.o
       494         46          0          0          0       3013   stm32f4xx_hal_gpio.o
      2432         68          0          0          0      14292   stm32f4xx_hal_pcd.o
        76          0          0          0          0       2553   stm32f4xx_hal_pcd_ex.o
      1472         76          0          0          0       6436   stm32f4xx_hal_rcc.o
      2820         34          0          0          0      14628   stm32f4xx_hal_sd.o
      1122         14          0          0          0       4989   stm32f4xx_hal_spi.o
        90          0          0          0          0       1831   stm32f4xx_hal_sram.o
       374          0          0          0          0       3766   stm32f4xx_hal_tim.o
         4          0          0          0          0       1609   stm32f4xx_hal_tim_ex.o
      1320         16          0          0          0      10868   stm32f4xx_hal_uart.o
        12          0          0          0          0       2825   stm32f4xx_it.o
       210          8          0          0          0       2867   stm32f4xx_ll_fsmc.o
      1708         42          0          0          0      24963   stm32f4xx_ll_sdmmc.o
      2628        132          0          0          0      23686   stm32f4xx_ll_usb.o
       152         12          0          0          0       1339   sys.o
        16          4         24          4          0       1375   system_stm32f4xx.o
       568        130          0         64        740      20738   tasks.o
       398         56          0          8        268       5841   usart.o
       902        262          0          1       1032      16578   usbd_conf.o
      1046        204          0          0          0      19081   usbd_core.o
      2064        240          0          1          0      18080   usbd_ctlreq.o
       382        136          0         78        256       7374   usbd_desc.o
       102          0          0          0          0       9360   usbd_ioreq.o
       556         16          0        162          0      13214   usbd_msc.o
       724         12          0          0          0      10168   usbd_msc_bot.o
         0          0          0         64          0        965   usbd_msc_data.o
      2924         22          0          0          0      21051   usbd_msc_scsi.o
       488        166         72         33          0       7337   usbd_storage.o

    ----------------------------------------------------------------------
     29156       2116        558        476     730732    1102039   Object Totals
         0          0         32          0          0          0   (incl. Generated)
        54          0          2          7         16          0   (incl. Padding)

    ----------------------------------------------------------------------

      Code (inc. data)   RO Data    RW Data    ZI Data      Debug   Library Member Name

        24          4          0          0          0         84   __2printf.o
        90          0          0          0          0          0   __dczerorl2.o
         8          0          0          0          0         68   __main.o
       184          0          0          0          0         84   __printf_ss.o
         0          0          0          0          0          0   __rtentry.o
        12          0          0          0          0          0   __rtentry2.o
         6          0          0          0          0          0   __rtentry4.o
        52          8          0          0          0          0   __scatter.o
        28          0          0          0          0          0   __scatter_zi.o
         6          0          0          0          0          0   _printf_c.o
        44          0          0          0          0        108   _printf_char.o
        48          6          0          0          0         96   _printf_char_common.o
        36          4          0          0          0         80   _printf_char_file.o
         6          0          0          0          0          0   _printf_d.o
       120         16          0          0          0         92   _printf_dec.o
       178          0          0          0          0         88   _printf_intcommon.o
        10          0          0          0          0          0   _printf_ll.o
         6          0          0          0          0          0   _printf_lld.o
       124         16          0          0          0         92   _printf_longlong_dec.o
         0          0          0          0          0          0   _printf_percent.o
         4          0          0          0          0          0   _printf_percent_end.o
         6          0          0          0          0          0   _printf_s.o
        82          0          0          0          0         80   _printf_str.o
        18          0          0          0          0         80   exit.o
         8          0          0          0          0         68   ferror.o
         6          0          0          0          0        152   heapauxi.o
         2          0          0          0          0          0   libinit.o
         6          0          0          0          0          0   libinit2.o
         2          0          0          0          0          0   libshutdown.o
         2          0          0          0          0          0   libshutdown2.o
         8          4          0          0         96         68   libspace.o
       138          0          0          0          0         80   lludiv10.o
       238          0          0          0          0        100   lludivv7m.o
        78          0          0          0          0         80   rt_memclr_w.o
       100          0          0          0          0         80   rt_memcpy_w.o
         2          0          0          0          0          0   rtexit.o
        10          0          0          0          0          0   rtexit2.o
        74          0          0          0          0         80   sys_stackheap_outer.o
         2          0          0          0          0         68   use_no_semi.o
         2          0          0          0          0         68   use_no_semi_2.o
        10          0          0          0          0        116   fpinit.o

    ----------------------------------------------------------------------
      1786         58          0          0         96       1912   Library Totals
         6          0          0          0          0          0   (incl. Padding)

    ----------------------------------------------------------------------

      Code (inc. data)   RO Data    RW Data    ZI Data      Debug   Library Name

      1770         58          0          0         96       1796   c_w.l
        10          0          0          0          0        116   fz_wm.l

    ----------------------------------------------------------------------
      1786         58          0          0         96       1912   Library Totals

    ----------------------------------------------------------------------

==============================================================================


      Code (inc. data)   RO Data    RW Data    ZI Data      Debug   

     30942       2174        558        476     730828    1071167   Grand Totals
     30942       2174        558        224     730828    1071167   ELF Image Totals (compressed)
     30942       2174        558        224          0          0   ROM Totals

==============================================================================

    Total RO  Size (Code + RO Data)                31500 (  30.76kB)
    Total RW  Size (RW Data + ZI Data)            731304 ( 714.16kB)
    Total ROM Size (Code + RO Data + RW Data)      31724 (  30.98kB)

==============================================================================

