<html>
<body>
<pre>
<h1>µVision Build Log</h1>
<h2>Tool Versions:</h2>
IDE-Version: ¦ÌVision V5.41.0.0
Copyright (C) 2024 ARM Ltd and ARM Germany GmbH. All rights reserved.
License Information: stars 1526560658@qq.com, whut, LIC=CZLZX-HGLXM-ARIXW-QRRK6-6JJCP-NE6ZL
 
Tool Versions:
Toolchain:       MDK-ARM Plus  Version: 5.41.0.0
Toolchain Path:  E:\mcu\keil\core\ARM\ARMCC\Bin
C Compiler:      Armcc.exe V5.06 update 7 (build 960)
Assembler:       Armasm.exe V5.06 update 7 (build 960)
Linker/Locator:  ArmLink.exe V5.06 update 7 (build 960)
Library Manager: ArmAr.exe V5.06 update 7 (build 960)
Hex Converter:   FromElf.exe V5.06 update 7 (build 960)
CPU DLL:         SARMCM3.DLL V5.41.0.0
Dialog DLL:      DCM.DLL V1.17.5.0
Target DLL:      CMSIS_AGDI.dll V1.33.21.0
Dialog DLL:      TCM.DLL V1.56.4.0
 
<h2>Project:</h2>
D:\documents\keil_projects\Template\Projects\MDK-ARM\atk_f407.uvprojx
Project File Date:  04/12/2025

<h2>Output:</h2>
*** Using Compiler 'V5.06 update 7 (build 960)', folder: 'E:\mcu\keil\core\ARM\ARMCC\Bin'
Build target 'GTIM'
Note: source file '..\..\Middlewares\FATFS\exfuns\exfuns.c' - object file renamed from '..\..\Output\exfuns.o' to '..\..\Output\exfuns_1.o'.
compiling freertos_demo.c...
..\..\User\freertos_handler.h(17): warning:  #1-D: last line of file ends without a newline
  void OTG_FS_IRQHandler_Thread(void *pvParameters);
..\..\User\freertos_demo.c(266): warning:  #177-D: variable "id"  was declared but never referenced
  		uint16_t id;
..\..\User\freertos_demo.c(271): warning:  #177-D: variable "card_capacity"  was declared but never referenced
      uint64_t card_capacity; 
..\..\User\freertos_demo.c(338): warning:  #177-D: variable "total"  was declared but never referenced
  		uint32_t total, free;
..\..\User\freertos_demo.c(338): warning:  #177-D: variable "free"  was declared but never referenced
  		uint32_t total, free;
..\..\User\freertos_demo.c(339): warning:  #177-D: variable "t"  was declared but never referenced
      uint8_t t = 0;
..\..\User\freertos_demo.c: 6 warnings, 0 errors
linking...
Program Size: Code=59368 RO-data=1720 RW-data=584 ZI-data=132448  
FromELF: creating hex file...
"..\..\Output\atk_f407.axf" - 0 Error(s), 6 Warning(s).

<h2>Software Packages used:</h2>

Package Vendor: Keil
                https://www.keil.com/pack/Keil.STM32F4xx_DFP.3.0.0.pack
                Keil::STM32F4xx_DFP@3.0.0
                STMicroelectronics STM32F4 Series Device Support

<h2>Collection of Component include folders:</h2>

<h2>Collection of Component Files used:</h2>
Build Time Elapsed:  00:00:04
</pre>
</body>
</html>
