Component: ARM Compiler 5.06 update 7 (build 960) Tool: armlink [4d3601]

==============================================================================

Section Cross References

    startup_stm32f407xx.o(STACK) refers (Special) to heapauxi.o(.text) for __use_two_region_memory
    startup_stm32f407xx.o(HEAP) refers (Special) to heapauxi.o(.text) for __use_two_region_memory
    startup_stm32f407xx.o(RESET) refers (Special) to heapauxi.o(.text) for __use_two_region_memory
    startup_stm32f407xx.o(RESET) refers to startup_stm32f407xx.o(STACK) for __initial_sp
    startup_stm32f407xx.o(RESET) refers to startup_stm32f407xx.o(.text) for Reset_Handler
    startup_stm32f407xx.o(RESET) refers to stm32f4xx_it.o(i.NMI_Handler) for NMI_Handler
    startup_stm32f407xx.o(RESET) refers to stm32f4xx_it.o(i.HardFault_Handler) for HardFault_Handler
    startup_stm32f407xx.o(RESET) refers to stm32f4xx_it.o(i.MemManage_Handler) for MemManage_Handler
    startup_stm32f407xx.o(RESET) refers to stm32f4xx_it.o(i.BusFault_Handler) for BusFault_Handler
    startup_stm32f407xx.o(RESET) refers to stm32f4xx_it.o(i.UsageFault_Handler) for UsageFault_Handler
    startup_stm32f407xx.o(RESET) refers to port.o(.emb_text) for SVC_Handler
    startup_stm32f407xx.o(RESET) refers to stm32f4xx_it.o(i.DebugMon_Handler) for DebugMon_Handler
    startup_stm32f407xx.o(RESET) refers to delay.o(i.SysTick_Handler) for SysTick_Handler
    startup_stm32f407xx.o(RESET) refers to btim.o(i.TIM3_IRQHandler) for TIM3_IRQHandler
    startup_stm32f407xx.o(RESET) refers to usart.o(i.USART1_IRQHandler) for USART1_IRQHandler
    startup_stm32f407xx.o(RESET) refers to usbd_conf.o(i.OTG_FS_IRQHandler) for OTG_FS_IRQHandler
    startup_stm32f407xx.o(.text) refers (Special) to heapauxi.o(.text) for __use_two_region_memory
    startup_stm32f407xx.o(.text) refers to system_stm32f4xx.o(i.SystemInit) for SystemInit
    startup_stm32f407xx.o(.text) refers to __main.o(!!!main) for __main
    startup_stm32f407xx.o(.text) refers to startup_stm32f407xx.o(HEAP) for Heap_Mem
    startup_stm32f407xx.o(.text) refers to startup_stm32f407xx.o(STACK) for Stack_Mem
    main.o(i.main) refers to stm32f4xx_hal.o(i.HAL_Init) for HAL_Init
    main.o(i.main) refers to sys.o(i.sys_stm32_clock_init) for sys_stm32_clock_init
    main.o(i.main) refers to delay.o(i.delay_init) for delay_init
    main.o(i.main) refers to stm32f4xx_hal_cortex.o(i.HAL_NVIC_SetPriorityGrouping) for HAL_NVIC_SetPriorityGrouping
    main.o(i.main) refers to usart.o(i.usart_init) for usart_init
    main.o(i.main) refers to led.o(i.led_init) for led_init
    main.o(i.main) refers to key.o(i.key_init) for key_init
    main.o(i.main) refers to sram.o(i.sram_init) for sram_init
    main.o(i.main) refers to malloc.o(i.my_mem_init) for my_mem_init
    main.o(i.main) refers to freertos_demo.o(i.freertos_demo) for freertos_demo
    system_stm32f4xx.o(i.SystemCoreClockUpdate) refers to system_stm32f4xx.o(.data) for SystemCoreClock
    system_stm32f4xx.o(i.SystemCoreClockUpdate) refers to system_stm32f4xx.o(.constdata) for AHBPrescTable
    freertos_demo.o(i.freertos_demo) refers to __2printf.o(.text) for __2printf
    freertos_demo.o(i.freertos_demo) refers to tasks.o(i.xTaskCreate) for xTaskCreate
    freertos_demo.o(i.freertos_demo) refers to tasks.o(i.vTaskStartScheduler) for vTaskStartScheduler
    freertos_demo.o(i.freertos_demo) refers to freertos_demo.o(.data) for StartTask_Handler
    freertos_demo.o(i.freertos_demo) refers to freertos_demo.o(i.start_task) for start_task
    freertos_demo.o(i.start_task) refers to port.o(i.vPortEnterCritical) for vPortEnterCritical
    freertos_demo.o(i.start_task) refers to delay.o(i.delay_ms) for delay_ms
    freertos_demo.o(i.start_task) refers to stm32f4xx_hal_gpio.o(i.HAL_GPIO_TogglePin) for HAL_GPIO_TogglePin
    freertos_demo.o(i.start_task) refers to __2printf.o(.text) for __2printf
    freertos_demo.o(i.start_task) refers to sdio_sdcard.o(i.sd_init) for sd_init
    freertos_demo.o(i.start_task) refers to sdio_sdcard.o(i.show_sdcard_info) for show_sdcard_info
    freertos_demo.o(i.start_task) refers to norflash.o(i.norflash_init) for norflash_init
    freertos_demo.o(i.start_task) refers to norflash.o(i.norflash_read_id) for norflash_read_id
    freertos_demo.o(i.start_task) refers to queue.o(i.xQueueGenericCreate) for xQueueGenericCreate
    freertos_demo.o(i.start_task) refers to tasks.o(i.xTaskCreate) for xTaskCreate
    freertos_demo.o(i.start_task) refers to tasks.o(i.vTaskDelete) for vTaskDelete
    freertos_demo.o(i.start_task) refers to port.o(i.vPortExitCritical) for vPortExitCritical
    freertos_demo.o(i.start_task) refers to freertos_hadler.o(.data) for usdb_handler_binarysema
    freertos_demo.o(i.start_task) refers to freertos_demo.o(.data) for TaskUSBDTask_Handler
    freertos_demo.o(i.start_task) refers to freertos_demo.o(i.task_usbd) for task_usbd
    freertos_demo.o(i.start_task) refers to freertos_demo.o(i.task_fatfs) for task_fatfs
[...]
    USB_EnableGlobalInt                      0x080081a9   Thumb Code    14  stm32f4xx_ll_usb.o(i.USB_EnableGlobalInt)
    USB_FlushRxFifo                          0x080081b9   Thumb Code    38  stm32f4xx_ll_usb.o(i.USB_FlushRxFifo)
    USB_FlushTxFifo                          0x080081e5   Thumb Code    44  stm32f4xx_ll_usb.o(i.USB_FlushTxFifo)
    USB_GetDevSpeed                          0x08008215   Thumb Code    38  stm32f4xx_ll_usb.o(i.USB_GetDevSpeed)
    USB_GetMode                              0x0800823b   Thumb Code    10  stm32f4xx_ll_usb.o(i.USB_GetMode)
    USB_ReadDevAllInEpInterrupt              0x08008245   Thumb Code    20  stm32f4xx_ll_usb.o(i.USB_ReadDevAllInEpInterrupt)
    USB_ReadDevAllOutEpInterrupt             0x08008259   Thumb Code    20  stm32f4xx_ll_usb.o(i.USB_ReadDevAllOutEpInterrupt)
    USB_ReadDevInEPInterrupt                 0x0800826d   Thumb Code    50  stm32f4xx_ll_usb.o(i.USB_ReadDevInEPInterrupt)
    USB_ReadDevOutEPInterrupt                0x0800829f   Thumb Code    26  stm32f4xx_ll_usb.o(i.USB_ReadDevOutEPInterrupt)
    USB_ReadInterrupts                       0x080082b9   Thumb Code    10  stm32f4xx_ll_usb.o(i.USB_ReadInterrupts)
    USB_ReadPacket                           0x080082c3   Thumb Code    34  stm32f4xx_ll_usb.o(i.USB_ReadPacket)
    USB_SetCurrentMode                       0x080082e5   Thumb Code    54  stm32f4xx_ll_usb.o(i.USB_SetCurrentMode)
    USB_SetDevAddress                        0x0800831b   Thumb Code    42  stm32f4xx_ll_usb.o(i.USB_SetDevAddress)
    USB_SetDevSpeed                          0x08008345   Thumb Code    18  stm32f4xx_ll_usb.o(i.USB_SetDevSpeed)
    USB_SetTurnaroundTime                    0x08008359   Thumb Code   192  stm32f4xx_ll_usb.o(i.USB_SetTurnaroundTime)
    USB_WritePacket                          0x08008441   Thumb Code    60  stm32f4xx_ll_usb.o(i.USB_WritePacket)
    UsageFault_Handler                       0x0800847d   Thumb Code     4  stm32f4xx_it.o(i.UsageFault_Handler)
    _is_digit                                0x080084b9   Thumb Code    14  __printf_wp.o(i._is_digit)
    _sys_exit                                0x080084c7   Thumb Code     4  usart.o(i._sys_exit)
    delay_init                               0x08008c4d   Thumb Code    52  delay.o(i.delay_init)
    delay_ms                                 0x08008c85   Thumb Code    18  delay.o(i.delay_ms)
    delay_us                                 0x08008c99   Thumb Code    68  delay.o(i.delay_us)
    disk_initialize                          0x0800947d   Thumb Code    44  diskio.o(i.disk_initialize)
    disk_ioctl                               0x080094a9   Thumb Code   124  diskio.o(i.disk_ioctl)
    disk_read                                0x08009529   Thumb Code   126  diskio.o(i.disk_read)
    disk_status                              0x080095a7   Thumb Code     6  diskio.o(i.disk_status)
    disk_write                               0x080095ad   Thumb Code   126  diskio.o(i.disk_write)
    exfuns_init                              0x0800962d   Thumb Code    64  exfuns_1.o(i.exfuns_init)
    f_close                                  0x08009671   Thumb Code    34  ff.o(i.f_close)
    f_mount                                  0x08009695   Thumb Code    90  ff.o(i.f_mount)
    f_open                                   0x080096f5   Thumb Code   786  ff.o(i.f_open)
    f_read                                   0x08009a07   Thumb Code   552  ff.o(i.f_read)
    f_sync                                   0x08009c2f   Thumb Code   424  ff.o(i.f_sync)
    ff_memalloc                              0x08009dd7   Thumb Code    14  ffsystem.o(i.ff_memalloc)
    ff_memfree                               0x08009de5   Thumb Code    14  ffsystem.o(i.ff_memfree)
    ff_oem2uni                               0x08009df5   Thumb Code    38  ffunicode.o(i.ff_oem2uni)
    ff_uni2oem                               0x08009e21   Thumb Code    58  ffunicode.o(i.ff_uni2oem)
    ff_wtoupper                              0x08009e61   Thumb Code   166  ffunicode.o(i.ff_wtoupper)
    fputc                                    0x0800a16d   Thumb Code    22  usart.o(i.fputc)
    freertos_demo                            0x0800a189   Thumb Code    34  freertos_demo.o(i.freertos_demo)
    get_fattime                              0x0800a439   Thumb Code     4  ffsystem.o(i.get_fattime)
    get_sd_card_info                         0x0800a491   Thumb Code    18  sdio_sdcard.o(i.get_sd_card_info)
    get_sd_card_state                        0x0800a4a9   Thumb Code    20  sdio_sdcard.o(i.get_sd_card_state)
    key_init                                 0x0800a4f5   Thumb Code   242  key.o(i.key_init)
    key_scan                                 0x0800a5f5   Thumb Code   190  key.o(i.key_scan)
    led_init                                 0x0800a76d   Thumb Code   144  led.o(i.led_init)
    main                                     0x0800a957   Thumb Code    78  main.o(i.main)
    mf_free                                  0x0800a9a5   Thumb Code    26  fattester.o(i.mf_free)
    mf_init                                  0x0800a9c5   Thumb Code    58  fattester.o(i.mf_init)
    my_mem_init                              0x0800af1d   Thumb Code    38  malloc.o(i.my_mem_init)
    my_mem_perused                           0x0800aff5   Thumb Code    56  malloc.o(i.my_mem_perused)
    my_mem_set                               0x0800b035   Thumb Code    20  malloc.o(i.my_mem_set)
    myfree                                   0x0800b049   Thumb Code    30  malloc.o(i.myfree)
    mymalloc                                 0x0800b06d   Thumb Code    34  malloc.o(i.mymalloc)
    norflash_erase_sector                    0x0800b095   Thumb Code    62  norflash.o(i.norflash_erase_sector)
    norflash_init                            0x0800b0d9   Thumb Code   178  norflash.o(i.norflash_init)
    norflash_read                            0x0800b199   Thumb Code    76  norflash.o(i.norflash_read)
    norflash_read_id                         0x0800b1e9   Thumb Code    76  norflash.o(i.norflash_read_id)
    norflash_read_sr                         0x0800b239   Thumb Code    88  norflash.o(i.norflash_read_sr)
    norflash_write                           0x0800b2dd   Thumb Code   180  norflash.o(i.norflash_write)
    norflash_write_enable                    0x0800b395   Thumb Code    40  norflash.o(i.norflash_write_enable)
    norflash_write_sr                        0x0800b461   Thumb Code    84  norflash.o(i.norflash_write_sr)
    pvPortMalloc                             0x0800c381   Thumb Code   412  heap_4.o(i.pvPortMalloc)
    pxPortInitialiseStack                    0x0800c581   Thumb Code    38  port.o(i.pxPortInitialiseStack)
    sd_init                                  0x0800c6f9   Thumb Code    70  sdio_sdcard.o(i.sd_init)
    sd_read_disk                             0x0800c74d   Thumb Code    72  sdio_sdcard.o(i.sd_read_disk)
    sd_write_disk                            0x0800c79d   Thumb Code    72  sdio_sdcard.o(i.sd_write_disk)
    show_sdcard_info                         0x0800c7ed   Thumb Code   148  sdio_sdcard.o(i.show_sdcard_info)
    spi1_init                                0x0800c949   Thumb Code   114  spi.o(i.spi1_init)
    spi1_read_write_byte                     0x0800c9c9   Thumb Code    28  spi.o(i.spi1_read_write_byte)
    spi1_set_speed                           0x0800c9e9   Thumb Code    68  spi.o(i.spi1_set_speed)
    sram_init                                0x0800ca31   Thumb Code   466  sram.o(i.sram_init)
    start_task                               0x0800ccc5   Thumb Code   212  freertos_demo.o(i.start_task)
    sys_stm32_clock_init                     0x0800cff9   Thumb Code   192  sys.o(i.sys_stm32_clock_init)
    task_fatfs                               0x0800d0c5   Thumb Code   184  freertos_demo.o(i.task_fatfs)
    task_usbd                                0x0800d231   Thumb Code   238  freertos_demo.o(i.task_usbd)
    usart_init                               0x0800d3cd   Thumb Code    44  usart.o(i.usart_init)
    uxListRemove                             0x0800d405   Thumb Code    40  list.o(i.uxListRemove)
    uxTaskGetNumberOfTasks                   0x0800d42d   Thumb Code     6  tasks.o(i.uxTaskGetNumberOfTasks)
    vListInitialise                          0x0800d439   Thumb Code    26  list.o(i.vListInitialise)
    vListInitialiseItem                      0x0800d453   Thumb Code     6  list.o(i.vListInitialiseItem)
    vListInsert                              0x0800d459   Thumb Code    52  list.o(i.vListInsert)
    vListInsertEnd                           0x0800d48d   Thumb Code    24  list.o(i.vListInsertEnd)
    vPortEnterCritical                       0x0800d4a5   Thumb Code    68  port.o(i.vPortEnterCritical)
    vPortExitCritical                        0x0800d53d   Thumb Code    48  port.o(i.vPortExitCritical)
    vPortFree                                0x0800d5bd   Thumb Code   144  heap_4.o(i.vPortFree)
    vPortSetupTimerInterrupt                 0x0800d6a5   Thumb Code    36  port.o(i.vPortSetupTimerInterrupt)
    vQueueAddToRegistry                      0x0800d6cd   Thumb Code    84  queue.o(i.vQueueAddToRegistry)
    vQueueWaitForMessageRestricted           0x0800d759   Thumb Code    74  queue.o(i.vQueueWaitForMessageRestricted)
    vTaskDelay                               0x0800d7a5   Thumb Code    72  tasks.o(i.vTaskDelay)
    vTaskDelete                              0x0800d829   Thumb Code   224  tasks.o(i.vTaskDelete)
    vTaskInternalSetTimeOutState             0x0800d965   Thumb Code    14  tasks.o(i.vTaskInternalSetTimeOutState)
    vTaskMissedYield                         0x0800d97d   Thumb Code     8  tasks.o(i.vTaskMissedYield)
    vTaskPlaceOnEventList                    0x0800d989   Thumb Code    42  tasks.o(i.vTaskPlaceOnEventList)
    vTaskPlaceOnEventListRestricted          0x0800d9ed   Thumb Code    88  tasks.o(i.vTaskPlaceOnEventListRestricted)
    vTaskStartScheduler                      0x0800da7d   Thumb Code    96  tasks.o(i.vTaskStartScheduler)
    vTaskSuspendAll                          0x0800db21   Thumb Code    12  tasks.o(i.vTaskSuspendAll)
    vTaskSwitchContext                       0x0800db31   Thumb Code   118  tasks.o(i.vTaskSwitchContext)
    xPortStartScheduler                      0x0800dc2d   Thumb Code   290  port.o(i.xPortStartScheduler)
    xPortSysTickHandler                      0x0800ddb9   Thumb Code    46  port.o(i.xPortSysTickHandler)
    xQueueGenericCreate                      0x0800dded   Thumb Code    92  queue.o(i.xQueueGenericCreate)
    xQueueGenericReset                       0x0800de7d   Thumb Code   194  queue.o(i.xQueueGenericReset)
    xQueueReceive                            0x0800df79   Thumb Code   326  queue.o(i.xQueueReceive)
    xTaskCheckForTimeOut                     0x0800e0f9   Thumb Code   140  tasks.o(i.xTaskCheckForTimeOut)
    xTaskCreate                              0x0800e1c5   Thumb Code    56  tasks.o(i.xTaskCreate)
    xTaskGetSchedulerState                   0x0800e1fd   Thumb Code    24  tasks.o(i.xTaskGetSchedulerState)
    xTaskGetTickCount                        0x0800e21d   Thumb Code     6  tasks.o(i.xTaskGetTickCount)
    xTaskIncrementTick                       0x0800e229   Thumb Code   406  tasks.o(i.xTaskIncrementTick)
    xTaskPriorityDisinherit                  0x0800e421   Thumb Code   214  tasks.o(i.xTaskPriorityDisinherit)
    xTaskRemoveFromEventList                 0x0800e539   Thumb Code   270  tasks.o(i.xTaskRemoveFromEventList)
    xTaskResumeAll                           0x0800e695   Thumb Code   372  tasks.o(i.xTaskResumeAll)
    xTimerCreateTimerTask                    0x0800e861   Thumb Code    56  timers.o(i.xTimerCreateTimerTask)
    _fp_init                                 0x0800e967   Thumb Code    10  fpinit.o(x$fpl$fpinit)
    __fplib_config_fpu_vfp                   0x0800e96f   Thumb Code     0  fpinit.o(x$fpl$fpinit)
    __fplib_config_pureend_doubles           0x0800e96f   Thumb Code     0  fpinit.o(x$fpl$fpinit)
    AHBPrescTable                            0x0800e970   Data          16  system_stm32f4xx.o(.constdata)
    APBPrescTable                            0x0800e980   Data           8  system_stm32f4xx.o(.constdata)
    memtblsize                               0x0800e988   Data          12  malloc.o(.constdata)
    memblksize                               0x0800e994   Data          12  malloc.o(.constdata)
    memsize                                  0x0800e9a0   Data          12  malloc.o(.constdata)
    STORAGE_Inquirydata                      0x0800e9ac   Data          72  usbd_storage.o(.constdata)
    Region$$Table$$Base                      0x0800ee80   Number         0  anon$$obj.o(Region$$Table)
    Region$$Table$$Limit                     0x0800eea0   Number         0  anon$$obj.o(Region$$Table)
    SystemCoreClock                          0x20000000   Data           4  system_stm32f4xx.o(.data)
    StartTask_Handler                        0x20000004   Data           4  freertos_demo.o(.data)
    Task1Task_Handler                        0x20000008   Data           4  freertos_demo.o(.data)
    TaskUSBDTask_Handler                     0x2000000c   Data           4  freertos_demo.o(.data)
    TaskFATFSTask_Handler                    0x20000010   Data           4  freertos_demo.o(.data)
    TaskUSBDHandlerTask_Handler              0x20000014   Data           4  freertos_hadler.o(.data)
    usdb_handler_binarysema                  0x20000018   Data           4  freertos_hadler.o(.data)
    __stdout                                 0x20000024   Data           4  usart.o(.data)
    g_usart_rx_sta                           0x20000028   Data           2  usart.o(.data)
    g_rx_buffer                              0x2000002a   Data           1  usart.o(.data)
    uwTick                                   0x2000002c   Data           4  stm32f4xx_hal.o(.data)
    uwTickPrio                               0x20000030   Data           4  stm32f4xx_hal.o(.data)
    uwTickFreq                               0x20000034   Data           1  stm32f4xx_hal.o(.data)
    g_norflash_type                          0x20000036   Data           2  norflash.o(.data)
    pxCurrentTCB                             0x20000038   Data           4  tasks.o(.data)
    mallco_dev                               0x200000b4   Data          36  malloc.o(.data)
    USBD_MSC                                 0x200000dc   Data          56  usbd_msc.o(.data)
    MSC_Page00_Inquiry_Data                  0x2000017e   Data           6  usbd_msc_data.o(.data)
    MSC_Page80_Inquiry_Data                  0x20000184   Data           8  usbd_msc_data.o(.data)
    MSC_Mode_Sense6_data                     0x2000018c   Data          23  usbd_msc_data.o(.data)
    MSC_Mode_Sense10_data                    0x200001a3   Data          27  usbd_msc_data.o(.data)
    g_device_state                           0x200001be   Data           1  usbd_conf.o(.data)
    MSC_Desc                                 0x200001c0   Data          28  usbd_desc.o(.data)
    USBD_DeviceDesc                          0x200001dc   Data          18  usbd_desc.o(.data)
    USBD_LangIDDesc                          0x200001f0   Data           4  usbd_desc.o(.data)
    USBD_StringSerial                        0x200001f4   Data          26  usbd_desc.o(.data)
    g_usb_state_reg                          0x20000210   Data           1  usbd_storage.o(.data)
    USBD_DISK_fops                           0x20000214   Data          32  usbd_storage.o(.data)
    fs                                       0x20000234   Data           8  exfuns_1.o(.data)
    USBD_Device                              0x20000248   Data         720  main.o(.bss)
    g_usart_rx_buf                           0x20000518   Data         200  usart.o(.bss)
    g_uart1_handle                           0x200005e0   Data          68  usart.o(.bss)
    g_sram_handler                           0x20000624   Data          80  sram.o(.bss)
    timx_handler                             0x20000674   Data          72  btim.o(.bss)
    g_sdcard_handler                         0x200006bc   Data         132  sdio_sdcard.o(.bss)
    g_sd_card_info_handle                    0x20000740   Data          32  sdio_sdcard.o(.bss)
    g_norflash_buf                           0x20000760   Data        4096  norflash.o(.bss)
    g_spi1_handler                           0x20001760   Data          88  spi.o(.bss)
    xQueueRegistry                           0x200017b8   Data          64  queue.o(.bss)
    g_hpcd                                   0x2001f440   Data        1032  usbd_conf.o(.bss)
    USBD_StrDesc                             0x2001f848   Data         256  usbd_desc.o(.bss)
    fattester                                0x2001f948   Data         384  fattester.o(.bss)
    __libspace_start                         0x2001fac8   Data          96  libspace.o(.bss)
    __temporary_stack_top$libspace           0x2001fb28   Data           0  libspace.o(.bss)



==============================================================================

Memory Map of the image

  Image Entry point : 0x08000189

  Load Region LR_IROM1 (Base: 0x08000000, Size: 0x0000f0e8, Max: 0x00100000, ABSOLUTE, COMPRESSED[0x0000ef80])

    Execution Region ER_IROM1 (Exec base: 0x08000000, Load base: 0x08000000, Size: 0x0000eea0, Max: 0x00100000, ABSOLUTE)

    Exec Addr    Load Addr    Size         Type   Attr      Idx    E Section Name        Object

    0x08000000   0x08000000   0x00000188   Data   RO            3    RESET               startup_stm32f407xx.o
    0x08000188   0x08000188   0x00000008   Code   RO         9010  * !!!main             c_w.l(__main.o)
    0x08000190   0x08000190   0x00000034   Code   RO         9246    !!!scatter          c_w.l(__scatter.o)
    0x080001c4   0x080001c4   0x0000005a   Code   RO         9244    !!dczerorl2         c_w.l(__dczerorl2.o)
    0x0800021e   0x0800021e   0x00000002   PAD
    0x08000220   0x08000220   0x0000001c   Code   RO         9248    !!handler_zi        c_w.l(__scatter_zi.o)
    0x0800023c   0x0800023c   0x00000000   Code   RO         8984    .ARM.Collect$$_printf_percent$$00000000  c_w.l(_printf_percent.o)
    0x0800023c   0x0800023c   0x00000006   Code   RO         8981    .ARM.Collect$$_printf_percent$$00000009  c_w.l(_printf_d.o)
    0x08000242   0x08000242   0x00000006   Code   RO         8978    .ARM.Collect$$_printf_percent$$00000013  c_w.l(_printf_c.o)
    0x08000248   0x08000248   0x00000006   Code   RO         8979    .ARM.Collect$$_printf_percent$$00000014  c_w.l(_printf_s.o)
    0x0800024e   0x0800024e   0x00000004   Code   RO         9039    .ARM.Collect$$_printf_percent$$00000017  c_w.l(_printf_percent_end.o)
    0x08000252   0x08000252   0x00000002   Code   RO         9124    .ARM.Collect$$libinit$$00000000  c_w.l(libinit.o)
    0x08000254   0x08000254   0x00000004   Code   RO         9125    .ARM.Collect$$libinit$$00000001  c_w.l(libinit2.o)
    0x08000258   0x08000258   0x00000000   Code   RO         9128    .ARM.Collect$$libinit$$00000004  c_w.l(libinit2.o)
    0x08000258   0x08000258   0x00000000   Code   RO         9131    .ARM.Collect$$libinit$$0000000A  c_w.l(libinit2.o)
    0x08000258   0x08000258   0x00000000   Code   RO         9133    .ARM.Collect$$libinit$$0000000C  c_w.l(libinit2.o)
    0x08000258   0x08000258   0x00000000   Code   RO         9135    .ARM.Collect$$libinit$$0000000E  c_w.l(libinit2.o)
    0x08000258   0x08000258   0x00000000   Code   RO         9138    .ARM.Collect$$libinit$$00000011  c_w.l(libinit2.o)
    0x08000258   0x08000258   0x00000000   Code   RO         9140    .ARM.Collect$$libinit$$00000013  c_w.l(libinit2.o)
    0x08000258   0x08000258   0x00000000   Code   RO         9142    .ARM.Collect$$libinit$$00000015  c_w.l(libinit2.o)
    0x08000258   0x08000258   0x00000000   Code   RO         9144    .ARM.Collect$$libinit$$00000017  c_w.l(libinit2.o)
    0x08000258   0x08000258   0x00000000   Code   RO         9146    .ARM.Collect$$libinit$$00000019  c_w.l(libinit2.o)
    0x08000258   0x08000258   0x00000000   Code   RO         9148    .ARM.Collect$$libinit$$0000001B  c_w.l(libinit2.o)
    0x08000258   0x08000258   0x00000000   Code   RO         9150    .ARM.Collect$$libinit$$0000001D  c_w.l(libinit2.o)
    0x08000258   0x08000258   0x00000000   Code   RO         9152    .ARM.Collect$$libinit$$0000001F  c_w.l(libinit2.o)
    0x08000258   0x08000258   0x00000000   Code   RO         9154    .ARM.Collect$$libinit$$00000021  c_w.l(libinit2.o)
    0x08000258   0x08000258   0x00000000   Code   RO         9156    .ARM.Collect$$libinit$$00000023  c_w.l(libinit2.o)
    0x08000258   0x08000258   0x00000000   Code   RO         9158    .ARM.Collect$$libinit$$00000025  c_w.l(libinit2.o)
    0x08000258   0x08000258   0x00000000   Code   RO         9162    .ARM.Collect$$libinit$$0000002C  c_w.l(libinit2.o)
    0x08000258   0x08000258   0x00000000   Code   RO         9164    .ARM.Collect$$libinit$$0000002E  c_w.l(libinit2.o)
    0x08000258   0x08000258   0x00000000   Code   RO         9166    .ARM.Collect$$libinit$$00000030  c_w.l(libinit2.o)
    0x08000258   0x08000258   0x00000000   Code   RO         9168    .ARM.Collect$$libinit$$00000032  c_w.l(libinit2.o)
    0x08000258   0x08000258   0x00000002   Code   RO         9169    .ARM.Collect$$libinit$$00000033  c_w.l(libinit2.o)
    0x0800025a   0x0800025a   0x00000002   Code   RO         9207    .ARM.Collect$$libshutdown$$00000000  c_w.l(libshutdown.o)
    0x0800025c   0x0800025c   0x00000000   Code   RO         9225    .ARM.Collect$$libshutdown$$00000002  c_w.l(libshutdown2.o)
    0x0800025c   0x0800025c   0x00000000   Code   RO         9227    .ARM.Collect$$libshutdown$$00000004  c_w.l(libshutdown2.o)
    0x0800025c   0x0800025c   0x00000000   Code   RO         9229    .ARM.Collect$$libshutdown$$00000006  c_w.l(libshutdown2.o)
    0x0800025c   0x0800025c   0x00000000   Code   RO         9232    .ARM.Collect$$libshutdown$$00000009  c_w.l(libshutdown2.o)
    0x0800025c   0x0800025c   0x00000000   Code   RO         9235    .ARM.Collect$$libshutdown$$0000000C  c_w.l(libshutdown2.o)
    0x0800025c   0x0800025c   0x00000000   Code   RO         9237    .ARM.Collect$$libshutdown$$0000000E  c_w.l(libshutdown2.o)
    0x0800025c   0x0800025c   0x00000000   Code   RO         9240    .ARM.Collect$$libshutdown$$00000011  c_w.l(libshutdown2.o)
    0x0800025c   0x0800025c   0x00000002   Code   RO         9241    .ARM.Collect$$libshutdown$$00000012  c_w.l(libshutdown2.o)
    0x0800025e   0x0800025e   0x00000000   Code   RO         9018    .ARM.Collect$$rtentry$$00000000  c_w.l(__rtentry.o)
    0x0800025e   0x0800025e   0x00000000   Code   RO         9047    .ARM.Collect$$rtentry$$00000002  c_w.l(__rtentry2.o)
    0x0800025e   0x0800025e   0x00000006   Code   RO         9059    .ARM.Collect$$rtentry$$00000004  c_w.l(__rtentry4.o)
    0x08000264   0x08000264   0x00000000   Code   RO         9049    .ARM.Collect$$rtentry$$00000009  c_w.l(__rtentry2.o)
    0x08000264   0x08000264   0x00000004   Code   RO         9050    .ARM.Collect$$rtentry$$0000000A  c_w.l(__rtentry2.o)
    0x08000268   0x08000268   0x00000000   Code   RO         9052    .ARM.Collect$$rtentry$$0000000C  c_w.l(__rtentry2.o)
    0x08000268   0x08000268   0x00000008   Code   RO         9053    .ARM.Collect$$rtentry$$0000000D  c_w.l(__rtentry2.o)
    0x08000270   0x08000270   0x00000002   Code   RO         9170    .ARM.Collect$$rtexit$$00000000  c_w.l(rtexit.o)
    0x08000272   0x08000272   0x00000000   Code   RO         9183    .ARM.Collect$$rtexit$$00000002  c_w.l(rtexit2.o)
    0x08000272   0x08000272   0x00000004   Code   RO         9184    .ARM.Collect$$rtexit$$00000003  c_w.l(rtexit2.o)
    0x08000276   0x08000276   0x00000006   Code   RO         9185    .ARM.Collect$$rtexit$$00000004  c_w.l(rtexit2.o)
    0x0800027c   0x0800027c   0x000000be   Code   RO         6948    .emb_text           port.o
    0x0800033a   0x0800033a   0x00000002   PAD
    0x0800033c   0x0800033c   0x0000004c   Code   RO            4    .text               startup_stm32f407xx.o
    0x08000388   0x08000388   0x00000002   Code   RO         8917    .text               c_w.l(use_no_semi_2.o)
    0x0800038a   0x0800038a   0x000000ee   Code   RO         8919    .text               c_w.l(lludivv7m.o)
    0x08000478   0x08000478   0x00000018   Code   RO         8921    .text               c_w.l(__2printf.o)
    0x08000490   0x08000490   0x00000052   Code   RO         8931    .text               c_w.l(_printf_str.o)
    0x080004e2   0x080004e2   0x00000002   PAD
    0x080004e4   0x080004e4   0x00000078   Code   RO         8933    .text               c_w.l(_printf_dec.o)
    0x0800055c   0x0800055c   0x00000188   Code   RO         8975    .text               c_w.l(__printf_flags_ss_wp.o)
    0x080006e4   0x080006e4   0x00000014   Code   RO         8986    .text               c_w.l(strchr.o)
    0x080006f8   0x080006f8   0x00000058   Code   RO         8988    .text               c_w.l(memcmp.o)
    0x08000750   0x08000750   0x0000008a   Code   RO         8996    .text               c_w.l(rt_memcpy_v6.o)
    0x080007da   0x080007da   0x00000064   Code   RO         8998    .text               c_w.l(rt_memcpy_w.o)
    0x0800083e   0x0800083e   0x00000010   Code   RO         9000    .text               c_w.l(aeabi_memset.o)
    0x0800084e   0x0800084e   0x00000044   Code   RO         9002    .text               c_w.l(rt_memclr.o)
    0x08000892   0x08000892   0x0000004e   Code   RO         9004    .text               c_w.l(rt_memclr_w.o)
    0x080008e0   0x080008e0   0x00000006   Code   RO         9008    .text               c_w.l(heapauxi.o)
    0x080008e6   0x080008e6   0x00000002   Code   RO         9016    .text               c_w.l(use_no_semi.o)
    0x080008e8   0x080008e8   0x000000b2   Code   RO         9025    .text               c_w.l(_printf_intcommon.o)
    0x0800099a   0x0800099a   0x00000002   PAD
    0x0800099c   0x0800099c   0x00000030   Code   RO         9029    .text               c_w.l(_printf_char_common.o)
    0x080009cc   0x080009cc   0x0000002c   Code   RO         9035    .text               c_w.l(_printf_char.o)
    0x080009f8   0x080009f8   0x00000024   Code   RO         9037    .text               c_w.l(_printf_char_file.o)
    0x08000a1c   0x08000a1c   0x00000008   Code   RO         9097    .text               c_w.l(ferror.o)
    0x08000a24   0x08000a24   0x00000008   Code   RO         9108    .text               c_w.l(libspace.o)
    0x08000a2c   0x08000a2c   0x0000004a   Code   RO         9111    .text               c_w.l(sys_stackheap_outer.o)
    0x08000a76   0x08000a76   0x00000012   Code   RO         9113    .text               c_w.l(exit.o)
    0x08000a88   0x08000a88   0x00000004   Code   RO          345    i.BusFault_Handler  stm32f4xx_it.o
    0x08000a8c   0x08000a8c   0x00000002   Code   RO          346    i.DebugMon_Handler  stm32f4xx_it.o
    0x08000a8e   0x08000a8e   0x00000002   PAD
    0x08000a90   0x08000a90   0x00000048   Code   RO         3761    i.FSMC_NORSRAM_Extended_Timing_Init  stm32f4xx_ll_fsmc.o
    0x08000ad8   0x08000ad8   0x0000005c   Code   RO         3762    i.FSMC_NORSRAM_Init  stm32f4xx_ll_fsmc.o
    0x08000b34   0x08000b34   0x00000044   Code   RO         3763    i.FSMC_NORSRAM_Timing_Init  stm32f4xx_ll_fsmc.o
    0x08000b78   0x08000b78   0x00000034   Code   RO         7957    i.Get_SerialNum     usbd_desc.o
    0x08000bac   0x08000bac   0x000000aa   Code   RO         1125    i.HAL_DMA_Abort     stm32f4xx_hal_dma.o
    0x08000c56   0x08000c56   0x00000028   Code   RO         1126    i.HAL_DMA_Abort_IT  stm32f4xx_hal_dma.o
    0x08000c7e   0x08000c7e   0x0000000c   Code   RO          584    i.HAL_Delay         delay.o
    0x08000c8a   0x08000c8a   0x00000002   PAD
    0x08000c8c   0x08000c8c   0x00000204   Code   RO         1231    i.HAL_GPIO_Init     stm32f4xx_hal_gpio.o
    0x08000e90   0x08000e90   0x00000010   Code   RO         1233    i.HAL_GPIO_ReadPin  stm32f4xx_hal_gpio.o
    0x08000ea0   0x08000ea0   0x00000014   Code   RO         1234    i.HAL_GPIO_TogglePin  stm32f4xx_hal_gpio.o
    0x08000eb4   0x08000eb4   0x0000000c   Code   RO         1235    i.HAL_GPIO_WritePin  stm32f4xx_hal_gpio.o
    0x08000ec0   0x08000ec0   0x0000000c   Code   RO          808    i.HAL_GetREVID      stm32f4xx_hal.o
    0x08000ecc   0x08000ecc   0x0000000c   Code   RO          809    i.HAL_GetTick       stm32f4xx_hal.o
    0x08000ed8   0x08000ed8   0x00000018   Code   RO          815    i.HAL_IncTick       stm32f4xx_hal.o
    0x08000ef0   0x08000ef0   0x00000030   Code   RO          816    i.HAL_Init          stm32f4xx_hal.o
    0x08000f20   0x08000f20   0x0000004c   Code   RO          817    i.HAL_InitTick      stm32f4xx_hal.o
    0x08000f6c   0x08000f6c   0x00000002   Code   RO          819    i.HAL_MspInit       stm32f4xx_hal.o
    0x08000f6e   0x08000f6e   0x00000020   Code   RO          987    i.HAL_NVIC_EnableIRQ  stm32f4xx_hal_cortex.o
    0x08000f8e   0x08000f8e   0x0000007c   Code   RO          993    i.HAL_NVIC_SetPriority  stm32f4xx_hal_cortex.o
    0x0800100a   0x0800100a   0x00000002   PAD
    0x0800100c   0x0800100c   0x00000028   Code   RO          994    i.HAL_NVIC_SetPriorityGrouping  stm32f4xx_hal_cortex.o
    0x08001034   0x08001034   0x00000002   Code   RO         4648    i.HAL_PCDEx_LPM_Callback  stm32f4xx_hal_pcd_ex.o
    0x08001036   0x08001036   0x0000000a   Code   RO         4649    i.HAL_PCDEx_SetRxFiFo  stm32f4xx_hal_pcd_ex.o
    0x08001040   0x08001040   0x0000004e   Code   RO         4650    i.HAL_PCDEx_SetTxFiFo  stm32f4xx_hal_pcd_ex.o
    0x0800108e   0x0800108e   0x00000002   PAD
    0x08001090   0x08001090   0x0000003c   Code   RO         7757    i.HAL_PCD_ConnectCallback  usbd_conf.o
    0x080010cc   0x080010cc   0x00000020   Code   RO         7758    i.HAL_PCD_DataInStageCallback  usbd_conf.o
    0x080010ec   0x080010ec   0x00000020   Code   RO         7759    i.HAL_PCD_DataOutStageCallback  usbd_conf.o
    0x0800110c   0x0800110c   0x00000044   Code   RO         7760    i.HAL_PCD_DisconnectCallback  usbd_conf.o
    0x08001150   0x08001150   0x0000006a   Code   RO         4425    i.HAL_PCD_EP_Close  stm32f4xx_hal_pcd.o
    0x080011ba   0x080011ba   0x0000007c   Code   RO         4426    i.HAL_PCD_EP_ClrStall  stm32f4xx_hal_pcd.o
    0x08001236   0x08001236   0x00000044   Code   RO         4427    i.HAL_PCD_EP_Flush  stm32f4xx_hal_pcd.o
    0x0800127a   0x0800127a   0x00000016   Code   RO         4428    i.HAL_PCD_EP_GetRxCount  stm32f4xx_hal_pcd.o
    0x08001290   0x08001290   0x0000008c   Code   RO         4429    i.HAL_PCD_EP_Open   stm32f4xx_hal_pcd.o
    0x0800131c   0x0800131c   0x00000058   Code   RO         4430    i.HAL_PCD_EP_Receive  stm32f4xx_hal_pcd.o
    0x08001374   0x08001374   0x0000008a   Code   RO         4431    i.HAL_PCD_EP_SetStall  stm32f4xx_hal_pcd.o
    0x080013fe   0x080013fe   0x0000005a   Code   RO         4432    i.HAL_PCD_EP_Transmit  stm32f4xx_hal_pcd.o
    0x08001458   0x08001458   0x0000055c   Code   RO         4434    i.HAL_PCD_IRQHandler  stm32f4xx_hal_pcd.o
    0x080019b4   0x080019b4   0x00000012   Code   RO         7761    i.HAL_PCD_ISOINIncompleteCallback  usbd_conf.o
    0x080019c6   0x080019c6   0x00000012   Code   RO         7762    i.HAL_PCD_ISOOUTIncompleteCallback  usbd_conf.o
    0x080019d8   0x080019d8   0x00000166   Code   RO         4437    i.HAL_PCD_Init      stm32f4xx_hal_pcd.o
    0x08001b3e   0x08001b3e   0x00000002   PAD
    0x08001b40   0x08001b40   0x000000ac   Code   RO         7763    i.HAL_PCD_MspInit   usbd_conf.o
    0x08001bec   0x08001bec   0x00000098   Code   RO         7764    i.HAL_PCD_ResetCallback  usbd_conf.o
    0x08001c84   0x08001c84   0x00000028   Code   RO         7765    i.HAL_PCD_ResumeCallback  usbd_conf.o
    0x08001cac   0x08001cac   0x0000000e   Code   RO         7766    i.HAL_PCD_SOFCallback  usbd_conf.o
    0x08001cba   0x08001cba   0x00000036   Code   RO         4443    i.HAL_PCD_SetAddress  stm32f4xx_hal_pcd.o
    0x08001cf0   0x08001cf0   0x00000012   Code   RO         7767    i.HAL_PCD_SetupStageCallback  usbd_conf.o
    0x08001d02   0x08001d02   0x0000004a   Code   RO         4445    i.HAL_PCD_Start     stm32f4xx_hal_pcd.o
    0x08001d4c   0x08001d4c   0x00000018   Code   RO         7768    i.HAL_PCD_SuspendCallback  usbd_conf.o
    0x08001d64   0x08001d64   0x00000184   Code   RO         1295    i.HAL_RCC_ClockConfig  stm32f4xx_hal_rcc.o
    0x08001ee8   0x08001ee8   0x0000000c   Code   RO         1300    i.HAL_RCC_GetHCLKFreq  stm32f4xx_hal_rcc.o
    0x08001ef4   0x08001ef4   0x00000020   Code   RO         1302    i.HAL_RCC_GetPCLK1Freq  stm32f4xx_hal_rcc.o
    0x08001f14   0x08001f14   0x00000020   Code   RO         1303    i.HAL_RCC_GetPCLK2Freq  stm32f4xx_hal_rcc.o
    0x08001f34   0x08001f34   0x000000b0   Code   RO         1304    i.HAL_RCC_GetSysClockFreq  stm32f4xx_hal_rcc.o
    0x08001fe4   0x08001fe4   0x0000049c   Code   RO         1307    i.HAL_RCC_OscConfig  stm32f4xx_hal_rcc.o
    0x08002480   0x08002480   0x000000c8   Code   RO         3882    i.HAL_SD_ConfigWideBusOperation  stm32f4xx_hal_sd.o
    0x08002548   0x08002548   0x0000005e   Code   RO         3886    i.HAL_SD_GetCardCID  stm32f4xx_hal_sd.o
    0x080025a6   0x080025a6   0x00000002   PAD
    0x080025a8   0x080025a8   0x000001c8   Code   RO         3887    i.HAL_SD_GetCardCSD  stm32f4xx_hal_sd.o
    0x08002770   0x08002770   0x00000026   Code   RO         3888    i.HAL_SD_GetCardInfo  stm32f4xx_hal_sd.o
    0x08002796   0x08002796   0x00000024   Code   RO         3889    i.HAL_SD_GetCardState  stm32f4xx_hal_sd.o
    0x080027ba   0x080027ba   0x0000003c   Code   RO         3894    i.HAL_SD_Init       stm32f4xx_hal_sd.o
    0x080027f6   0x080027f6   0x00000002   PAD
    0x080027f8   0x080027f8   0x000000ac   Code   RO         3895    i.HAL_SD_InitCard   stm32f4xx_hal_sd.o
    0x080028a4   0x080028a4   0x00000168   Code   RO         5493    i.HAL_SD_MspInit    sdio_sdcard.o
    0x08002a0c   0x08002a0c   0x00000298   Code   RO         3898    i.HAL_SD_ReadBlocks  stm32f4xx_hal_sd.o
    0x08002ca4   0x08002ca4   0x00000230   Code   RO         3903    i.HAL_SD_WriteBlocks  stm32f4xx_hal_sd.o
    0x08002ed4   0x08002ed4   0x000000de   Code   RO         4700    i.HAL_SPI_Init      stm32f4xx_hal_spi.o
    0x08002fb2   0x08002fb2   0x00000002   PAD
    0x08002fb4   0x08002fb4   0x000000bc   Code   RO         5680    i.HAL_SPI_MspInit   spi.o
    0x08003070   0x08003070   0x000002d2   Code   RO         4709    i.HAL_SPI_TransmitReceive  stm32f4xx_hal_spi.o
    0x08003342   0x08003342   0x00000058   Code   RO         3286    i.HAL_SRAM_Init     stm32f4xx_hal_sram.o
    0x0800339a   0x0800339a   0x00000002   Code   RO         3288    i.HAL_SRAM_MspInit  stm32f4xx_hal_sram.o
    0x0800339c   0x0800339c   0x00000028   Code   RO          996    i.HAL_SYSTICK_CLKSourceConfig  stm32f4xx_hal_cortex.o
    0x080033c4   0x080033c4   0x00000034   Code   RO          998    i.HAL_SYSTICK_Config  stm32f4xx_hal_cortex.o
    0x080033f8   0x080033f8   0x00000002   Code   RO         3015    i.HAL_TIMEx_BreakCallback  stm32f4xx_hal_tim_ex.o
    0x080033fa   0x080033fa   0x00000002   Code   RO         3016    i.HAL_TIMEx_CommutCallback  stm32f4xx_hal_tim_ex.o
    0x080033fc   0x080033fc   0x00000002   Code   RO         2334    i.HAL_TIM_IC_CaptureCallback  stm32f4xx_hal_tim.o
    0x080033fe   0x080033fe   0x00000196   Code   RO         2348    i.HAL_TIM_IRQHandler  stm32f4xx_hal_tim.o
    0x08003594   0x08003594   0x00000002   Code   RO         2351    i.HAL_TIM_OC_DelayElapsedCallback  stm32f4xx_hal_tim.o
    0x08003596   0x08003596   0x00000002   Code   RO         2378    i.HAL_TIM_PWM_PulseFinishedCallback  stm32f4xx_hal_tim.o
    0x08003598   0x08003598   0x00000024   Code   RO         5446    i.HAL_TIM_PeriodElapsedCallback  btim.o
    0x080035bc   0x080035bc   0x00000002   Code   RO         2391    i.HAL_TIM_TriggerCallback  stm32f4xx_hal_tim.o
    0x080035be   0x080035be   0x00000002   Code   RO         1901    i.HAL_UARTEx_RxEventCallback  stm32f4xx_hal_uart.o
    0x080035c0   0x080035c0   0x00000002   Code   RO         1915    i.HAL_UART_ErrorCallback  stm32f4xx_hal_uart.o
    0x080035c2   0x080035c2   0x00000014   Code   RO         1917    i.HAL_UART_GetState  stm32f4xx_hal_uart.o
    0x080035d6   0x080035d6   0x00000002   PAD
    0x080035d8   0x080035d8   0x00000250   Code   RO         1918    i.HAL_UART_IRQHandler  stm32f4xx_hal_uart.o
    0x08003828   0x08003828   0x00000072   Code   RO         1919    i.HAL_UART_Init     stm32f4xx_hal_uart.o
    0x0800389a   0x0800389a   0x00000002   PAD
    0x0800389c   0x0800389c   0x000000cc   Code   RO          719    i.HAL_UART_MspInit  usart.o
    0x08003968   0x08003968   0x00000042   Code   RO         1924    i.HAL_UART_Receive_IT  stm32f4xx_hal_uart.o
    0x080039aa   0x080039aa   0x00000002   PAD
    0x080039ac   0x080039ac   0x0000009c   Code   RO          720    i.HAL_UART_RxCpltCallback  usart.o
    0x08003a48   0x08003a48   0x00000002   Code   RO         1930    i.HAL_UART_TxCpltCallback  stm32f4xx_hal_uart.o
    0x08003a4a   0x08003a4a   0x00000004   Code   RO          347    i.HardFault_Handler  stm32f4xx_it.o
    0x08003a4e   0x08003a4e   0x0000003e   Code   RO         7958    i.IntToUnicode      usbd_desc.o
    0x08003a8c   0x08003a8c   0x0000004e   Code   RO         7525    i.MSC_BOT_Abort     usbd_msc_bot.o
    0x08003ada   0x08003ada   0x00000002   PAD
    0x08003adc   0x08003adc   0x000000fc   Code   RO         7526    i.MSC_BOT_CBW_Decode  usbd_msc_bot.o
    0x08003bd8   0x08003bd8   0x00000044   Code   RO         7527    i.MSC_BOT_CplClrFeature  usbd_msc_bot.o
    0x08003c1c   0x08003c1c   0x00000056   Code   RO         7528    i.MSC_BOT_DataIn    usbd_msc_bot.o
    0x08003c72   0x08003c72   0x0000004c   Code   RO         7529    i.MSC_BOT_DataOut   usbd_msc_bot.o
    0x08003cbe   0x08003cbe   0x0000000e   Code   RO         7530    i.MSC_BOT_DeInit    usbd_msc_bot.o
    0x08003ccc   0x08003ccc   0x00000050   Code   RO         7531    i.MSC_BOT_Init      usbd_msc_bot.o
    0x08003d1c   0x08003d1c   0x00000038   Code   RO         7532    i.MSC_BOT_Reset     usbd_msc_bot.o
    0x08003d54   0x08003d54   0x00000048   Code   RO         7533    i.MSC_BOT_SendCSW   usbd_msc_bot.o
    0x08003d9c   0x08003d9c   0x0000005e   Code   RO         7534    i.MSC_BOT_SendData  usbd_msc_bot.o
    0x08003dfa   0x08003dfa   0x00000004   Code   RO          348    i.MemManage_Handler  stm32f4xx_it.o
    0x08003dfe   0x08003dfe   0x00000002   Code   RO          349    i.NMI_Handler       stm32f4xx_it.o
    0x08003e00   0x08003e00   0x00000030   Code   RO         7769    i.OTG_FS_IRQHandler  usbd_conf.o
    0x08003e30   0x08003e30   0x00000064   Code   RO         4449    i.PCD_EP_OutSetupPacket_int  stm32f4xx_hal_pcd.o
    0x08003e94   0x08003e94   0x0000017c   Code   RO         4450    i.PCD_EP_OutXfrComplete_int  stm32f4xx_hal_pcd.o
    0x08004010   0x08004010   0x000000b6   Code   RO         4451    i.PCD_WriteEmptyTxFifo  stm32f4xx_hal_pcd.o
    0x080040c6   0x080040c6   0x00000030   Code   RO         7628    i.SCSI_AllowPreventRemovable  usbd_msc_scsi.o
    0x080040f6   0x080040f6   0x00000042   Code   RO         7629    i.SCSI_CheckAddressRange  usbd_msc_scsi.o
    0x08004138   0x08004138   0x000000b0   Code   RO         7630    i.SCSI_Inquiry      usbd_msc_scsi.o
    0x080041e8   0x080041e8   0x00000034   Code   RO         7631    i.SCSI_ModeSense10  usbd_msc_scsi.o
    0x0800421c   0x0800421c   0x00000034   Code   RO         7632    i.SCSI_ModeSense6   usbd_msc_scsi.o
    0x08004250   0x08004250   0x00000150   Code   RO         7633    i.SCSI_ProcessCmd   usbd_msc_scsi.o
    0x080043a0   0x080043a0   0x000000e0   Code   RO         7634    i.SCSI_ProcessRead  usbd_msc_scsi.o
    0x08004480   0x08004480   0x00000110   Code   RO         7635    i.SCSI_ProcessWrite  usbd_msc_scsi.o
    0x08004590   0x08004590   0x0000010c   Code   RO         7636    i.SCSI_Read10       usbd_msc_scsi.o
    0x0800469c   0x0800469c   0x0000011c   Code   RO         7637    i.SCSI_Read12       usbd_msc_scsi.o
    0x080047b8   0x080047b8   0x000000be   Code   RO         7638    i.SCSI_ReadCapacity10  usbd_msc_scsi.o
    0x08004876   0x08004876   0x00000100   Code   RO         7639    i.SCSI_ReadCapacity16  usbd_msc_scsi.o
    0x08004976   0x08004976   0x0000009e   Code   RO         7640    i.SCSI_ReadFormatCapacity  usbd_msc_scsi.o
    0x08004a14   0x08004a14   0x000000ce   Code   RO         7641    i.SCSI_RequestSense  usbd_msc_scsi.o
    0x08004ae2   0x08004ae2   0x00000064   Code   RO         7642    i.SCSI_SenseCode    usbd_msc_scsi.o
    0x08004b46   0x08004b46   0x0000007c   Code   RO         7643    i.SCSI_StartStopUnit  usbd_msc_scsi.o
    0x08004bc2   0x08004bc2   0x00000080   Code   RO         7644    i.SCSI_TestUnitReady  usbd_msc_scsi.o
    0x08004c42   0x08004c42   0x00000028   Code   RO         7645    i.SCSI_UpdateBotData  usbd_msc_scsi.o
    0x08004c6a   0x08004c6a   0x0000005a   Code   RO         7646    i.SCSI_Verify10     usbd_msc_scsi.o
    0x08004cc4   0x08004cc4   0x00000154   Code   RO         7647    i.SCSI_Write10      usbd_msc_scsi.o
    0x08004e18   0x08004e18   0x00000166   Code   RO         7648    i.SCSI_Write12      usbd_msc_scsi.o
    0x08004f7e   0x08004f7e   0x0000002c   Code   RO         4134    i.SDIO_ConfigData   stm32f4xx_ll_sdmmc.o
    0x08004faa   0x08004faa   0x00000008   Code   RO         4135    i.SDIO_GetCommandResponse  stm32f4xx_ll_sdmmc.o
    0x08004fb2   0x08004fb2   0x0000000a   Code   RO         4138    i.SDIO_GetPowerState  stm32f4xx_ll_sdmmc.o
    0x08004fbc   0x08004fbc   0x0000000c   Code   RO         4139    i.SDIO_GetResponse  stm32f4xx_ll_sdmmc.o
    0x08004fc8   0x08004fc8   0x00000034   Code   RO         4140    i.SDIO_Init         stm32f4xx_ll_sdmmc.o
    0x08004ffc   0x08004ffc   0x00000012   Code   RO         4142    i.SDIO_PowerState_ON  stm32f4xx_ll_sdmmc.o
    0x0800500e   0x0800500e   0x00000008   Code   RO         4143    i.SDIO_ReadFIFO     stm32f4xx_ll_sdmmc.o
    0x08005016   0x08005016   0x00000028   Code   RO         4144    i.SDIO_SendCommand  stm32f4xx_ll_sdmmc.o
    0x0800503e   0x0800503e   0x0000000c   Code   RO         4146    i.SDIO_WriteFIFO    stm32f4xx_ll_sdmmc.o
    0x0800504a   0x0800504a   0x00000038   Code   RO         4147    i.SDMMC_CmdAppCommand  stm32f4xx_ll_sdmmc.o
    0x08005082   0x08005082   0x00000002   PAD
    0x08005084   0x08005084   0x0000003c   Code   RO         4148    i.SDMMC_CmdAppOperCommand  stm32f4xx_ll_sdmmc.o
    0x080050c0   0x080050c0   0x00000038   Code   RO         4149    i.SDMMC_CmdBlockLength  stm32f4xx_ll_sdmmc.o
    0x080050f8   0x080050f8   0x00000038   Code   RO         4150    i.SDMMC_CmdBusWidth  stm32f4xx_ll_sdmmc.o
    0x08005130   0x08005130   0x0000002c   Code   RO         4154    i.SDMMC_CmdGoIdleState  stm32f4xx_ll_sdmmc.o
    0x0800515c   0x0800515c   0x00000034   Code   RO         4156    i.SDMMC_CmdOperCond  stm32f4xx_ll_sdmmc.o
    0x08005190   0x08005190   0x00000038   Code   RO         4157    i.SDMMC_CmdReadMultiBlock  stm32f4xx_ll_sdmmc.o
    0x080051c8   0x080051c8   0x00000038   Code   RO         4158    i.SDMMC_CmdReadSingleBlock  stm32f4xx_ll_sdmmc.o
    0x08005200   0x08005200   0x0000003a   Code   RO         4161    i.SDMMC_CmdSelDesel  stm32f4xx_ll_sdmmc.o
    0x0800523a   0x0800523a   0x00000032   Code   RO         4162    i.SDMMC_CmdSendCID  stm32f4xx_ll_sdmmc.o
    0x0800526c   0x0800526c   0x00000032   Code   RO         4163    i.SDMMC_CmdSendCSD  stm32f4xx_ll_sdmmc.o
    0x0800529e   0x0800529e   0x00000038   Code   RO         4165    i.SDMMC_CmdSendSCR  stm32f4xx_ll_sdmmc.o
    0x080052d6   0x080052d6   0x00000038   Code   RO         4166    i.SDMMC_CmdSendStatus  stm32f4xx_ll_sdmmc.o
    0x0800530e   0x0800530e   0x00000038   Code   RO         4167    i.SDMMC_CmdSetRelAdd  stm32f4xx_ll_sdmmc.o
    0x08005346   0x08005346   0x00000002   PAD
    0x08005348   0x08005348   0x0000003c   Code   RO         4169    i.SDMMC_CmdStopTransfer  stm32f4xx_ll_sdmmc.o
    0x08005384   0x08005384   0x00000038   Code   RO         4171    i.SDMMC_CmdWriteMultiBlock  stm32f4xx_ll_sdmmc.o
    0x080053bc   0x080053bc   0x00000038   Code   RO         4172    i.SDMMC_CmdWriteSingleBlock  stm32f4xx_ll_sdmmc.o
    0x080053f4   0x080053f4   0x00000040   Code   RO         4173    i.SDMMC_GetCmdError  stm32f4xx_ll_sdmmc.o
    0x08005434   0x08005434   0x000001ac   Code   RO         4174    i.SDMMC_GetCmdResp1  stm32f4xx_ll_sdmmc.o
    0x080055e0   0x080055e0   0x00000064   Code   RO         4175    i.SDMMC_GetCmdResp2  stm32f4xx_ll_sdmmc.o
    0x08005644   0x08005644   0x00000058   Code   RO         4176    i.SDMMC_GetCmdResp3  stm32f4xx_ll_sdmmc.o
    0x0800569c   0x0800569c   0x000000b8   Code   RO         4177    i.SDMMC_GetCmdResp6  stm32f4xx_ll_sdmmc.o
    0x08005754   0x08005754   0x0000006c   Code   RO         4178    i.SDMMC_GetCmdResp7  stm32f4xx_ll_sdmmc.o
    0x080057c0   0x080057c0   0x00000142   Code   RO         3911    i.SD_FindSCR        stm32f4xx_hal_sd.o
    0x08005902   0x08005902   0x00000102   Code   RO         3912    i.SD_InitCard       stm32f4xx_hal_sd.o
    0x08005a04   0x08005a04   0x000000cc   Code   RO         3914    i.SD_PowerON        stm32f4xx_hal_sd.o
    0x08005ad0   0x08005ad0   0x00000030   Code   RO         3917    i.SD_SendStatus     stm32f4xx_hal_sd.o
    0x08005b00   0x08005b00   0x00000068   Code   RO         3918    i.SD_WideBus_Disable  stm32f4xx_hal_sd.o
    0x08005b68   0x08005b68   0x00000068   Code   RO         3919    i.SD_WideBus_Enable  stm32f4xx_hal_sd.o
    0x08005bd0   0x08005bd0   0x0000006c   Code   RO         4740    i.SPI_EndRxTxTransaction  stm32f4xx_hal_spi.o
    0x08005c3c   0x08005c3c   0x000000d8   Code   RO         4747    i.SPI_WaitFlagStateUntilTimeout  stm32f4xx_hal_spi.o
    0x08005d14   0x08005d14   0x00000044   Code   RO         8034    i.STORAGE_GetCapacity  usbd_storage.o
    0x08005d58   0x08005d58   0x00000020   Code   RO         8035    i.STORAGE_GetMaxLun  usbd_storage.o
    0x08005d78   0x08005d78   0x00000040   Code   RO         8036    i.STORAGE_Init      usbd_storage.o
    0x08005db8   0x08005db8   0x00000018   Code   RO         8037    i.STORAGE_IsReady   usbd_storage.o
    0x08005dd0   0x08005dd0   0x00000006   Code   RO         8038    i.STORAGE_IsWriteProtected  usbd_storage.o
    0x08005dd6   0x08005dd6   0x00000002   PAD
    0x08005dd8   0x08005dd8   0x00000068   Code   RO         8039    i.STORAGE_Read      usbd_storage.o
    0x08005e40   0x08005e40   0x00000068   Code   RO         8040    i.STORAGE_Write     usbd_storage.o
    0x08005ea8   0x08005ea8   0x00000012   Code   RO         7119    i.SWAPBYTE          usbd_ctlreq.o
    0x08005eba   0x08005eba   0x00000014   Code   RO          585    i.SysTick_Handler   delay.o
    0x08005ece   0x08005ece   0x00000002   PAD
    0x08005ed0   0x08005ed0   0x00000014   Code   RO          403    i.SystemInit        system_stm32f4xx.o
    0x08005ee4   0x08005ee4   0x00000010   Code   RO         5447    i.TIM3_IRQHandler   btim.o
    0x08005ef4   0x08005ef4   0x00000014   Code   RO         1932    i.UART_DMAAbortOnError  stm32f4xx_hal_uart.o
    0x08005f08   0x08005f08   0x00000036   Code   RO         1942    i.UART_EndRxTransfer  stm32f4xx_hal_uart.o
    0x08005f3e   0x08005f3e   0x00000020   Code   RO         1943    i.UART_EndTransmit_IT  stm32f4xx_hal_uart.o
    0x08005f5e   0x08005f5e   0x000000be   Code   RO         1945    i.UART_Receive_IT   stm32f4xx_hal_uart.o
    0x0800601c   0x0800601c   0x0000022c   Code   RO         1946    i.UART_SetConfig    stm32f4xx_hal_uart.o
    0x08006248   0x08006248   0x00000046   Code   RO         1948    i.UART_Start_Receive_IT  stm32f4xx_hal_uart.o
    0x0800628e   0x0800628e   0x00000060   Code   RO         1949    i.UART_Transmit_IT  stm32f4xx_hal_uart.o
    0x080062ee   0x080062ee   0x00000002   PAD
    0x080062f0   0x080062f0   0x00000050   Code   RO          721    i.USART1_IRQHandler  usart.o
    0x08006340   0x08006340   0x0000001c   Code   RO         7228    i.USBD_ClrClassConfig  usbd_core.o
    0x0800635c   0x0800635c   0x0000003e   Code   RO         7120    i.USBD_ClrFeature   usbd_ctlreq.o
    0x0800639a   0x0800639a   0x00000018   Code   RO         7372    i.USBD_CtlContinueRx  usbd_ioreq.o
    0x080063b2   0x080063b2   0x00000018   Code   RO         7373    i.USBD_CtlContinueSendData  usbd_ioreq.o
    0x080063ca   0x080063ca   0x00000018   Code   RO         7121    i.USBD_CtlError     usbd_ctlreq.o
    0x080063e2   0x080063e2   0x0000001a   Code   RO         7375    i.USBD_CtlReceiveStatus  usbd_ioreq.o
    0x080063fc   0x080063fc   0x00000022   Code   RO         7376    i.USBD_CtlSendData  usbd_ioreq.o
    0x0800641e   0x0800641e   0x0000001a   Code   RO         7377    i.USBD_CtlSendStatus  usbd_ioreq.o
    0x08006438   0x08006438   0x00000056   Code   RO         7122    i.USBD_GetConfig    usbd_ctlreq.o
    0x0800648e   0x0800648e   0x000001fc   Code   RO         7123    i.USBD_GetDescriptor  usbd_ctlreq.o
    0x0800668a   0x0800668a   0x00000016   Code   RO         7124    i.USBD_GetLen       usbd_ctlreq.o
    0x080066a0   0x080066a0   0x0000005a   Code   RO         7125    i.USBD_GetStatus    usbd_ctlreq.o
    0x080066fa   0x080066fa   0x00000054   Code   RO         7126    i.USBD_GetString    usbd_ctlreq.o
    0x0800674e   0x0800674e   0x00000002   PAD
    0x08006750   0x08006750   0x00000070   Code   RO         7230    i.USBD_Init         usbd_core.o
    0x080067c0   0x080067c0   0x00000014   Code   RO         7770    i.USBD_LL_ClearStallEP  usbd_conf.o
    0x080067d4   0x080067d4   0x00000014   Code   RO         7771    i.USBD_LL_CloseEP   usbd_conf.o
    0x080067e8   0x080067e8   0x000000e2   Code   RO         7231    i.USBD_LL_DataInStage  usbd_core.o
    0x080068ca   0x080068ca   0x0000008e   Code   RO         7232    i.USBD_LL_DataOutStage  usbd_core.o
    0x08006958   0x08006958   0x00000006   Code   RO         7233    i.USBD_LL_DevConnected  usbd_core.o
    0x0800695e   0x0800695e   0x00000020   Code   RO         7234    i.USBD_LL_DevDisconnected  usbd_core.o
    0x0800697e   0x0800697e   0x00000014   Code   RO         7774    i.USBD_LL_FlushEP   usbd_conf.o
    0x08006992   0x08006992   0x00000012   Code   RO         7775    i.USBD_LL_GetRxDataSize  usbd_conf.o
    0x080069a4   0x080069a4   0x0000005c   Code   RO         7776    i.USBD_LL_Init      usbd_conf.o
    0x08006a00   0x08006a00   0x00000038   Code   RO         7777    i.USBD_LL_IsStallEP  usbd_conf.o
    0x08006a38   0x08006a38   0x00000030   Code   RO         7235    i.USBD_LL_IsoINIncomplete  usbd_core.o
    0x08006a68   0x08006a68   0x00000030   Code   RO         7236    i.USBD_LL_IsoOUTIncomplete  usbd_core.o
    0x08006a98   0x08006a98   0x00000020   Code   RO         7778    i.USBD_LL_OpenEP    usbd_conf.o
    0x08006ab8   0x08006ab8   0x00000020   Code   RO         7779    i.USBD_LL_PrepareReceive  usbd_conf.o
    0x08006ad8   0x08006ad8   0x0000006c   Code   RO         7237    i.USBD_LL_Reset     usbd_core.o
    0x08006b44   0x08006b44   0x00000016   Code   RO         7238    i.USBD_LL_Resume    usbd_core.o
    0x08006b5a   0x08006b5a   0x0000002c   Code   RO         7239    i.USBD_LL_SOF       usbd_core.o
    0x08006b86   0x08006b86   0x00000008   Code   RO         7240    i.USBD_LL_SetSpeed  usbd_core.o
    0x08006b8e   0x08006b8e   0x00000002   PAD
    0x08006b90   0x08006b90   0x00000020   Code   RO         7780    i.USBD_LL_SetUSBAddress  usbd_conf.o
    0x08006bb0   0x08006bb0   0x00000076   Code   RO         7241    i.USBD_LL_SetupStage  usbd_core.o
    0x08006c26   0x08006c26   0x00000014   Code   RO         7781    i.USBD_LL_StallEP   usbd_conf.o
    0x08006c3a   0x08006c3a   0x00000010   Code   RO         7782    i.USBD_LL_Start     usbd_conf.o
    0x08006c4a   0x08006c4a   0x00000014   Code   RO         7242    i.USBD_LL_Suspend   usbd_core.o
    0x08006c5e   0x08006c5e   0x00000020   Code   RO         7784    i.USBD_LL_Transmit  usbd_conf.o
    0x08006c7e   0x08006c7e   0x00000002   PAD
    0x08006c80   0x08006c80   0x00000034   Code   RO         7959    i.USBD_MSC_ConfigStrDescriptor  usbd_desc.o
    0x08006cb4   0x08006cb4   0x00000012   Code   RO         7435    i.USBD_MSC_DataIn   usbd_msc.o
    0x08006cc6   0x08006cc6   0x00000012   Code   RO         7436    i.USBD_MSC_DataOut  usbd_msc.o
    0x08006cd8   0x08006cd8   0x00000040   Code   RO         7437    i.USBD_MSC_DeInit   usbd_msc.o
    0x08006d18   0x08006d18   0x00000010   Code   RO         7960    i.USBD_MSC_DeviceDescriptor  usbd_desc.o
    0x08006d28   0x08006d28   0x00000010   Code   RO         7438    i.USBD_MSC_GetDeviceQualifierDescriptor  usbd_msc.o
    0x08006d38   0x08006d38   0x00000010   Code   RO         7439    i.USBD_MSC_GetFSCfgDesc  usbd_msc.o
    0x08006d48   0x08006d48   0x00000010   Code   RO         7440    i.USBD_MSC_GetHSCfgDesc  usbd_msc.o
    0x08006d58   0x08006d58   0x00000010   Code   RO         7441    i.USBD_MSC_GetOtherSpeedCfgDesc  usbd_msc.o
    0x08006d68   0x08006d68   0x00000078   Code   RO         7442    i.USBD_MSC_Init     usbd_msc.o
    0x08006de0   0x08006de0   0x00000038   Code   RO         7961    i.USBD_MSC_InterfaceStrDescriptor  usbd_desc.o
    0x08006e18   0x08006e18   0x00000010   Code   RO         7962    i.USBD_MSC_LangIDStrDescriptor  usbd_desc.o
    0x08006e28   0x08006e28   0x0000002c   Code   RO         7963    i.USBD_MSC_ManufacturerStrDescriptor  usbd_desc.o
    0x08006e54   0x08006e54   0x00000058   Code   RO         7964    i.USBD_MSC_ProductStrDescriptor  usbd_desc.o
    0x08006eac   0x08006eac   0x00000010   Code   RO         7443    i.USBD_MSC_RegisterStorage  usbd_msc.o
    0x08006ebc   0x08006ebc   0x00000018   Code   RO         7965    i.USBD_MSC_SerialStrDescriptor  usbd_desc.o
    0x08006ed4   0x08006ed4   0x0000014a   Code   RO         7444    i.USBD_MSC_Setup    usbd_msc.o
    0x0800701e   0x0800701e   0x00000036   Code   RO         7127    i.USBD_ParseSetupRequest  usbd_ctlreq.o
    0x08007054   0x08007054   0x00000064   Code   RO         7243    i.USBD_RegisterClass  usbd_core.o
    0x080070b8   0x080070b8   0x00000006   Code   RO         7244    i.USBD_RunTestMode  usbd_core.o
    0x080070be   0x080070be   0x0000005a   Code   RO         7128    i.USBD_SetAddress   usbd_ctlreq.o
    0x08007118   0x08007118   0x00000020   Code   RO         7245    i.USBD_SetClassConfig  usbd_core.o
    0x08007138   0x08007138   0x000000fc   Code   RO         7129    i.USBD_SetConfig    usbd_ctlreq.o
    0x08007234   0x08007234   0x00000018   Code   RO         7130    i.USBD_SetFeature   usbd_ctlreq.o
    0x0800724c   0x0800724c   0x0000000c   Code   RO         7246    i.USBD_Start        usbd_core.o
    0x08007258   0x08007258   0x000000a6   Code   RO         7131    i.USBD_StdDevReq    usbd_ctlreq.o
    0x080072fe   0x080072fe   0x0000022c   Code   RO         7132    i.USBD_StdEPReq     usbd_ctlreq.o
    0x0800752a   0x0800752a   0x0000007e   Code   RO         7133    i.USBD_StdItfReq    usbd_ctlreq.o
    0x080075a8   0x080075a8   0x000000d0   Code   RO         5032    i.USB_ActivateEndpoint  stm32f4xx_ll_usb.o
    0x08007678   0x08007678   0x00000028   Code   RO         5034    i.USB_ActivateSetup  stm32f4xx_ll_usb.o
    0x080076a0   0x080076a0   0x00000084   Code   RO         5036    i.USB_CoreInit      stm32f4xx_ll_usb.o
    0x08007724   0x08007724   0x0000004c   Code   RO         5037    i.USB_CoreReset     stm32f4xx_ll_usb.o
    0x08007770   0x08007770   0x0000014c   Code   RO         5040    i.USB_DeactivateEndpoint  stm32f4xx_ll_usb.o
    0x080078bc   0x080078bc   0x00000024   Code   RO         5041    i.USB_DevConnect    stm32f4xx_ll_usb.o
    0x080078e0   0x080078e0   0x00000024   Code   RO         5042    i.USB_DevDisconnect  stm32f4xx_ll_usb.o
    0x08007904   0x08007904   0x000001e0   Code   RO         5043    i.USB_DevInit       stm32f4xx_ll_usb.o
    0x08007ae4   0x08007ae4   0x0000000e   Code   RO         5044    i.USB_DisableGlobalInt  stm32f4xx_ll_usb.o
    0x08007af2   0x08007af2   0x00000002   PAD
    0x08007af4   0x08007af4   0x000001d8   Code   RO         5047    i.USB_EP0StartXfer  stm32f4xx_ll_usb.o
    0x08007ccc   0x08007ccc   0x00000070   Code   RO         5048    i.USB_EP0_OutStart  stm32f4xx_ll_usb.o
    0x08007d3c   0x08007d3c   0x0000008e   Code   RO         5049    i.USB_EPClearStall  stm32f4xx_ll_usb.o
    0x08007dca   0x08007dca   0x0000009a   Code   RO         5050    i.USB_EPSetStall    stm32f4xx_ll_usb.o
    0x08007e64   0x08007e64   0x00000344   Code   RO         5051    i.USB_EPStartXfer   stm32f4xx_ll_usb.o
    0x080081a8   0x080081a8   0x0000000e   Code   RO         5052    i.USB_EnableGlobalInt  stm32f4xx_ll_usb.o
    0x080081b6   0x080081b6   0x00000002   PAD
    0x080081b8   0x080081b8   0x0000002c   Code   RO         5053    i.USB_FlushRxFifo   stm32f4xx_ll_usb.o
    0x080081e4   0x080081e4   0x00000030   Code   RO         5054    i.USB_FlushTxFifo   stm32f4xx_ll_usb.o
    0x08008214   0x08008214   0x00000026   Code   RO         5056    i.USB_GetDevSpeed   stm32f4xx_ll_usb.o
    0x0800823a   0x0800823a   0x0000000a   Code   RO         5058    i.USB_GetMode       stm32f4xx_ll_usb.o
    0x08008244   0x08008244   0x00000014   Code   RO         5065    i.USB_ReadDevAllInEpInterrupt  stm32f4xx_ll_usb.o
    0x08008258   0x08008258   0x00000014   Code   RO         5066    i.USB_ReadDevAllOutEpInterrupt  stm32f4xx_ll_usb.o
    0x0800826c   0x0800826c   0x00000032   Code   RO         5067    i.USB_ReadDevInEPInterrupt  stm32f4xx_ll_usb.o
    0x0800829e   0x0800829e   0x0000001a   Code   RO         5068    i.USB_ReadDevOutEPInterrupt  stm32f4xx_ll_usb.o
    0x080082b8   0x080082b8   0x0000000a   Code   RO         5069    i.USB_ReadInterrupts  stm32f4xx_ll_usb.o
    0x080082c2   0x080082c2   0x00000022   Code   RO         5070    i.USB_ReadPacket    stm32f4xx_ll_usb.o
    0x080082e4   0x080082e4   0x00000036   Code   RO         5072    i.USB_SetCurrentMode  stm32f4xx_ll_usb.o
    0x0800831a   0x0800831a   0x0000002a   Code   RO         5073    i.USB_SetDevAddress  stm32f4xx_ll_usb.o
    0x08008344   0x08008344   0x00000012   Code   RO         5074    i.USB_SetDevSpeed   stm32f4xx_ll_usb.o
    0x08008356   0x08008356   0x00000002   PAD
    0x08008358   0x08008358   0x000000e8   Code   RO         5075    i.USB_SetTurnaroundTime  stm32f4xx_ll_usb.o
    0x08008440   0x08008440   0x0000003c   Code   RO         5078    i.USB_WritePacket   stm32f4xx_ll_usb.o
    0x0800847c   0x0800847c   0x00000004   Code   RO          350    i.UsageFault_Handler  stm32f4xx_it.o
    0x08008480   0x08008480   0x00000010   Code   RO         1000    i.__NVIC_GetPriorityGrouping  stm32f4xx_hal_cortex.o
    0x08008490   0x08008490   0x00000028   Code   RO         1001    i.__NVIC_SetPriority  stm32f4xx_hal_cortex.o
    0x080084b8   0x080084b8   0x0000000e   Code   RO         8968    i._is_digit         c_w.l(__printf_wp.o)
    0x080084c6   0x080084c6   0x00000004   Code   RO          723    i._sys_exit         usart.o
    0x080084ca   0x080084ca   0x0000008a   Code   RO         8401    i.change_bitmap     ff.o
    0x08008554   0x08008554   0x00000104   Code   RO         8402    i.check_fs          ff.o
    0x08008658   0x08008658   0x00000062   Code   RO         8403    i.clmt_clust        ff.o
    0x080086ba   0x080086ba   0x0000001a   Code   RO         8404    i.clst2sect         ff.o
    0x080086d4   0x080086d4   0x00000098   Code   RO         8405    i.cmp_lfn           ff.o
    0x0800876c   0x0800876c   0x000001d0   Code   RO         8406    i.create_chain      ff.o
    0x0800893c   0x0800893c   0x00000268   Code   RO         8407    i.create_name       ff.o
    0x08008ba4   0x08008ba4   0x00000090   Code   RO         8409    i.create_xdir       ff.o
    0x08008c34   0x08008c34   0x0000000c   Code   RO         8410    i.dbc_1st           ff.o
    0x08008c40   0x08008c40   0x0000000c   Code   RO         8411    i.dbc_2nd           ff.o
    0x08008c4c   0x08008c4c   0x00000038   Code   RO          586    i.delay_init        delay.o
    0x08008c84   0x08008c84   0x00000012   Code   RO          587    i.delay_ms          delay.o
    0x08008c96   0x08008c96   0x00000002   PAD
    0x08008c98   0x08008c98   0x00000048   Code   RO          588    i.delay_us          delay.o
    0x08008ce0   0x08008ce0   0x0000007c   Code   RO         8412    i.dir_alloc         ff.o
    0x08008d5c   0x08008d5c   0x000000c2   Code   RO         8413    i.dir_clear         ff.o
    0x08008e1e   0x08008e1e   0x000001a8   Code   RO         8414    i.dir_find          ff.o
    0x08008fc6   0x08008fc6   0x000000e0   Code   RO         8415    i.dir_next          ff.o
    0x080090a6   0x080090a6   0x00000102   Code   RO         8416    i.dir_read          ff.o
    0x080091a8   0x080091a8   0x0000022a   Code   RO         8417    i.dir_register      ff.o
    0x080093d2   0x080093d2   0x000000aa   Code   RO         8419    i.dir_sdi           ff.o
    0x0800947c   0x0800947c   0x0000002c   Code   RO         8353    i.disk_initialize   diskio.o
    0x080094a8   0x080094a8   0x00000080   Code   RO         8354    i.disk_ioctl        diskio.o
    0x08009528   0x08009528   0x0000007e   Code   RO         8355    i.disk_read         diskio.o
    0x080095a6   0x080095a6   0x00000006   Code   RO         8356    i.disk_status       diskio.o
    0x080095ac   0x080095ac   0x0000007e   Code   RO         8357    i.disk_write        diskio.o
    0x0800962a   0x0800962a   0x00000002   PAD
    0x0800962c   0x0800962c   0x00000044   Code   RO         8112    i.exfuns_init       exfuns_1.o
    0x08009670   0x08009670   0x00000022   Code   RO         8420    i.f_close           ff.o
    0x08009692   0x08009692   0x00000002   PAD
    0x08009694   0x08009694   0x00000060   Code   RO         8428    i.f_mount           ff.o
    0x080096f4   0x080096f4   0x00000312   Code   RO         8429    i.f_open            ff.o
    0x08009a06   0x08009a06   0x00000228   Code   RO         8434    i.f_read            ff.o
    0x08009c2e   0x08009c2e   0x000001a8   Code   RO         8439    i.f_sync            ff.o
    0x08009dd6   0x08009dd6   0x0000000e   Code   RO         8853    i.ff_memalloc       ffsystem.o
    0x08009de4   0x08009de4   0x0000000e   Code   RO         8854    i.ff_memfree        ffsystem.o
    0x08009df2   0x08009df2   0x00000002   PAD
    0x08009df4   0x08009df4   0x0000002c   Code   RO         8886    i.ff_oem2uni        ffunicode.o
    0x08009e20   0x08009e20   0x00000040   Code   RO         8887    i.ff_uni2oem        ffunicode.o
    0x08009e60   0x08009e60   0x000000b0   Code   RO         8888    i.ff_wtoupper       ffunicode.o
    0x08009f10   0x08009f10   0x00000036   Code   RO         8443    i.fill_first_frag   ff.o
    0x08009f46   0x08009f46   0x00000044   Code   RO         8444    i.fill_last_frag    ff.o
    0x08009f8a   0x08009f8a   0x000000a4   Code   RO         8445    i.find_bitmap       ff.o
    0x0800a02e   0x0800a02e   0x00000078   Code   RO         8446    i.find_volume       ff.o
    0x0800a0a6   0x0800a0a6   0x000000c4   Code   RO         8447    i.follow_path       ff.o
    0x0800a16a   0x0800a16a   0x00000002   PAD
    0x0800a16c   0x0800a16c   0x0000001c   Code   RO          725    i.fputc             usart.o
    0x0800a188   0x0800a188   0x00000048   Code   RO          439    i.freertos_demo     freertos_demo.o
    0x0800a1d0   0x0800a1d0   0x000000d4   Code   RO         8448    i.gen_numname       ff.o
    0x0800a2a4   0x0800a2a4   0x00000194   Code   RO         8449    i.get_fat           ff.o
    0x0800a438   0x0800a438   0x00000004   Code   RO         8855    i.get_fattime       ffsystem.o
    0x0800a43c   0x0800a43c   0x00000052   Code   RO         8451    i.get_ldnumber      ff.o
    0x0800a48e   0x0800a48e   0x00000002   PAD
    0x0800a490   0x0800a490   0x00000018   Code   RO         5494    i.get_sd_card_info  sdio_sdcard.o
    0x0800a4a8   0x0800a4a8   0x00000018   Code   RO         5495    i.get_sd_card_state  sdio_sdcard.o
    0x0800a4c0   0x0800a4c0   0x00000032   Code   RO         8452    i.init_alloc_info   ff.o
    0x0800a4f2   0x0800a4f2   0x00000002   PAD
    0x0800a4f4   0x0800a4f4   0x00000100   Code   RO         5414    i.key_init          key.o
    0x0800a5f4   0x0800a5f4   0x000000cc   Code   RO         5415    i.key_scan          key.o
    0x0800a6c0   0x0800a6c0   0x00000026   Code   RO         8453    i.ld_clust          ff.o
    0x0800a6e6   0x0800a6e6   0x00000018   Code   RO         8454    i.ld_dword          ff.o
    0x0800a6fe   0x0800a6fe   0x00000062   Code   RO         8455    i.ld_qword          ff.o
    0x0800a760   0x0800a760   0x0000000c   Code   RO         8456    i.ld_word           ff.o
    0x0800a76c   0x0800a76c   0x0000009c   Code   RO         5336    i.led_init          led.o
    0x0800a808   0x0800a808   0x00000040   Code   RO         8457    i.load_obj_xdir     ff.o
    0x0800a848   0x0800a848   0x0000010e   Code   RO         8458    i.load_xdir         ff.o
    0x0800a956   0x0800a956   0x0000004e   Code   RO           13    i.main              main.o
    0x0800a9a4   0x0800a9a4   0x00000020   Code   RO         8187    i.mf_free           fattester.o
    0x0800a9c4   0x0800a9c4   0x00000040   Code   RO         8190    i.mf_init           fattester.o
    0x0800aa04   0x0800aa04   0x00000478   Code   RO         8459    i.mount_volume      ff.o
    0x0800ae7c   0x0800ae7c   0x00000034   Code   RO         8460    i.move_window       ff.o
    0x0800aeb0   0x0800aeb0   0x0000006c   Code   RO         7038    i.my_mem_free       malloc.o
    0x0800af1c   0x0800af1c   0x00000030   Code   RO         7039    i.my_mem_init       malloc.o
    0x0800af4c   0x0800af4c   0x000000a8   Code   RO         7040    i.my_mem_malloc     malloc.o
    0x0800aff4   0x0800aff4   0x00000040   Code   RO         7041    i.my_mem_perused    malloc.o
    0x0800b034   0x0800b034   0x00000014   Code   RO         7042    i.my_mem_set        malloc.o
    0x0800b048   0x0800b048   0x00000024   Code   RO         7043    i.myfree            malloc.o
    0x0800b06c   0x0800b06c   0x00000028   Code   RO         7044    i.mymalloc          malloc.o
    0x0800b094   0x0800b094   0x00000044   Code   RO         5582    i.norflash_erase_sector  norflash.o
    0x0800b0d8   0x0800b0d8   0x000000c0   Code   RO         5583    i.norflash_init     norflash.o
    0x0800b198   0x0800b198   0x00000050   Code   RO         5584    i.norflash_read     norflash.o
    0x0800b1e8   0x0800b1e8   0x00000050   Code   RO         5585    i.norflash_read_id  norflash.o
    0x0800b238   0x0800b238   0x0000005c   Code   RO         5586    i.norflash_read_sr  norflash.o
    0x0800b294   0x0800b294   0x00000034   Code   RO         5587    i.norflash_send_address  norflash.o
    0x0800b2c8   0x0800b2c8   0x00000014   Code   RO         5588    i.norflash_wait_busy  norflash.o
    0x0800b2dc   0x0800b2dc   0x000000b8   Code   RO         5589    i.norflash_write    norflash.o
    0x0800b394   0x0800b394   0x0000002c   Code   RO         5590    i.norflash_write_enable  norflash.o
    0x0800b3c0   0x0800b3c0   0x00000046   Code   RO         5591    i.norflash_write_nocheck  norflash.o
    0x0800b406   0x0800b406   0x00000002   PAD
    0x0800b408   0x0800b408   0x00000058   Code   RO         5592    i.norflash_write_page  norflash.o
    0x0800b460   0x0800b460   0x00000058   Code   RO         5593    i.norflash_write_sr  norflash.o
    0x0800b4b8   0x0800b4b8   0x0000008c   Code   RO         8461    i.pick_lfn          ff.o
    0x0800b544   0x0800b544   0x000000d4   Code   RO         6207    i.prvAddCurrentTaskToDelayedList  tasks.o
    0x0800b618   0x0800b618   0x000000f8   Code   RO         6208    i.prvAddNewTaskToReadyList  tasks.o
    0x0800b710   0x0800b710   0x00000064   Code   RO         6677    i.prvCheckForValidListAndQueue  timers.o
    0x0800b774   0x0800b774   0x00000048   Code   RO         6209    i.prvCheckTasksWaitingTermination  tasks.o
    0x0800b7bc   0x0800b7bc   0x0000002a   Code   RO         5930    i.prvCopyDataFromQueue  queue.o
    0x0800b7e6   0x0800b7e6   0x0000007e   Code   RO         5931    i.prvCopyDataToQueue  queue.o
    0x0800b864   0x0800b864   0x00000068   Code   RO         6210    i.prvCreateIdleTasks  tasks.o
    0x0800b8cc   0x0800b8cc   0x0000005a   Code   RO         6211    i.prvCreateTask     tasks.o
    0x0800b926   0x0800b926   0x00000012   Code   RO         6212    i.prvDeleteTCB      tasks.o
    0x0800b938   0x0800b938   0x00000028   Code   RO         6678    i.prvGetNextExpireTime  timers.o
    0x0800b960   0x0800b960   0x0000006c   Code   RO         6869    i.prvHeapInit       heap_4.o
    0x0800b9cc   0x0800b9cc   0x00000028   Code   RO         6213    i.prvIdleTask       tasks.o
    0x0800b9f4   0x0800b9f4   0x0000002e   Code   RO         5934    i.prvInitialiseNewQueue  queue.o
    0x0800ba22   0x0800ba22   0x00000002   PAD
    0x0800ba24   0x0800ba24   0x000000ec   Code   RO         6214    i.prvInitialiseNewTask  tasks.o
    0x0800bb10   0x0800bb10   0x00000068   Code   RO         6215    i.prvInitialiseTaskLists  tasks.o
    0x0800bb78   0x0800bb78   0x000000e0   Code   RO         6870    i.prvInsertBlockIntoFreeList  heap_4.o
    0x0800bc58   0x0800bc58   0x00000058   Code   RO         6680    i.prvInsertTimerInActiveList  timers.o
    0x0800bcb0   0x0800bcb0   0x0000001a   Code   RO         5935    i.prvIsQueueEmpty   queue.o
    0x0800bcca   0x0800bcca   0x00000002   PAD
    0x0800bccc   0x0800bccc   0x000000d0   Code   RO         5937    i.prvNotifyQueueSetContainer  queue.o
    0x0800bd9c   0x0800bd9c   0x00000044   Code   RO         6681    i.prvProcessExpiredTimer  timers.o
    0x0800bde0   0x0800bde0   0x00000174   Code   RO         6682    i.prvProcessReceivedCommands  timers.o
    0x0800bf54   0x0800bf54   0x00000074   Code   RO         6683    i.prvProcessTimerOrBlockTask  timers.o
    0x0800bfc8   0x0800bfc8   0x00000028   Code   RO         6684    i.prvReloadTimer    timers.o
    0x0800bff0   0x0800bff0   0x00000030   Code   RO         6217    i.prvResetNextTaskUnblockTime  tasks.o
    0x0800c020   0x0800c020   0x0000002c   Code   RO         6685    i.prvSampleTimeNow  timers.o
    0x0800c04c   0x0800c04c   0x00000044   Code   RO         6686    i.prvSwitchTimerLists  timers.o
    0x0800c090   0x0800c090   0x00000080   Code   RO         6949    i.prvTaskExitError  port.o
    0x0800c110   0x0800c110   0x0000001a   Code   RO         6687    i.prvTimerTask      timers.o
    0x0800c12a   0x0800c12a   0x00000090   Code   RO         5938    i.prvUnlockQueue    queue.o
    0x0800c1ba   0x0800c1ba   0x00000144   Code   RO         8462    i.put_fat           ff.o
    0x0800c2fe   0x0800c2fe   0x00000002   PAD
    0x0800c300   0x0800c300   0x00000080   Code   RO         8463    i.put_lfn           ff.o
    0x0800c380   0x0800c380   0x00000200   Code   RO         6872    i.pvPortMalloc      heap_4.o
    0x0800c580   0x0800c580   0x0000002c   Code   RO         6950    i.pxPortInitialiseStack  port.o
    0x0800c5ac   0x0800c5ac   0x0000014a   Code   RO         8468    i.remove_chain      ff.o
    0x0800c6f6   0x0800c6f6   0x00000002   PAD
    0x0800c6f8   0x0800c6f8   0x00000054   Code   RO         5496    i.sd_init           sdio_sdcard.o
    0x0800c74c   0x0800c74c   0x00000050   Code   RO         5497    i.sd_read_disk      sdio_sdcard.o
    0x0800c79c   0x0800c79c   0x00000050   Code   RO         5500    i.sd_write_disk     sdio_sdcard.o
    0x0800c7ec   0x0800c7ec   0x0000015c   Code   RO         5501    i.show_sdcard_info  sdio_sdcard.o
    0x0800c948   0x0800c948   0x00000080   Code   RO         5681    i.spi1_init         spi.o
    0x0800c9c8   0x0800c9c8   0x00000020   Code   RO         5682    i.spi1_read_write_byte  spi.o
    0x0800c9e8   0x0800c9e8   0x00000048   Code   RO         5683    i.spi1_set_speed    spi.o
    0x0800ca30   0x0800ca30   0x000001f0   Code   RO         5360    i.sram_init         sram.o
    0x0800cc20   0x0800cc20   0x00000024   Code   RO         8469    i.st_clust          ff.o
    0x0800cc44   0x0800cc44   0x00000018   Code   RO         8470    i.st_dword          ff.o
    0x0800cc5c   0x0800cc5c   0x0000005c   Code   RO         8471    i.st_qword          ff.o
    0x0800ccb8   0x0800ccb8   0x0000000c   Code   RO         8472    i.st_word           ff.o
    0x0800ccc4   0x0800ccc4   0x00000158   Code   RO          440    i.start_task        freertos_demo.o
    0x0800ce1c   0x0800ce1c   0x00000072   Code   RO         8473    i.store_xdir        ff.o
    0x0800ce8e   0x0800ce8e   0x00000020   Code   RO         8474    i.sum_sfn           ff.o
    0x0800ceae   0x0800ceae   0x00000002   PAD
    0x0800ceb0   0x0800ceb0   0x000000fc   Code   RO         8475    i.sync_fs           ff.o
    0x0800cfac   0x0800cfac   0x0000004a   Code   RO         8476    i.sync_window       ff.o
    0x0800cff6   0x0800cff6   0x00000002   PAD
    0x0800cff8   0x0800cff8   0x000000cc   Code   RO          642    i.sys_stm32_clock_init  sys.o
    0x0800d0c4   0x0800d0c4   0x0000016c   Code   RO          443    i.task_fatfs        freertos_demo.o
    0x0800d230   0x0800d230   0x00000150   Code   RO          445    i.task_usbd         freertos_demo.o
    0x0800d380   0x0800d380   0x0000004c   Code   RO         8477    i.tchar2uni         ff.o
    0x0800d3cc   0x0800d3cc   0x00000038   Code   RO          726    i.usart_init        usart.o
    0x0800d404   0x0800d404   0x00000028   Code   RO         5878    i.uxListRemove      list.o
    0x0800d42c   0x0800d42c   0x0000000c   Code   RO         6228    i.uxTaskGetNumberOfTasks  tasks.o
    0x0800d438   0x0800d438   0x0000001a   Code   RO         5879    i.vListInitialise   list.o
    0x0800d452   0x0800d452   0x00000006   Code   RO         5880    i.vListInitialiseItem  list.o
    0x0800d458   0x0800d458   0x00000034   Code   RO         5881    i.vListInsert       list.o
    0x0800d48c   0x0800d48c   0x00000018   Code   RO         5882    i.vListInsertEnd    list.o
    0x0800d4a4   0x0800d4a4   0x00000098   Code   RO         6952    i.vPortEnterCritical  port.o
    0x0800d53c   0x0800d53c   0x00000080   Code   RO         6953    i.vPortExitCritical  port.o
    0x0800d5bc   0x0800d5bc   0x000000e8   Code   RO         6873    i.vPortFree         heap_4.o
    0x0800d6a4   0x0800d6a4   0x00000028   Code   RO         6954    i.vPortSetupTimerInterrupt  port.o
    0x0800d6cc   0x0800d6cc   0x0000008c   Code   RO         5946    i.vQueueAddToRegistry  queue.o
    0x0800d758   0x0800d758   0x0000004a   Code   RO         5950    i.vQueueWaitForMessageRestricted  queue.o
    0x0800d7a2   0x0800d7a2   0x00000002   PAD
    0x0800d7a4   0x0800d7a4   0x00000084   Code   RO         6235    i.vTaskDelay        tasks.o
    0x0800d828   0x0800d828   0x0000013c   Code   RO         6236    i.vTaskDelete       tasks.o
    0x0800d964   0x0800d964   0x00000018   Code   RO         6240    i.vTaskInternalSetTimeOutState  tasks.o
    0x0800d97c   0x0800d97c   0x0000000c   Code   RO         6242    i.vTaskMissedYield  tasks.o
    0x0800d988   0x0800d988   0x00000064   Code   RO         6243    i.vTaskPlaceOnEventList  tasks.o
    0x0800d9ec   0x0800d9ec   0x00000090   Code   RO         6244    i.vTaskPlaceOnEventListRestricted  tasks.o
    0x0800da7c   0x0800da7c   0x000000a4   Code   RO         6253    i.vTaskStartScheduler  tasks.o
    0x0800db20   0x0800db20   0x00000010   Code   RO         6255    i.vTaskSuspendAll   tasks.o
    0x0800db30   0x0800db30   0x000000c0   Code   RO         6256    i.vTaskSwitchContext  tasks.o
    0x0800dbf0   0x0800dbf0   0x0000003c   Code   RO         8478    i.validate          ff.o
    0x0800dc2c   0x0800dc2c   0x0000018c   Code   RO         6956    i.xPortStartScheduler  port.o
    0x0800ddb8   0x0800ddb8   0x00000034   Code   RO         6957    i.xPortSysTickHandler  port.o
    0x0800ddec   0x0800ddec   0x00000090   Code   RO         5955    i.xQueueGenericCreate  queue.o
    0x0800de7c   0x0800de7c   0x000000fc   Code   RO         5956    i.xQueueGenericReset  queue.o
    0x0800df78   0x0800df78   0x00000180   Code   RO         5965    i.xQueueReceive     queue.o
    0x0800e0f8   0x0800e0f8   0x000000cc   Code   RO         6259    i.xTaskCheckForTimeOut  tasks.o
    0x0800e1c4   0x0800e1c4   0x00000038   Code   RO         6260    i.xTaskCreate       tasks.o
    0x0800e1fc   0x0800e1fc   0x00000020   Code   RO         6271    i.xTaskGetSchedulerState  tasks.o
    0x0800e21c   0x0800e21c   0x0000000c   Code   RO         6272    i.xTaskGetTickCount  tasks.o
    0x0800e228   0x0800e228   0x000001f8   Code   RO         6274    i.xTaskIncrementTick  tasks.o
    0x0800e420   0x0800e420   0x00000118   Code   RO         6275    i.xTaskPriorityDisinherit  tasks.o
    0x0800e538   0x0800e538   0x0000015c   Code   RO         6277    i.xTaskRemoveFromEventList  tasks.o
    0x0800e694   0x0800e694   0x000001cc   Code   RO         6278    i.xTaskResumeAll    tasks.o
    0x0800e860   0x0800e860   0x00000080   Code   RO         6696    i.xTimerCreateTimerTask  timers.o
    0x0800e8e0   0x0800e8e0   0x0000003a   Code   RO         8479    i.xdir_sum          ff.o
    0x0800e91a   0x0800e91a   0x0000004c   Code   RO         8480    i.xname_sum         ff.o
    0x0800e966   0x0800e966   0x0000000a   Code   RO         9180    x$fpl$fpinit        fz_wm.l(fpinit.o)
    0x0800e970   0x0800e970   0x00000018   Data   RO          404    .constdata          system_stm32f4xx.o
    0x0800e988   0x0800e988   0x00000024   Data   RO         7051    .constdata          malloc.o
    0x0800e9ac   0x0800e9ac   0x00000048   Data   RO         8041    .constdata          usbd_storage.o
    0x0800e9f4   0x0800e9f4   0x000000cc   Data   RO         8482    .constdata          ff.o
    0x0800eac0   0x0800eac0   0x000003ae   Data   RO         8889    .constdata          ffunicode.o
    0x0800ee6e   0x0800ee6e   0x00000011   Data   RO         8976    .constdata          c_w.l(__printf_flags_ss_wp.o)
    0x0800ee7f   0x0800ee7f   0x00000001   PAD
    0x0800ee80   0x0800ee80   0x00000020   Data   RO         9242    Region$$Table       anon$$obj.o


    Execution Region RW_IRAM1 (Exec base: 0x20000000, Load base: 0x0800eea0, Size: 0x0001ff28, Max: 0x00020000, ABSOLUTE, COMPRESSED[0x000000e0])

    Exec Addr    Load Addr    Size         Type   Attr      Idx    E Section Name        Object

    0x20000000   COMPRESSED   0x00000004   Data   RW          405    .data               system_stm32f4xx.o
    0x20000004   COMPRESSED   0x00000010   Data   RW          446    .data               freertos_demo.o
    0x20000014   COMPRESSED   0x00000008   Data   RW          536    .data               freertos_hadler.o
    0x2000001c   COMPRESSED   0x00000006   Data   RW          589    .data               delay.o
    0x20000022   COMPRESSED   0x00000002   PAD
    0x20000024   COMPRESSED   0x00000007   Data   RW          728    .data               usart.o
    0x2000002b   COMPRESSED   0x00000001   PAD
    0x2000002c   COMPRESSED   0x00000009   Data   RW          823    .data               stm32f4xx_hal.o
    0x20000035   COMPRESSED   0x00000001   Data   RW         5416    .data               key.o
    0x20000036   COMPRESSED   0x00000002   Data   RW         5595    .data               norflash.o
    0x20000038   COMPRESSED   0x00000040   Data   RW         6281    .data               tasks.o
    0x20000078   COMPRESSED   0x00000014   Data   RW         6707    .data               timers.o
    0x2000008c   COMPRESSED   0x0000001c   Data   RW         6880    .data               heap_4.o
    0x200000a8   COMPRESSED   0x0000000c   Data   RW         6958    .data               port.o
    0x200000b4   COMPRESSED   0x00000024   Data   RW         7052    .data               malloc.o
    0x200000d8   COMPRESSED   0x00000001   Data   RW         7134    .data               usbd_ctlreq.o
    0x200000d9   COMPRESSED   0x00000003   PAD
    0x200000dc   COMPRESSED   0x000000a2   Data   RW         7445    .data               usbd_msc.o
    0x2000017e   COMPRESSED   0x00000040   Data   RW         7604    .data               usbd_msc_data.o
    0x200001be   COMPRESSED   0x00000001   Data   RW         7786    .data               usbd_conf.o
    0x200001bf   COMPRESSED   0x00000001   PAD
    0x200001c0   COMPRESSED   0x0000004e   Data   RW         7967    .data               usbd_desc.o
    0x2000020e   COMPRESSED   0x00000002   PAD
    0x20000210   COMPRESSED   0x00000024   Data   RW         8042    .data               usbd_storage.o
    0x20000234   COMPRESSED   0x00000008   Data   RW         8115    .data               exfuns_1.o
    0x2000023c   COMPRESSED   0x0000000a   Data   RW         8483    .data               ff.o
    0x20000246   COMPRESSED   0x00000002   PAD
    0x20000248        -       0x000002d0   Zero   RW           14    .bss                main.o
    0x20000518        -       0x0000010c   Zero   RW          727    .bss                usart.o
    0x20000624        -       0x00000050   Zero   RW         5365    .bss                sram.o
    0x20000674        -       0x00000048   Zero   RW         5449    .bss                btim.o
    0x200006bc        -       0x000000a4   Zero   RW         5502    .bss                sdio_sdcard.o
    0x20000760        -       0x00001000   Zero   RW         5594    .bss                norflash.o
    0x20001760        -       0x00000058   Zero   RW         5684    .bss                spi.o
    0x200017b8        -       0x00000040   Zero   RW         5972    .bss                queue.o
    0x200017f8        -       0x000002e4   Zero   RW         6280    .bss                tasks.o
    0x20001adc        -       0x00000028   Zero   RW         6706    .bss                timers.o
    0x20001b04        -       0x00003000   Zero   RW         6879    .bss                heap_4.o
    0x20004b04   COMPRESSED   0x0000003c   PAD
    0x20004b40        -       0x0001a900   Zero   RW         7050    .bss                malloc.o
    0x2001f440        -       0x00000408   Zero   RW         7785    .bss                usbd_conf.o
    0x2001f848        -       0x00000100   Zero   RW         7966    .bss                usbd_desc.o
    0x2001f948        -       0x00000180   Zero   RW         8208    .bss                fattester.o
    0x2001fac8        -       0x00000060   Zero   RW         9109    .bss                c_w.l(libspace.o)
    0x2001fb28        -       0x00000000   Zero   RW            2    HEAP                startup_stm32f407xx.o
    0x2001fb28        -       0x00000400   Zero   RW            1    STACK               startup_stm32f407xx.o



  Load Region LR$$.ARM.__AT_0x10000000 (Base: 0x10000000, Size: 0x00000000, Max: 0x00000400, ABSOLUTE)

    Execution Region ER$$.ARM.__AT_0x10000000 (Exec base: 0x10000000, Load base: 0x10000000, Size: 0x00000400, Max: 0x00000400, ABSOLUTE, UNINIT)

    Exec Addr    Load Addr    Size         Type   Attr      Idx    E Section Name        Object

    0x10000000        -       0x00000400   Zero   RW         7046    .ARM.__AT_0x10000000  malloc.o



  Load Region LR$$.ARM.__AT_0x10000400 (Base: 0x10000400, Size: 0x00000000, Max: 0x00000040, ABSOLUTE)

    Execution Region ER$$.ARM.__AT_0x10000400 (Exec base: 0x10000400, Load base: 0x10000400, Size: 0x00000040, Max: 0x00000040, ABSOLUTE, UNINIT)

    Exec Addr    Load Addr    Size         Type   Attr      Idx    E Section Name        Object

    0x10000400        -       0x00000040   Zero   RW         7047    .ARM.__AT_0x10000400  malloc.o



  Load Region LR$$.ARM.__AT_0x68000000 (Base: 0x68000000, Size: 0x00000000, Max: 0x00000400, ABSOLUTE)

    Execution Region ER$$.ARM.__AT_0x68000000 (Exec base: 0x68000000, Load base: 0x68000000, Size: 0x00000400, Max: 0x00000400, ABSOLUTE, UNINIT)

    Exec Addr    Load Addr    Size         Type   Attr      Idx    E Section Name        Object

    0x68000000        -       0x00000400   Zero   RW         7048    .ARM.__AT_0x68000000  malloc.o



  Load Region LR$$.ARM.__AT_0x68000400 (Base: 0x68000400, Size: 0x00000000, Max: 0x00000040, ABSOLUTE)

    Execution Region ER$$.ARM.__AT_0x68000400 (Exec base: 0x68000400, Load base: 0x68000400, Size: 0x00000040, Max: 0x00000040, ABSOLUTE, UNINIT)

    Exec Addr    Load Addr    Size         Type   Attr      Idx    E Section Name        Object

    0x68000400        -       0x00000040   Zero   RW         7049    .ARM.__AT_0x68000400  malloc.o


==============================================================================

Image component sizes


      Code (inc. data)   RO Data    RW Data    ZI Data      Debug   Object Name

        52         16          0          0         72       1665   btim.o
       178          8          0          6          0       3153   delay.o
       430          4          0          0          0       5378   diskio.o
         0          0          0          0          0      15468   event_groups.o
        68          4          0          8          0       1645   exfuns_1.o
        96         12          0          0        384       1852   fattester.o
     10642        114        204         10          0      72413   ff.o
        32          0          0          0          0       1697   ffsystem.o
       284         32        942          0          0       5504   ffunicode.o
      1116        448          0         16          0      10395   freertos_demo.o
         0          0          0          8          0        326   freertos_hadler.o
      1076        298          0         28      12288       5351   heap_4.o
       460         28          0          1          0       1818   key.o
       156         12          0          0          0        951   led.o
       148          0          0          0          0       3486   list.o
        78          0          0          0        720     761501   main.o
       484         54         36         36     110976       6675   malloc.o
      1058         56          0          2       4096       8668   norflash.o
      1130        382          0         12          0      10764   port.o
      1586        276          0          0         64      13703   queue.o
      1000        252          0          0        164       5897   sdio_sdcard.o
       420         36          0          0         88       2999   spi.o
       496         30          0          0         80       1617   sram.o
        76         28        392          0       1024        992   startup_stm32f407xx.o
       174         34          0          9          0       9910   stm32f4xx_hal.o
       344         22          0          0          0      35185   stm32f4xx_hal_cortex.o
       210          0          0          0          0       1999   stm32f4xx_hal_dma.o
       564         46          0          0          0       3500   stm32f4xx_hal_gpio.o
      3296         14          0          0          0      13816   stm32f4xx_hal_pcd.o
        90          0          0          0          0       2489   stm32f4xx_hal_pcd_ex.o
      1820         84          0          0          0       5712   stm32f4xx_hal_rcc.o
      3320         34          0          0          0      14388   stm32f4xx_hal_sd.o
      1268         14          0          0          0       4889   stm32f4xx_hal_spi.o
        90          0          0          0          0       1811   stm32f4xx_hal_sram.o
       414          0          0          0          0       3730   stm32f4xx_hal_tim.o
         4          0          0          0          0       1609   stm32f4xx_hal_tim_ex.o
      1816         16          0          0          0      10644   stm32f4xx_hal_uart.o
        20          0          0          0          0       2837   stm32f4xx_it.o
       232         10          0          0          0       2775   stm32f4xx_ll_fsmc.o
      2110         46          0          0          0      24795   stm32f4xx_ll_sdmmc.o
      3790        102          0          0          0      23010   stm32f4xx_ll_usb.o
       204         12          0          0          0       1371   sys.o
        20          6         24          4          0       1375   system_stm32f4xx.o
      4180       1030          0         64        740      38289   tasks.o
      1090        212          0         20         40      11832   timers.o
       528         68          0          7        268       5781   usart.o
      1086        210          0          1       1032      17542   usbd_conf.o
      1112         72          0          0          0      19205   usbd_core.o
      2162         28          0          1          0      17616   usbd_ctlreq.o
       410        146          0         78        256       7350   usbd_desc.o
       134          0          0          0          0       9508   usbd_ioreq.o
       630         24          0        162          0      13282   usbd_msc.o
       876         12          0          0          0       9652   usbd_msc_bot.o
         0          0          0         64          0        965   usbd_msc_data.o
      3768         16          0          0          0      19619   usbd_msc_scsi.o
       402         50         72         36          0       7301   usbd_storage.o

    ----------------------------------------------------------------------
     57308       4398       1702        584     132352    1287705   Object Totals
         0          0         32          0          0          0   (incl. Generated)
        78          0          0         11         60          0   (incl. Padding)

    ----------------------------------------------------------------------

      Code (inc. data)   RO Data    RW Data    ZI Data      Debug   Library Member Name

        24          4          0          0          0         84   __2printf.o
        90          0          0          0          0          0   __dczerorl2.o
         8          0          0          0          0         68   __main.o
       392          4         17          0          0         92   __printf_flags_ss_wp.o
        14          0          0          0          0         68   __printf_wp.o
         0          0          0          0          0          0   __rtentry.o
        12          0          0          0          0          0   __rtentry2.o
         6          0          0          0          0          0   __rtentry4.o
        52          8          0          0          0          0   __scatter.o
        28          0          0          0          0          0   __scatter_zi.o
         6          0          0          0          0          0   _printf_c.o
        44          0          0          0          0        108   _printf_char.o
        48          6          0          0          0         96   _printf_char_common.o
        36          4          0          0          0         80   _printf_char_file.o
         6          0          0          0          0          0   _printf_d.o
       120         16          0          0          0         92   _printf_dec.o
       178          0          0          0          0         88   _printf_intcommon.o
         0          0          0          0          0          0   _printf_percent.o
         4          0          0          0          0          0   _printf_percent_end.o
         6          0          0          0          0          0   _printf_s.o
        82          0          0          0          0         80   _printf_str.o
        16          0          0          0          0         68   aeabi_memset.o
        18          0          0          0          0         80   exit.o
         8          0          0          0          0         68   ferror.o
         6          0          0          0          0        152   heapauxi.o
         2          0          0          0          0          0   libinit.o
         6          0          0          0          0          0   libinit2.o
         2          0          0          0          0          0   libshutdown.o
         2          0          0          0          0          0   libshutdown2.o
         8          4          0          0         96         68   libspace.o
       238          0          0          0          0        100   lludivv7m.o
        88          0          0          0          0         76   memcmp.o
        68          0          0          0          0         68   rt_memclr.o
        78          0          0          0          0         80   rt_memclr_w.o
       138          0          0          0          0         68   rt_memcpy_v6.o
       100          0          0          0          0         80   rt_memcpy_w.o
         2          0          0          0          0          0   rtexit.o
        10          0          0          0          0          0   rtexit2.o
        20          0          0          0          0         68   strchr.o
        74          0          0          0          0         80   sys_stackheap_outer.o
         2          0          0          0          0         68   use_no_semi.o
         2          0          0          0          0         68   use_no_semi_2.o
        10          0          0          0          0        116   fpinit.o

    ----------------------------------------------------------------------
      2060         46         18          0         96       2164   Library Totals
         6          0          1          0          0          0   (incl. Padding)

    ----------------------------------------------------------------------

      Code (inc. data)   RO Data    RW Data    ZI Data      Debug   Library Name

      2044         46         17          0         96       2048   c_w.l
        10          0          0          0          0        116   fz_wm.l

    ----------------------------------------------------------------------
      2060         46         18          0         96       2164   Library Totals

    ----------------------------------------------------------------------

==============================================================================


      Code (inc. data)   RO Data    RW Data    ZI Data      Debug   

     59368       4444       1720        584     132448    1242777   Grand Totals
     59368       4444       1720        224     132448    1242777   ELF Image Totals (compressed)
     59368       4444       1720        224          0          0   ROM Totals

==============================================================================

    Total RO  Size (Code + RO Data)                61088 (  59.66kB)
    Total RW  Size (RW Data + ZI Data)            133032 ( 129.91kB)
    Total ROM Size (Code + RO Data + RW Data)      61312 (  59.88kB)

==============================================================================

